<?xml version="1.0" encoding="ISO-8859-1" ?>
<link_info>
   <banner>TI ARM Clang Linker PC v2.1.0.LTS</banner>
   <copyright>Copyright (c) 1996-2018 Texas Instruments Incorporated</copyright>
   <link_time>0x6348f641</link_time>
   <link_errors>0x0</link_errors>
   <output_file>rcp_LP_CC2652RB_tirtos7_ticlang.out</output_file>
   <entry_point>
      <name>ResetISR</name>
      <address>0x112d3</address>
   </entry_point>
   <input_file_list>
      <input_file id="fl-1">
         <path>.\</path>
         <kind>object</kind>
         <file>main.o</file>
         <name>main.o</name>
      </input_file>
      <input_file id="fl-2">
         <path>.\</path>
         <kind>object</kind>
         <file>otstack.o</file>
         <name>otstack.o</name>
      </input_file>
      <input_file id="fl-3">
         <path>.\</path>
         <kind>object</kind>
         <file>rcp.o</file>
         <name>rcp.o</name>
      </input_file>
      <input_file id="fl-4">
         <path>.\syscfg\</path>
         <kind>object</kind>
         <file>tiop_config.o</file>
         <name>tiop_config.o</name>
      </input_file>
      <input_file id="fl-5">
         <path>.\syscfg\</path>
         <kind>object</kind>
         <file>ti_devices_config.o</file>
         <name>ti_devices_config.o</name>
      </input_file>
      <input_file id="fl-6">
         <path>.\syscfg\</path>
         <kind>object</kind>
         <file>ti_radio_config.o</file>
         <name>ti_radio_config.o</name>
      </input_file>
      <input_file id="fl-7">
         <path>.\syscfg\</path>
         <kind>object</kind>
         <file>ti_drivers_config.o</file>
         <name>ti_drivers_config.o</name>
      </input_file>
      <input_file id="fl-8">
         <path>.\syscfg\</path>
         <kind>object</kind>
         <file>ti_sysbios_config.o</file>
         <name>ti_sysbios_config.o</name>
      </input_file>
      <input_file id="fl-9">
         <path>.\otsupport\</path>
         <kind>object</kind>
         <file>otrtosapi.o</file>
         <name>otrtosapi.o</name>
      </input_file>
      <input_file id="fl-a">
         <path>.\platform\</path>
         <kind>object</kind>
         <file>alarm.o</file>
         <name>alarm.o</name>
      </input_file>
      <input_file id="fl-b">
         <path>.\platform\</path>
         <kind>object</kind>
         <file>alarm_micro.o</file>
         <name>alarm_micro.o</name>
      </input_file>
      <input_file id="fl-c">
         <path>.\platform\</path>
         <kind>object</kind>
         <file>diag.o</file>
         <name>diag.o</name>
      </input_file>
      <input_file id="fl-d">
         <path>.\platform\</path>
         <kind>object</kind>
         <file>entropy.o</file>
         <name>entropy.o</name>
      </input_file>
      <input_file id="fl-e">
         <path>.\platform\</path>
         <kind>object</kind>
         <file>misc.o</file>
         <name>misc.o</name>
      </input_file>
      <input_file id="fl-f">
         <path>.\platform\</path>
         <kind>object</kind>
         <file>ncp.o</file>
         <name>ncp.o</name>
      </input_file>
      <input_file id="fl-10">
         <path>.\platform\</path>
         <kind>object</kind>
         <file>radio.o</file>
         <name>radio.o</name>
      </input_file>
      <input_file id="fl-11">
         <path>.\platform\</path>
         <kind>object</kind>
         <file>settings.o</file>
         <name>settings.o</name>
      </input_file>
      <input_file id="fl-12">
         <path>.\platform\</path>
         <kind>object</kind>
         <file>spi_periph.o</file>
         <name>spi_periph.o</name>
      </input_file>
      <input_file id="fl-13">
         <path>.\platform\</path>
         <kind>object</kind>
         <file>system.o</file>
         <name>system.o</name>
      </input_file>
      <input_file id="fl-14">
         <path>.\platform\</path>
         <kind>object</kind>
         <file>uart.o</file>
         <name>uart.o</name>
      </input_file>
      <input_file id="fl-15">
         <path>.\platform\crypto\</path>
         <kind>object</kind>
         <file>aes_alt.o</file>
         <name>aes_alt.o</name>
      </input_file>
      <input_file id="fl-16">
         <path>.\platform\crypto\</path>
         <kind>object</kind>
         <file>crypto_misc.o</file>
         <name>crypto_misc.o</name>
      </input_file>
      <input_file id="fl-17">
         <path>.\platform\crypto\</path>
         <kind>object</kind>
         <file>ecjpake_alt.o</file>
         <name>ecjpake_alt.o</name>
      </input_file>
      <input_file id="fl-18">
         <path>.\platform\crypto\</path>
         <kind>object</kind>
         <file>sha256_alt.o</file>
         <name>sha256_alt.o</name>
      </input_file>
      <input_file id="fl-19">
         <path>.\platform\nv\</path>
         <kind>object</kind>
         <file>crc.o</file>
         <name>crc.o</name>
      </input_file>
      <input_file id="fl-1a">
         <path>.\platform\nv\</path>
         <kind>object</kind>
         <file>nvocmp.o</file>
         <name>nvocmp.o</name>
      </input_file>
      <input_file id="fl-32">
         <kind>object</kind>
         <file>&lt;internal&gt;</file>
         <name>&lt;internal&gt;</name>
      </input_file>
      <input_file id="fl-33">
         <path>C:\Users\Edward\workspace_v12\libopenthread_rcp_cc13x2_26x2_ticlang\OptimizeSize\</path>
         <kind>archive</kind>
         <file>libopenthread_rcp.a</file>
         <name>ncp_base.o</name>
      </input_file>
      <input_file id="fl-34">
         <path>C:\Users\Edward\workspace_v12\libopenthread_rcp_cc13x2_26x2_ticlang\OptimizeSize\</path>
         <kind>archive</kind>
         <file>libopenthread_rcp.a</file>
         <name>ncp_base_dispatcher.o</name>
      </input_file>
      <input_file id="fl-35">
         <path>C:\Users\Edward\workspace_v12\libopenthread_rcp_cc13x2_26x2_ticlang\OptimizeSize\</path>
         <kind>archive</kind>
         <file>libopenthread_rcp.a</file>
         <name>ncp_base_radio.o</name>
      </input_file>
      <input_file id="fl-36">
         <path>C:\Users\Edward\workspace_v12\libopenthread_rcp_cc13x2_26x2_ticlang\OptimizeSize\</path>
         <kind>archive</kind>
         <file>libopenthread_rcp.a</file>
         <name>ncp_hdlc.o</name>
      </input_file>
      <input_file id="fl-37">
         <path>C:\Users\Edward\workspace_v12\libopenthread_rcp_cc13x2_26x2_ticlang\OptimizeSize\</path>
         <kind>archive</kind>
         <file>libopenthread_rcp.a</file>
         <name>hdlc.o</name>
      </input_file>
      <input_file id="fl-38">
         <path>C:\Users\Edward\workspace_v12\libopenthread_rcp_cc13x2_26x2_ticlang\OptimizeSize\</path>
         <kind>archive</kind>
         <file>libopenthread_rcp.a</file>
         <name>spinel_buffer.o</name>
      </input_file>
      <input_file id="fl-39">
         <path>C:\Users\Edward\workspace_v12\libopenthread_rcp_cc13x2_26x2_ticlang\OptimizeSize\</path>
         <kind>archive</kind>
         <file>libopenthread_rcp.a</file>
         <name>spinel_decoder.o</name>
      </input_file>
      <input_file id="fl-3a">
         <path>C:\Users\Edward\workspace_v12\libopenthread_rcp_cc13x2_26x2_ticlang\OptimizeSize\</path>
         <kind>archive</kind>
         <file>libopenthread_rcp.a</file>
         <name>spinel_encoder.o</name>
      </input_file>
      <input_file id="fl-3b">
         <path>C:\Users\Edward\workspace_v12\libopenthread_rcp_cc13x2_26x2_ticlang\OptimizeSize\</path>
         <kind>archive</kind>
         <file>libopenthread_rcp.a</file>
         <name>changed_props_set.o</name>
      </input_file>
      <input_file id="fl-3c">
         <path>C:\Users\Edward\workspace_v12\libopenthread_rcp_cc13x2_26x2_ticlang\OptimizeSize\</path>
         <kind>archive</kind>
         <file>libopenthread_rcp.a</file>
         <name>spinel.o</name>
      </input_file>
      <input_file id="fl-3d">
         <path>C:\Users\Edward\workspace_v12\libopenthread_radio_cc13x2_26x2_ticlang\OptimizeSize\</path>
         <kind>archive</kind>
         <file>libopenthread_radio.a</file>
         <name>diags_api.o</name>
      </input_file>
      <input_file id="fl-3e">
         <path>C:\Users\Edward\workspace_v12\libopenthread_radio_cc13x2_26x2_ticlang\OptimizeSize\</path>
         <kind>archive</kind>
         <file>libopenthread_radio.a</file>
         <name>instance_api.o</name>
      </input_file>
      <input_file id="fl-3f">
         <path>C:\Users\Edward\workspace_v12\libopenthread_radio_cc13x2_26x2_ticlang\OptimizeSize\</path>
         <kind>archive</kind>
         <file>libopenthread_radio.a</file>
         <name>link_raw_api.o</name>
      </input_file>
      <input_file id="fl-40">
         <path>C:\Users\Edward\workspace_v12\libopenthread_radio_cc13x2_26x2_ticlang\OptimizeSize\</path>
         <kind>archive</kind>
         <file>libopenthread_radio.a</file>
         <name>logging_api.o</name>
      </input_file>
      <input_file id="fl-41">
         <path>C:\Users\Edward\workspace_v12\libopenthread_radio_cc13x2_26x2_ticlang\OptimizeSize\</path>
         <kind>archive</kind>
         <file>libopenthread_radio.a</file>
         <name>tasklet_api.o</name>
      </input_file>
      <input_file id="fl-42">
         <path>C:\Users\Edward\workspace_v12\libopenthread_radio_cc13x2_26x2_ticlang\OptimizeSize\</path>
         <kind>archive</kind>
         <file>libopenthread_radio.a</file>
         <name>instance.o</name>
      </input_file>
      <input_file id="fl-43">
         <path>C:\Users\Edward\workspace_v12\libopenthread_radio_cc13x2_26x2_ticlang\OptimizeSize\</path>
         <kind>archive</kind>
         <file>libopenthread_radio.a</file>
         <name>log.o</name>
      </input_file>
      <input_file id="fl-44">
         <path>C:\Users\Edward\workspace_v12\libopenthread_radio_cc13x2_26x2_ticlang\OptimizeSize\</path>
         <kind>archive</kind>
         <file>libopenthread_radio.a</file>
         <name>random.o</name>
      </input_file>
      <input_file id="fl-45">
         <path>C:\Users\Edward\workspace_v12\libopenthread_radio_cc13x2_26x2_ticlang\OptimizeSize\</path>
         <kind>archive</kind>
         <file>libopenthread_radio.a</file>
         <name>string.o</name>
      </input_file>
      <input_file id="fl-46">
         <path>C:\Users\Edward\workspace_v12\libopenthread_radio_cc13x2_26x2_ticlang\OptimizeSize\</path>
         <kind>archive</kind>
         <file>libopenthread_radio.a</file>
         <name>tasklet.o</name>
      </input_file>
      <input_file id="fl-47">
         <path>C:\Users\Edward\workspace_v12\libopenthread_radio_cc13x2_26x2_ticlang\OptimizeSize\</path>
         <kind>archive</kind>
         <file>libopenthread_radio.a</file>
         <name>timer.o</name>
      </input_file>
      <input_file id="fl-48">
         <path>C:\Users\Edward\workspace_v12\libopenthread_radio_cc13x2_26x2_ticlang\OptimizeSize\</path>
         <kind>archive</kind>
         <file>libopenthread_radio.a</file>
         <name>factory_diags.o</name>
      </input_file>
      <input_file id="fl-49">
         <path>C:\Users\Edward\workspace_v12\libopenthread_radio_cc13x2_26x2_ticlang\OptimizeSize\</path>
         <kind>archive</kind>
         <file>libopenthread_radio.a</file>
         <name>link_raw.o</name>
      </input_file>
      <input_file id="fl-4a">
         <path>C:\Users\Edward\workspace_v12\libopenthread_radio_cc13x2_26x2_ticlang\OptimizeSize\</path>
         <kind>archive</kind>
         <file>libopenthread_radio.a</file>
         <name>mac_frame.o</name>
      </input_file>
      <input_file id="fl-4b">
         <path>C:\Users\Edward\workspace_v12\libopenthread_radio_cc13x2_26x2_ticlang\OptimizeSize\</path>
         <kind>archive</kind>
         <file>libopenthread_radio.a</file>
         <name>mac_types.o</name>
      </input_file>
      <input_file id="fl-4c">
         <path>C:\Users\Edward\workspace_v12\libopenthread_radio_cc13x2_26x2_ticlang\OptimizeSize\</path>
         <kind>archive</kind>
         <file>libopenthread_radio.a</file>
         <name>sub_mac.o</name>
      </input_file>
      <input_file id="fl-4d">
         <path>C:\Users\Edward\workspace_v12\libopenthread_radio_cc13x2_26x2_ticlang\OptimizeSize\</path>
         <kind>archive</kind>
         <file>libopenthread_radio.a</file>
         <name>sub_mac_callbacks.o</name>
      </input_file>
      <input_file id="fl-4e">
         <path>C:\Users\Edward\workspace_v12\libopenthread_radio_cc13x2_26x2_ticlang\OptimizeSize\</path>
         <kind>archive</kind>
         <file>libopenthread_radio.a</file>
         <name>radio.o</name>
      </input_file>
      <input_file id="fl-4f">
         <path>C:\Users\Edward\workspace_v12\libopenthread_radio_cc13x2_26x2_ticlang\OptimizeSize\</path>
         <kind>archive</kind>
         <file>libopenthread_radio.a</file>
         <name>radio_platform.o</name>
      </input_file>
      <input_file id="fl-50">
         <path>C:\Users\Edward\workspace_v12\libopenthread_radio_cc13x2_26x2_ticlang\OptimizeSize\</path>
         <kind>archive</kind>
         <file>libopenthread_radio.a</file>
         <name>parse_cmdline.o</name>
      </input_file>
      <input_file id="fl-51">
         <path>C:\Users\Edward\workspace_v12\libopenthread_radio_cc13x2_26x2_ticlang\OptimizeSize\</path>
         <kind>archive</kind>
         <file>libopenthread_radio.a</file>
         <name>aes_ccm.o</name>
      </input_file>
      <input_file id="fl-52">
         <path>C:\Users\Edward\workspace_v12\libopenthread_radio_cc13x2_26x2_ticlang\OptimizeSize\</path>
         <kind>archive</kind>
         <file>libopenthread_radio.a</file>
         <name>aes_ecb.o</name>
      </input_file>
      <input_file id="fl-53">
         <path>C:\Users\Edward\workspace_v12\libopenthread_radio_cc13x2_26x2_ticlang\OptimizeSize\</path>
         <kind>archive</kind>
         <file>libopenthread_radio.a</file>
         <name>crypto_platform.o</name>
      </input_file>
      <input_file id="fl-54">
         <path>C:\Users\Edward\workspace_v12\libopenthread_radio_cc13x2_26x2_ticlang\OptimizeSize\</path>
         <kind>archive</kind>
         <file>libopenthread_radio.a</file>
         <name>storage.o</name>
      </input_file>
      <input_file id="fl-55">
         <path>C:\Users\Edward\workspace_v12\libopenthread_radio_cc13x2_26x2_ticlang\OptimizeSize\</path>
         <kind>archive</kind>
         <file>libopenthread_radio.a</file>
         <name>radio_callbacks.o</name>
      </input_file>
      <input_file id="fl-56">
         <path>C:\Users\Edward\workspace_v12\libmbedcrypto_cc13x2_26x2_ticlang\OptimizeSize\</path>
         <kind>archive</kind>
         <file>libmbedcrypto.a</file>
         <name>ecp.o</name>
      </input_file>
      <input_file id="fl-57">
         <path>C:\Users\Edward\workspace_v12\libmbedcrypto_cc13x2_26x2_ticlang\OptimizeSize\</path>
         <kind>archive</kind>
         <file>libmbedcrypto.a</file>
         <name>ecp_curves.o</name>
      </input_file>
      <input_file id="fl-58">
         <path>C:\Users\Edward\workspace_v12\libmbedcrypto_cc13x2_26x2_ticlang\OptimizeSize\</path>
         <kind>archive</kind>
         <file>libmbedcrypto.a</file>
         <name>hmac_drbg.o</name>
      </input_file>
      <input_file id="fl-59">
         <path>C:\Users\Edward\workspace_v12\libmbedcrypto_cc13x2_26x2_ticlang\OptimizeSize\</path>
         <kind>archive</kind>
         <file>libmbedcrypto.a</file>
         <name>md.o</name>
      </input_file>
      <input_file id="fl-5a">
         <path>C:\Users\Edward\workspace_v12\libmbedcrypto_cc13x2_26x2_ticlang\OptimizeSize\</path>
         <kind>archive</kind>
         <file>libmbedcrypto.a</file>
         <name>platform.o</name>
      </input_file>
      <input_file id="fl-5b">
         <path>C:\Users\Edward\workspace_v12\libmbedcrypto_cc13x2_26x2_ticlang\OptimizeSize\</path>
         <kind>archive</kind>
         <file>libmbedcrypto.a</file>
         <name>platform_util.o</name>
      </input_file>
      <input_file id="fl-5c">
         <path>C:\Users\Edward\workspace_v12\libmbedcrypto_cc13x2_26x2_ticlang\OptimizeSize\</path>
         <kind>archive</kind>
         <file>libmbedcrypto.a</file>
         <name>sha256.o</name>
      </input_file>
      <input_file id="fl-5d">
         <path>C:\Users\Edward\workspace_v12\libmbedcrypto_cc13x2_26x2_ticlang\OptimizeSize\</path>
         <kind>archive</kind>
         <file>libmbedcrypto.a</file>
         <name>bignum.o</name>
      </input_file>
      <input_file id="fl-5e">
         <path>C:\Users\Edward\workspace_v12\libmbedcrypto_cc13x2_26x2_ticlang\OptimizeSize\</path>
         <kind>archive</kind>
         <file>libmbedcrypto.a</file>
         <name>constant_time.o</name>
      </input_file>
      <input_file id="fl-5f">
         <path>C:\ti\simplelink_cc13xx_cc26xx_sdk_6_20_00_29\source\ti\display\lib\ticlang\m4f\</path>
         <kind>archive</kind>
         <file>display_cc26x2.a</file>
         <name>DisplayUart2.c.obj</name>
      </input_file>
      <input_file id="fl-60">
         <path>C:\ti\simplelink_cc13xx_cc26xx_sdk_6_20_00_29\source\ti\drivers\rf\lib\ticlang\m4f\</path>
         <kind>archive</kind>
         <file>rf_multiMode_cc26x2.a</file>
         <name>RFCC26X2_multiMode.c.cc26x2.ticlang.o</name>
      </input_file>
      <input_file id="fl-61">
         <path>C:\ti\simplelink_cc13xx_cc26xx_sdk_6_20_00_29\source\ti\drivers\rf\lib\ticlang\m4f\</path>
         <kind>archive</kind>
         <file>rf_multiMode_cc26x2.a</file>
         <name>rfc.c.cc26x2.ticlang.o</name>
      </input_file>
      <input_file id="fl-62">
         <path>C:\ti\simplelink_cc13xx_cc26xx_sdk_6_20_00_29\source\ti\drivers\rf\lib\ticlang\m4f\</path>
         <kind>archive</kind>
         <file>rf_multiMode_cc26x2.a</file>
         <name>rf_patch_cpe_ieee_802_15_4.c.cc26x2.ticlang.o</name>
      </input_file>
      <input_file id="fl-63">
         <path>C:\ti\simplelink_cc13xx_cc26xx_sdk_6_20_00_29\source\ti\drivers\lib\ticlang\m4f\</path>
         <kind>archive</kind>
         <file>drivers_cc26x2.a</file>
         <name>List.c.obj</name>
      </input_file>
      <input_file id="fl-64">
         <path>C:\ti\simplelink_cc13xx_cc26xx_sdk_6_20_00_29\source\ti\drivers\lib\ticlang\m4f\</path>
         <kind>archive</kind>
         <file>drivers_cc26x2.a</file>
         <name>AESECB.c.obj</name>
      </input_file>
      <input_file id="fl-65">
         <path>C:\ti\simplelink_cc13xx_cc26xx_sdk_6_20_00_29\source\ti\drivers\lib\ticlang\m4f\</path>
         <kind>archive</kind>
         <file>drivers_cc26x2.a</file>
         <name>CryptoKeyPlaintext.c.obj</name>
      </input_file>
      <input_file id="fl-66">
         <path>C:\ti\simplelink_cc13xx_cc26xx_sdk_6_20_00_29\source\ti\drivers\lib\ticlang\m4f\</path>
         <kind>archive</kind>
         <file>drivers_cc26x2.a</file>
         <name>GPIO.c.obj</name>
      </input_file>
      <input_file id="fl-67">
         <path>C:\ti\simplelink_cc13xx_cc26xx_sdk_6_20_00_29\source\ti\drivers\lib\ticlang\m4f\</path>
         <kind>archive</kind>
         <file>drivers_cc26x2.a</file>
         <name>GPIOCC26XX.c.obj</name>
      </input_file>
      <input_file id="fl-68">
         <path>C:\ti\simplelink_cc13xx_cc26xx_sdk_6_20_00_29\source\ti\drivers\lib\ticlang\m4f\</path>
         <kind>archive</kind>
         <file>drivers_cc26x2.a</file>
         <name>NVS.c.obj</name>
      </input_file>
      <input_file id="fl-69">
         <path>C:\ti\simplelink_cc13xx_cc26xx_sdk_6_20_00_29\source\ti\drivers\lib\ticlang\m4f\</path>
         <kind>archive</kind>
         <file>drivers_cc26x2.a</file>
         <name>NVSCC26XX.c.obj</name>
      </input_file>
      <input_file id="fl-6a">
         <path>C:\ti\simplelink_cc13xx_cc26xx_sdk_6_20_00_29\source\ti\drivers\lib\ticlang\m4f\</path>
         <kind>archive</kind>
         <file>drivers_cc26x2.a</file>
         <name>PowerCC26X2.c.obj</name>
      </input_file>
      <input_file id="fl-6b">
         <path>C:\ti\simplelink_cc13xx_cc26xx_sdk_6_20_00_29\source\ti\drivers\lib\ticlang\m4f\</path>
         <kind>archive</kind>
         <file>drivers_cc26x2.a</file>
         <name>PowerCC26X2_calibrateRCOSC.c.obj</name>
      </input_file>
      <input_file id="fl-6c">
         <path>C:\ti\simplelink_cc13xx_cc26xx_sdk_6_20_00_29\source\ti\drivers\lib\ticlang\m4f\</path>
         <kind>archive</kind>
         <file>drivers_cc26x2.a</file>
         <name>SHA2.c.obj</name>
      </input_file>
      <input_file id="fl-6d">
         <path>C:\ti\simplelink_cc13xx_cc26xx_sdk_6_20_00_29\source\ti\drivers\lib\ticlang\m4f\</path>
         <kind>archive</kind>
         <file>drivers_cc26x2.a</file>
         <name>SPI.c.obj</name>
      </input_file>
      <input_file id="fl-6e">
         <path>C:\ti\simplelink_cc13xx_cc26xx_sdk_6_20_00_29\source\ti\drivers\lib\ticlang\m4f\</path>
         <kind>archive</kind>
         <file>drivers_cc26x2.a</file>
         <name>TemperatureCC26X2.c.obj</name>
      </input_file>
      <input_file id="fl-6f">
         <path>C:\ti\simplelink_cc13xx_cc26xx_sdk_6_20_00_29\source\ti\drivers\lib\ticlang\m4f\</path>
         <kind>archive</kind>
         <file>drivers_cc26x2.a</file>
         <name>TRNG.c.obj</name>
      </input_file>
      <input_file id="fl-70">
         <path>C:\ti\simplelink_cc13xx_cc26xx_sdk_6_20_00_29\source\ti\drivers\lib\ticlang\m4f\</path>
         <kind>archive</kind>
         <file>drivers_cc26x2.a</file>
         <name>TRNGCC26XX.c.obj</name>
      </input_file>
      <input_file id="fl-71">
         <path>C:\ti\simplelink_cc13xx_cc26xx_sdk_6_20_00_29\source\ti\drivers\lib\ticlang\m4f\</path>
         <kind>archive</kind>
         <file>drivers_cc26x2.a</file>
         <name>UART2.c.obj</name>
      </input_file>
      <input_file id="fl-72">
         <path>C:\ti\simplelink_cc13xx_cc26xx_sdk_6_20_00_29\source\ti\drivers\lib\ticlang\m4f\</path>
         <kind>archive</kind>
         <file>drivers_cc26x2.a</file>
         <name>UART2CC26X2.c.obj</name>
      </input_file>
      <input_file id="fl-73">
         <path>C:\ti\simplelink_cc13xx_cc26xx_sdk_6_20_00_29\source\ti\drivers\lib\ticlang\m4f\</path>
         <kind>archive</kind>
         <file>drivers_cc26x2.a</file>
         <name>AESECBCC26XX.c.obj</name>
      </input_file>
      <input_file id="fl-74">
         <path>C:\ti\simplelink_cc13xx_cc26xx_sdk_6_20_00_29\source\ti\drivers\lib\ticlang\m4f\</path>
         <kind>archive</kind>
         <file>drivers_cc26x2.a</file>
         <name>ECCParamsCC26X2.c.obj</name>
      </input_file>
      <input_file id="fl-75">
         <path>C:\ti\simplelink_cc13xx_cc26xx_sdk_6_20_00_29\source\ti\drivers\lib\ticlang\m4f\</path>
         <kind>archive</kind>
         <file>drivers_cc26x2.a</file>
         <name>ECJPAKE.c.obj</name>
      </input_file>
      <input_file id="fl-76">
         <path>C:\ti\simplelink_cc13xx_cc26xx_sdk_6_20_00_29\source\ti\drivers\lib\ticlang\m4f\</path>
         <kind>archive</kind>
         <file>drivers_cc26x2.a</file>
         <name>ECJPAKECC26X2.c.obj</name>
      </input_file>
      <input_file id="fl-77">
         <path>C:\ti\simplelink_cc13xx_cc26xx_sdk_6_20_00_29\source\ti\drivers\lib\ticlang\m4f\</path>
         <kind>archive</kind>
         <file>drivers_cc26x2.a</file>
         <name>GPIOCC26X2.c.obj</name>
      </input_file>
      <input_file id="fl-78">
         <path>C:\ti\simplelink_cc13xx_cc26xx_sdk_6_20_00_29\source\ti\drivers\lib\ticlang\m4f\</path>
         <kind>archive</kind>
         <file>drivers_cc26x2.a</file>
         <name>PowerCC26X2_calibrateRCOSC_helpers.c.obj</name>
      </input_file>
      <input_file id="fl-79">
         <path>C:\ti\simplelink_cc13xx_cc26xx_sdk_6_20_00_29\source\ti\drivers\lib\ticlang\m4f\</path>
         <kind>archive</kind>
         <file>drivers_cc26x2.a</file>
         <name>PowerCC26X2_helpers.c.obj</name>
      </input_file>
      <input_file id="fl-7a">
         <path>C:\ti\simplelink_cc13xx_cc26xx_sdk_6_20_00_29\source\ti\drivers\lib\ticlang\m4f\</path>
         <kind>archive</kind>
         <file>drivers_cc26x2.a</file>
         <name>SHA2CC26X2.c.obj</name>
      </input_file>
      <input_file id="fl-7b">
         <path>C:\ti\simplelink_cc13xx_cc26xx_sdk_6_20_00_29\source\ti\drivers\lib\ticlang\m4f\</path>
         <kind>archive</kind>
         <file>drivers_cc26x2.a</file>
         <name>SPICC26X2DMA.c.obj</name>
      </input_file>
      <input_file id="fl-7c">
         <path>C:\ti\simplelink_cc13xx_cc26xx_sdk_6_20_00_29\source\ti\drivers\lib\ticlang\m4f\</path>
         <kind>archive</kind>
         <file>drivers_cc26x2.a</file>
         <name>WatchdogCC26XX.c.obj</name>
      </input_file>
      <input_file id="fl-7d">
         <path>C:\ti\simplelink_cc13xx_cc26xx_sdk_6_20_00_29\source\ti\drivers\lib\ticlang\m4f\</path>
         <kind>archive</kind>
         <file>drivers_cc26x2.a</file>
         <name>RingBuf.c.obj</name>
      </input_file>
      <input_file id="fl-7e">
         <path>C:\ti\simplelink_cc13xx_cc26xx_sdk_6_20_00_29\source\ti\drivers\lib\ticlang\m4f\</path>
         <kind>archive</kind>
         <file>drivers_cc26x2.a</file>
         <name>StructRingBuf.c.obj</name>
      </input_file>
      <input_file id="fl-7f">
         <path>C:\ti\simplelink_cc13xx_cc26xx_sdk_6_20_00_29\source\ti\drivers\lib\ticlang\m4f\</path>
         <kind>archive</kind>
         <file>drivers_cc26x2.a</file>
         <name>CryptoResourceCC26XX.c.obj</name>
      </input_file>
      <input_file id="fl-80">
         <path>C:\ti\simplelink_cc13xx_cc26xx_sdk_6_20_00_29\source\ti\drivers\lib\ticlang\m4f\</path>
         <kind>archive</kind>
         <file>drivers_cc26x2.a</file>
         <name>CryptoUtils.c.obj</name>
      </input_file>
      <input_file id="fl-81">
         <path>C:\ti\simplelink_cc13xx_cc26xx_sdk_6_20_00_29\source\ti\drivers\lib\ticlang\m4f\</path>
         <kind>archive</kind>
         <file>drivers_cc26x2.a</file>
         <name>UDMACC26XX.c.obj</name>
      </input_file>
      <input_file id="fl-82">
         <path>C:\ti\simplelink_cc13xx_cc26xx_sdk_6_20_00_29\source\ti\drivers\lib\ticlang\m4f\</path>
         <kind>archive</kind>
         <file>drivers_cc26x2.a</file>
         <name>PKAResourceCC26XX.c.obj</name>
      </input_file>
      <input_file id="fl-83">
         <path>C:\ti\simplelink_cc13xx_cc26xx_sdk_6_20_00_29\kernel\tirtos7\packages\ti\sysbios\lib\ticlang\m4f\</path>
         <kind>archive</kind>
         <file>sysbios.a</file>
         <name>TaskSupport_asm_gnu.obj</name>
      </input_file>
      <input_file id="fl-84">
         <path>C:\ti\simplelink_cc13xx_cc26xx_sdk_6_20_00_29\kernel\tirtos7\packages\ti\sysbios\lib\ticlang\m4f\</path>
         <kind>archive</kind>
         <file>sysbios.a</file>
         <name>Hwi_asm_gnu.obj</name>
      </input_file>
      <input_file id="fl-85">
         <path>C:\ti\simplelink_cc13xx_cc26xx_sdk_6_20_00_29\kernel\tirtos7\packages\ti\sysbios\lib\ticlang\m4f\</path>
         <kind>archive</kind>
         <file>sysbios.a</file>
         <name>Hwi_asm_switch_gnu.obj</name>
      </input_file>
      <input_file id="fl-86">
         <path>C:\ti\simplelink_cc13xx_cc26xx_sdk_6_20_00_29\kernel\tirtos7\packages\ti\sysbios\lib\ticlang\m4f\</path>
         <kind>archive</kind>
         <file>sysbios.a</file>
         <name>boot_cortex_m.obj</name>
      </input_file>
      <input_file id="fl-87">
         <path>C:\ti\simplelink_cc13xx_cc26xx_sdk_6_20_00_29\source\ti\devices\cc13x2_cc26x2\driverlib\bin\ticlang\</path>
         <kind>archive</kind>
         <file>driverlib.lib</file>
         <name>chipinfo.o</name>
      </input_file>
      <input_file id="fl-88">
         <path>C:\ti\simplelink_cc13xx_cc26xx_sdk_6_20_00_29\source\ti\devices\cc13x2_cc26x2\driverlib\bin\ticlang\</path>
         <kind>archive</kind>
         <file>driverlib.lib</file>
         <name>setup.o</name>
      </input_file>
      <input_file id="fl-89">
         <path>C:\ti\simplelink_cc13xx_cc26xx_sdk_6_20_00_29\source\ti\devices\cc13x2_cc26x2\driverlib\bin\ticlang\</path>
         <kind>archive</kind>
         <file>driverlib.lib</file>
         <name>aux_sysif.o</name>
      </input_file>
      <input_file id="fl-8a">
         <path>C:\ti\simplelink_cc13xx_cc26xx_sdk_6_20_00_29\source\ti\devices\cc13x2_cc26x2\driverlib\bin\ticlang\</path>
         <kind>archive</kind>
         <file>driverlib.lib</file>
         <name>flash.o</name>
      </input_file>
      <input_file id="fl-8b">
         <path>C:\ti\simplelink_cc13xx_cc26xx_sdk_6_20_00_29\source\ti\devices\cc13x2_cc26x2\driverlib\bin\ticlang\</path>
         <kind>archive</kind>
         <file>driverlib.lib</file>
         <name>sys_ctrl.o</name>
      </input_file>
      <input_file id="fl-8c">
         <path>C:\ti\simplelink_cc13xx_cc26xx_sdk_6_20_00_29\source\ti\devices\cc13x2_cc26x2\driverlib\bin\ticlang\</path>
         <kind>archive</kind>
         <file>driverlib.lib</file>
         <name>cpu.o</name>
      </input_file>
      <input_file id="fl-8d">
         <path>C:\ti\simplelink_cc13xx_cc26xx_sdk_6_20_00_29\source\ti\devices\cc13x2_cc26x2\driverlib\bin\ticlang\</path>
         <kind>archive</kind>
         <file>driverlib.lib</file>
         <name>aes.o</name>
      </input_file>
      <input_file id="fl-8e">
         <path>C:\ti\simplelink_cc13xx_cc26xx_sdk_6_20_00_29\source\ti\devices\cc13x2_cc26x2\driverlib\bin\ticlang\</path>
         <kind>archive</kind>
         <file>driverlib.lib</file>
         <name>osc.o</name>
      </input_file>
      <input_file id="fl-8f">
         <path>C:\ti\simplelink_cc13xx_cc26xx_sdk_6_20_00_29\source\ti\devices\cc13x2_cc26x2\driverlib\bin\ticlang\</path>
         <kind>archive</kind>
         <file>driverlib.lib</file>
         <name>pka.o</name>
      </input_file>
      <input_file id="fl-90">
         <path>C:\ti\simplelink_cc13xx_cc26xx_sdk_6_20_00_29\source\ti\devices\cc13x2_cc26x2\driverlib\bin\ticlang\</path>
         <kind>archive</kind>
         <file>driverlib.lib</file>
         <name>prcm.o</name>
      </input_file>
      <input_file id="fl-9c">
         <path>C:\ti\ccs1200\ccs\tools\compiler\ti-cgt-armllvm_2.1.0.LTS\lib\armv7em-ti-none-eabihf\c\</path>
         <kind>archive</kind>
         <file>libc.a</file>
         <name>snprintf.c.obj</name>
      </input_file>
      <input_file id="fl-9d">
         <path>C:\ti\ccs1200\ccs\tools\compiler\ti-cgt-armllvm_2.1.0.LTS\lib\armv7em-ti-none-eabihf\c\</path>
         <kind>archive</kind>
         <file>libc.a</file>
         <name>vsnprintf.c.obj</name>
      </input_file>
      <input_file id="fl-9e">
         <path>C:\ti\ccs1200\ccs\tools\compiler\ti-cgt-armllvm_2.1.0.LTS\lib\armv7em-ti-none-eabihf\c\</path>
         <kind>archive</kind>
         <file>libc.a</file>
         <name>aeabi_ctype.S.obj</name>
      </input_file>
      <input_file id="fl-9f">
         <path>C:\ti\ccs1200\ccs\tools\compiler\ti-cgt-armllvm_2.1.0.LTS\lib\armv7em-ti-none-eabihf\c\</path>
         <kind>archive</kind>
         <file>libc.a</file>
         <name>memset_t2.S.obj</name>
      </input_file>
      <input_file id="fl-a0">
         <path>C:\ti\ccs1200\ccs\tools\compiler\ti-cgt-armllvm_2.1.0.LTS\lib\armv7em-ti-none-eabihf\c\</path>
         <kind>archive</kind>
         <file>libc.a</file>
         <name>aeabi_portable.c.obj</name>
      </input_file>
      <input_file id="fl-a1">
         <path>C:\ti\ccs1200\ccs\tools\compiler\ti-cgt-armllvm_2.1.0.LTS\lib\armv7em-ti-none-eabihf\c\</path>
         <kind>archive</kind>
         <file>libc.a</file>
         <name>exit.c.obj</name>
      </input_file>
      <input_file id="fl-a2">
         <path>C:\ti\ccs1200\ccs\tools\compiler\ti-cgt-armllvm_2.1.0.LTS\lib\armv7em-ti-none-eabihf\c\</path>
         <kind>archive</kind>
         <file>libc.a</file>
         <name>_lock.c.obj</name>
      </input_file>
      <input_file id="fl-a3">
         <path>C:\ti\ccs1200\ccs\tools\compiler\ti-cgt-armllvm_2.1.0.LTS\lib\armv7em-ti-none-eabihf\c\</path>
         <kind>archive</kind>
         <file>libc.a</file>
         <name>args_main.c.obj</name>
      </input_file>
      <input_file id="fl-a4">
         <path>C:\ti\ccs1200\ccs\tools\compiler\ti-cgt-armllvm_2.1.0.LTS\lib\armv7em-ti-none-eabihf\c\</path>
         <kind>archive</kind>
         <file>libc.a</file>
         <name>assert.c.obj</name>
      </input_file>
      <input_file id="fl-a5">
         <path>C:\ti\ccs1200\ccs\tools\compiler\ti-cgt-armllvm_2.1.0.LTS\lib\armv7em-ti-none-eabihf\c\</path>
         <kind>archive</kind>
         <file>libc.a</file>
         <name>defs.c.obj</name>
      </input_file>
      <input_file id="fl-a6">
         <path>C:\ti\ccs1200\ccs\tools\compiler\ti-cgt-armllvm_2.1.0.LTS\lib\armv7em-ti-none-eabihf\c\</path>
         <kind>archive</kind>
         <file>libc.a</file>
         <name>strtol.c.obj</name>
      </input_file>
      <input_file id="fl-a7">
         <path>C:\ti\ccs1200\ccs\tools\compiler\ti-cgt-armllvm_2.1.0.LTS\lib\armv7em-ti-none-eabihf\c\</path>
         <kind>archive</kind>
         <file>libc.a</file>
         <name>autoinit.c.obj</name>
      </input_file>
      <input_file id="fl-a8">
         <path>C:\ti\ccs1200\ccs\tools\compiler\ti-cgt-armllvm_2.1.0.LTS\lib\armv7em-ti-none-eabihf\c\</path>
         <kind>archive</kind>
         <file>libc.a</file>
         <name>cpy_tbl.c.obj</name>
      </input_file>
      <input_file id="fl-a9">
         <path>C:\ti\ccs1200\ccs\tools\compiler\ti-cgt-armllvm_2.1.0.LTS\lib\armv7em-ti-none-eabihf\c\</path>
         <kind>archive</kind>
         <file>libc.a</file>
         <name>copy_zero_init.c.obj</name>
      </input_file>
      <input_file id="fl-aa">
         <path>C:\ti\ccs1200\ccs\tools\compiler\ti-cgt-armllvm_2.1.0.LTS\lib\armv7em-ti-none-eabihf\c\</path>
         <kind>archive</kind>
         <file>libc.a</file>
         <name>copy_decompress_none.c.obj</name>
      </input_file>
      <input_file id="fl-ab">
         <path>C:\ti\ccs1200\ccs\tools\compiler\ti-cgt-armllvm_2.1.0.LTS\lib\armv7em-ti-none-eabihf\c\</path>
         <kind>archive</kind>
         <file>libc.a</file>
         <name>copy_decompress_lzss.c.obj</name>
      </input_file>
      <input_file id="fl-ac">
         <path>C:\ti\ccs1200\ccs\tools\compiler\ti-cgt-armllvm_2.1.0.LTS\lib\armv7em-ti-none-eabihf\c\</path>
         <kind>archive</kind>
         <file>libc.a</file>
         <name>_printfi.c.obj</name>
      </input_file>
      <input_file id="fl-ad">
         <path>C:\ti\ccs1200\ccs\tools\compiler\ti-cgt-armllvm_2.1.0.LTS\lib\armv7em-ti-none-eabihf\c\</path>
         <kind>archive</kind>
         <file>libc.a</file>
         <name>sprintf.c.obj</name>
      </input_file>
      <input_file id="fl-ae">
         <path>C:\ti\ccs1200\ccs\tools\compiler\ti-cgt-armllvm_2.1.0.LTS\lib\armv7em-ti-none-eabihf\c\</path>
         <kind>archive</kind>
         <file>libc.a</file>
         <name>fflush.c.obj</name>
      </input_file>
      <input_file id="fl-af">
         <path>C:\ti\ccs1200\ccs\tools\compiler\ti-cgt-armllvm_2.1.0.LTS\lib\armv7em-ti-none-eabihf\c\</path>
         <kind>archive</kind>
         <file>libc.a</file>
         <name>fputs.c.obj</name>
      </input_file>
      <input_file id="fl-b0">
         <path>C:\ti\ccs1200\ccs\tools\compiler\ti-cgt-armllvm_2.1.0.LTS\lib\armv7em-ti-none-eabihf\c\</path>
         <kind>archive</kind>
         <file>libc.a</file>
         <name>_io_perm.c.obj</name>
      </input_file>
      <input_file id="fl-b1">
         <path>C:\ti\ccs1200\ccs\tools\compiler\ti-cgt-armllvm_2.1.0.LTS\lib\armv7em-ti-none-eabihf\c\</path>
         <kind>archive</kind>
         <file>libc.a</file>
         <name>setvbuf.c.obj</name>
      </input_file>
      <input_file id="fl-b2">
         <path>C:\ti\ccs1200\ccs\tools\compiler\ti-cgt-armllvm_2.1.0.LTS\lib\armv7em-ti-none-eabihf\c\</path>
         <kind>archive</kind>
         <file>libc.a</file>
         <name>wcslen.c.obj</name>
      </input_file>
      <input_file id="fl-b3">
         <path>C:\ti\ccs1200\ccs\tools\compiler\ti-cgt-armllvm_2.1.0.LTS\lib\armv7em-ti-none-eabihf\c\</path>
         <kind>archive</kind>
         <file>libc.a</file>
         <name>s_frexp.c.obj</name>
      </input_file>
      <input_file id="fl-b4">
         <path>C:\ti\ccs1200\ccs\tools\compiler\ti-cgt-armllvm_2.1.0.LTS\lib\armv7em-ti-none-eabihf\c\</path>
         <kind>archive</kind>
         <file>libc.a</file>
         <name>s_scalbn.c.obj</name>
      </input_file>
      <input_file id="fl-b5">
         <path>C:\ti\ccs1200\ccs\tools\compiler\ti-cgt-armllvm_2.1.0.LTS\lib\armv7em-ti-none-eabihf\c\</path>
         <kind>archive</kind>
         <file>libc.a</file>
         <name>_ltoa.c.obj</name>
      </input_file>
      <input_file id="fl-b6">
         <path>C:\ti\ccs1200\ccs\tools\compiler\ti-cgt-armllvm_2.1.0.LTS\lib\armv7em-ti-none-eabihf\c\</path>
         <kind>archive</kind>
         <file>libc.a</file>
         <name>atoi.c.obj</name>
      </input_file>
      <input_file id="fl-b7">
         <path>C:\ti\ccs1200\ccs\tools\compiler\ti-cgt-armllvm_2.1.0.LTS\lib\armv7em-ti-none-eabihf\c\</path>
         <kind>archive</kind>
         <file>libc.a</file>
         <name>memccpy.c.obj</name>
      </input_file>
      <input_file id="fl-b8">
         <path>C:\ti\ccs1200\ccs\tools\compiler\ti-cgt-armllvm_2.1.0.LTS\lib\armv7em-ti-none-eabihf\c\</path>
         <kind>archive</kind>
         <file>libc.a</file>
         <name>fopen.c.obj</name>
      </input_file>
      <input_file id="fl-b9">
         <path>C:\ti\ccs1200\ccs\tools\compiler\ti-cgt-armllvm_2.1.0.LTS\lib\armv7em-ti-none-eabihf\c\</path>
         <kind>archive</kind>
         <file>libc.a</file>
         <name>fseek.c.obj</name>
      </input_file>
      <input_file id="fl-ba">
         <path>C:\ti\ccs1200\ccs\tools\compiler\ti-cgt-armllvm_2.1.0.LTS\lib\armv7em-ti-none-eabihf\c\</path>
         <kind>archive</kind>
         <file>libc.a</file>
         <name>fclose.c.obj</name>
      </input_file>
      <input_file id="fl-f3">
         <path>C:\ti\ccs1200\ccs\tools\compiler\ti-cgt-armllvm_2.1.0.LTS\lib\armv7em-ti-none-eabihf\c\</path>
         <kind>archive</kind>
         <file>libsysbm.a</file>
         <name>write.c.obj</name>
      </input_file>
      <input_file id="fl-f4">
         <path>C:\ti\ccs1200\ccs\tools\compiler\ti-cgt-armllvm_2.1.0.LTS\lib\armv7em-ti-none-eabihf\c\</path>
         <kind>archive</kind>
         <file>libsysbm.a</file>
         <name>host_device.c.obj</name>
      </input_file>
      <input_file id="fl-f5">
         <path>C:\ti\ccs1200\ccs\tools\compiler\ti-cgt-armllvm_2.1.0.LTS\lib\armv7em-ti-none-eabihf\c\</path>
         <kind>archive</kind>
         <file>libsysbm.a</file>
         <name>remove.c.obj</name>
      </input_file>
      <input_file id="fl-f6">
         <path>C:\ti\ccs1200\ccs\tools\compiler\ti-cgt-armllvm_2.1.0.LTS\lib\armv7em-ti-none-eabihf\c\</path>
         <kind>archive</kind>
         <file>libsysbm.a</file>
         <name>open.c.obj</name>
      </input_file>
      <input_file id="fl-f7">
         <path>C:\ti\ccs1200\ccs\tools\compiler\ti-cgt-armllvm_2.1.0.LTS\lib\armv7em-ti-none-eabihf\c\</path>
         <kind>archive</kind>
         <file>libsysbm.a</file>
         <name>lseek.c.obj</name>
      </input_file>
      <input_file id="fl-f8">
         <path>C:\ti\ccs1200\ccs\tools\compiler\ti-cgt-armllvm_2.1.0.LTS\lib\armv7em-ti-none-eabihf\c\</path>
         <kind>archive</kind>
         <file>libsysbm.a</file>
         <name>close.c.obj</name>
      </input_file>
      <input_file id="fl-f9">
         <path>C:\ti\ccs1200\ccs\tools\compiler\ti-cgt-armllvm_2.1.0.LTS\lib\armv7em-ti-none-eabihf\c\</path>
         <kind>archive</kind>
         <file>libsysbm.a</file>
         <name>unlink.c.obj</name>
      </input_file>
      <input_file id="fl-fa">
         <path>C:\ti\ccs1200\ccs\tools\compiler\ti-cgt-armllvm_2.1.0.LTS\lib\armv7em-ti-none-eabihf\c\</path>
         <kind>archive</kind>
         <file>libsysbm.a</file>
         <name>hostclose.c.obj</name>
      </input_file>
      <input_file id="fl-fb">
         <path>C:\ti\ccs1200\ccs\tools\compiler\ti-cgt-armllvm_2.1.0.LTS\lib\armv7em-ti-none-eabihf\c\</path>
         <kind>archive</kind>
         <file>libsysbm.a</file>
         <name>hostlseek.c.obj</name>
      </input_file>
      <input_file id="fl-fc">
         <path>C:\ti\ccs1200\ccs\tools\compiler\ti-cgt-armllvm_2.1.0.LTS\lib\armv7em-ti-none-eabihf\c\</path>
         <kind>archive</kind>
         <file>libsysbm.a</file>
         <name>hostopen.c.obj</name>
      </input_file>
      <input_file id="fl-fd">
         <path>C:\ti\ccs1200\ccs\tools\compiler\ti-cgt-armllvm_2.1.0.LTS\lib\armv7em-ti-none-eabihf\c\</path>
         <kind>archive</kind>
         <file>libsysbm.a</file>
         <name>hostread.c.obj</name>
      </input_file>
      <input_file id="fl-fe">
         <path>C:\ti\ccs1200\ccs\tools\compiler\ti-cgt-armllvm_2.1.0.LTS\lib\armv7em-ti-none-eabihf\c\</path>
         <kind>archive</kind>
         <file>libsysbm.a</file>
         <name>hostrename.c.obj</name>
      </input_file>
      <input_file id="fl-ff">
         <path>C:\ti\ccs1200\ccs\tools\compiler\ti-cgt-armllvm_2.1.0.LTS\lib\armv7em-ti-none-eabihf\c\</path>
         <kind>archive</kind>
         <file>libsysbm.a</file>
         <name>hostunlink.c.obj</name>
      </input_file>
      <input_file id="fl-100">
         <path>C:\ti\ccs1200\ccs\tools\compiler\ti-cgt-armllvm_2.1.0.LTS\lib\armv7em-ti-none-eabihf\c\</path>
         <kind>archive</kind>
         <file>libsysbm.a</file>
         <name>hostwrite.c.obj</name>
      </input_file>
      <input_file id="fl-101">
         <path>C:\ti\ccs1200\ccs\tools\compiler\ti-cgt-armllvm_2.1.0.LTS\lib\armv7em-ti-none-eabihf\c\</path>
         <kind>archive</kind>
         <file>libsysbm.a</file>
         <name>trgmsg.c.obj</name>
      </input_file>
      <input_file id="fl-102">
         <path>C:\ti\ccs1200\ccs\tools\compiler\ti-cgt-armllvm_2.1.0.LTS\lib\clang\14.0.5\lib\armv7em-ti-none-eabihf\</path>
         <kind>archive</kind>
         <file>libclang_rt.builtins.a</file>
         <name>adddf3.S.obj</name>
      </input_file>
      <input_file id="fl-103">
         <path>C:\ti\ccs1200\ccs\tools\compiler\ti-cgt-armllvm_2.1.0.LTS\lib\clang\14.0.5\lib\armv7em-ti-none-eabihf\</path>
         <kind>archive</kind>
         <file>libclang_rt.builtins.a</file>
         <name>muldf3.S.obj</name>
      </input_file>
      <input_file id="fl-104">
         <path>C:\ti\ccs1200\ccs\tools\compiler\ti-cgt-armllvm_2.1.0.LTS\lib\clang\14.0.5\lib\armv7em-ti-none-eabihf\</path>
         <kind>archive</kind>
         <file>libclang_rt.builtins.a</file>
         <name>ashldi3.S.obj</name>
      </input_file>
      <input_file id="fl-105">
         <path>C:\ti\ccs1200\ccs\tools\compiler\ti-cgt-armllvm_2.1.0.LTS\lib\clang\14.0.5\lib\armv7em-ti-none-eabihf\</path>
         <kind>archive</kind>
         <file>libclang_rt.builtins.a</file>
         <name>divdf3.S.obj</name>
      </input_file>
      <input_file id="fl-106">
         <path>C:\ti\ccs1200\ccs\tools\compiler\ti-cgt-armllvm_2.1.0.LTS\lib\clang\14.0.5\lib\armv7em-ti-none-eabihf\</path>
         <kind>archive</kind>
         <file>libclang_rt.builtins.a</file>
         <name>extendsfdf2.S.obj</name>
      </input_file>
      <input_file id="fl-107">
         <path>C:\ti\ccs1200\ccs\tools\compiler\ti-cgt-armllvm_2.1.0.LTS\lib\clang\14.0.5\lib\armv7em-ti-none-eabihf\</path>
         <kind>archive</kind>
         <file>libclang_rt.builtins.a</file>
         <name>fixdfsi.S.obj</name>
      </input_file>
      <input_file id="fl-108">
         <path>C:\ti\ccs1200\ccs\tools\compiler\ti-cgt-armllvm_2.1.0.LTS\lib\clang\14.0.5\lib\armv7em-ti-none-eabihf\</path>
         <kind>archive</kind>
         <file>libclang_rt.builtins.a</file>
         <name>fixunsdfsi.S.obj</name>
      </input_file>
      <input_file id="fl-109">
         <path>C:\ti\ccs1200\ccs\tools\compiler\ti-cgt-armllvm_2.1.0.LTS\lib\clang\14.0.5\lib\armv7em-ti-none-eabihf\</path>
         <kind>archive</kind>
         <file>libclang_rt.builtins.a</file>
         <name>floatsidf.S.obj</name>
      </input_file>
      <input_file id="fl-10a">
         <path>C:\ti\ccs1200\ccs\tools\compiler\ti-cgt-armllvm_2.1.0.LTS\lib\clang\14.0.5\lib\armv7em-ti-none-eabihf\</path>
         <kind>archive</kind>
         <file>libclang_rt.builtins.a</file>
         <name>lshrdi3.S.obj</name>
      </input_file>
      <input_file id="fl-10b">
         <path>C:\ti\ccs1200\ccs\tools\compiler\ti-cgt-armllvm_2.1.0.LTS\lib\clang\14.0.5\lib\armv7em-ti-none-eabihf\</path>
         <kind>archive</kind>
         <file>libclang_rt.builtins.a</file>
         <name>aeabi_dcmp.S.obj</name>
      </input_file>
      <input_file id="fl-10c">
         <path>C:\ti\ccs1200\ccs\tools\compiler\ti-cgt-armllvm_2.1.0.LTS\lib\clang\14.0.5\lib\armv7em-ti-none-eabihf\</path>
         <kind>archive</kind>
         <file>libclang_rt.builtins.a</file>
         <name>aeabi_ldivmod.S.obj</name>
      </input_file>
      <input_file id="fl-10d">
         <path>C:\ti\ccs1200\ccs\tools\compiler\ti-cgt-armllvm_2.1.0.LTS\lib\clang\14.0.5\lib\armv7em-ti-none-eabihf\</path>
         <kind>archive</kind>
         <file>libclang_rt.builtins.a</file>
         <name>aeabi_memcpy.S.obj</name>
      </input_file>
      <input_file id="fl-10e">
         <path>C:\ti\ccs1200\ccs\tools\compiler\ti-cgt-armllvm_2.1.0.LTS\lib\clang\14.0.5\lib\armv7em-ti-none-eabihf\</path>
         <kind>archive</kind>
         <file>libclang_rt.builtins.a</file>
         <name>aeabi_memmove.S.obj</name>
      </input_file>
      <input_file id="fl-10f">
         <path>C:\ti\ccs1200\ccs\tools\compiler\ti-cgt-armllvm_2.1.0.LTS\lib\clang\14.0.5\lib\armv7em-ti-none-eabihf\</path>
         <kind>archive</kind>
         <file>libclang_rt.builtins.a</file>
         <name>aeabi_memset.S.obj</name>
      </input_file>
      <input_file id="fl-110">
         <path>C:\ti\ccs1200\ccs\tools\compiler\ti-cgt-armllvm_2.1.0.LTS\lib\clang\14.0.5\lib\armv7em-ti-none-eabihf\</path>
         <kind>archive</kind>
         <file>libclang_rt.builtins.a</file>
         <name>aeabi_uldivmod.S.obj</name>
      </input_file>
      <input_file id="fl-111">
         <path>C:\ti\ccs1200\ccs\tools\compiler\ti-cgt-armllvm_2.1.0.LTS\lib\clang\14.0.5\lib\armv7em-ti-none-eabihf\</path>
         <kind>archive</kind>
         <file>libclang_rt.builtins.a</file>
         <name>udivmoddi4.S.obj</name>
      </input_file>
      <input_file id="fl-112">
         <path>C:\ti\ccs1200\ccs\tools\compiler\ti-cgt-armllvm_2.1.0.LTS\lib\clang\14.0.5\lib\armv7em-ti-none-eabihf\</path>
         <kind>archive</kind>
         <file>libclang_rt.builtins.a</file>
         <name>comparedf2.c.obj</name>
      </input_file>
      <input_file id="fl-113">
         <path>C:\ti\ccs1200\ccs\tools\compiler\ti-cgt-armllvm_2.1.0.LTS\lib\clang\14.0.5\lib\armv7em-ti-none-eabihf\</path>
         <kind>archive</kind>
         <file>libclang_rt.builtins.a</file>
         <name>divmoddi4.c.obj</name>
      </input_file>
      <input_file id="fl-114">
         <path>C:\ti\ccs1200\ccs\tools\compiler\ti-cgt-armllvm_2.1.0.LTS\lib\clang\14.0.5\lib\armv7em-ti-none-eabihf\</path>
         <kind>archive</kind>
         <file>libclang_rt.builtins.a</file>
         <name>aeabi_div0.c.obj</name>
      </input_file>
      <input_file id="fl-115">
         <path>C:\ti\ccs1200\ccs\tools\compiler\ti-cgt-armllvm_2.1.0.LTS\lib\armv7em-ti-none-eabihf\c\</path>
         <kind>archive</kind>
         <file>libc.a</file>
         <name>getdevice.c.obj</name>
      </input_file>
      <input_file id="fl-116">
         <path>C:\ti\ccs1200\ccs\tools\compiler\ti-cgt-armllvm_2.1.0.LTS\lib\armv7em-ti-none-eabihf\c\</path>
         <kind>archive</kind>
         <file>libc.a</file>
         <name>memcpy_t2.S.obj</name>
      </input_file>
      <input_file id="fl-117">
         <path>C:\ti\ccs1200\ccs\tools\compiler\ti-cgt-armllvm_2.1.0.LTS\lib\armv7em-ti-none-eabihf\c\</path>
         <kind>archive</kind>
         <file>libc.a</file>
         <name>memmov.c.obj</name>
      </input_file>
   </input_file_list>
   <object_component_list>
      <object_component id="oc-506">
         <name>.text:__TI_printfi</name>
         <load_address>0x40</load_address>
         <run_address>0x40</run_address>
         <size>0x9d4</size>
         <input_file_ref idref="fl-ac"/>
      </object_component>
      <object_component id="oc-59f">
         <name>.text._ZN2ot3Ncp7NcpBase17HandlePropertyGetILj16384EEE7otErrorv</name>
         <load_address>0x40</load_address>
         <run_address>0x40</run_address>
         <size>0x0</size>
         <input_file_ref idref="fl-33"/>
      </object_component>
      <object_component id="oc-5a1">
         <name>.text._ZN2ot3Ncp7NcpBase17HandlePropertyGetILj16386EEE7otErrorv</name>
         <load_address>0x40</load_address>
         <run_address>0x40</run_address>
         <size>0x0</size>
         <input_file_ref idref="fl-33"/>
      </object_component>
      <object_component id="oc-12c">
         <name>.text.findHposcCoefficients</name>
         <load_address>0xa14</load_address>
         <run_address>0xa14</run_address>
         <size>0x5ea</size>
         <input_file_ref idref="fl-8e"/>
      </object_component>
      <object_component id="oc-204">
         <name>.text.BIOS_nullFunc</name>
         <load_address>0xffe</load_address>
         <run_address>0xffe</run_address>
         <size>0x2</size>
         <input_file_ref idref="fl-8"/>
      </object_component>
      <object_component id="oc-770">
         <name>.text.RF_fsmActiveState</name>
         <load_address>0x1000</load_address>
         <run_address>0x1000</run_address>
         <size>0x498</size>
         <input_file_ref idref="fl-60"/>
      </object_component>
      <object_component id="oc-556">
         <name>.text._pconv_a</name>
         <load_address>0x1498</load_address>
         <run_address>0x1498</run_address>
         <size>0x2b8</size>
         <input_file_ref idref="fl-ac"/>
      </object_component>
      <object_component id="oc-3d2">
         <name>.text.UART2_writeTimeout</name>
         <load_address>0x1750</load_address>
         <run_address>0x1750</run_address>
         <size>0x2a6</size>
         <input_file_ref idref="fl-71"/>
      </object_component>
      <object_component id="oc-db">
         <name>.text.Board_initHook</name>
         <load_address>0x19f6</load_address>
         <run_address>0x19f6</run_address>
         <size>0x2</size>
         <input_file_ref idref="fl-7"/>
      </object_component>
      <object_component id="oc-706">
         <name>.text.RF_open</name>
         <load_address>0x19f8</load_address>
         <run_address>0x19f8</run_address>
         <size>0x29c</size>
         <input_file_ref idref="fl-60"/>
      </object_component>
      <object_component id="oc-32a">
         <name>.text.UART2CC26X2_hwiIntFxn</name>
         <load_address>0x1c94</load_address>
         <run_address>0x1c94</run_address>
         <size>0x28e</size>
         <input_file_ref idref="fl-72"/>
      </object_component>
      <object_component id="oc-7b7">
         <name>.text.AESECB_oneStepEncrypt</name>
         <load_address>0x1f22</load_address>
         <run_address>0x1f22</run_address>
         <size>0x6</size>
         <input_file_ref idref="fl-73"/>
      </object_component>
      <object_component id="oc-559">
         <name>.text._pconv_g</name>
         <load_address>0x1f28</load_address>
         <run_address>0x1f28</run_address>
         <size>0x238</size>
         <input_file_ref idref="fl-ac"/>
      </object_component>
      <object_component id="oc-32d">
         <name>.text.UART2_readTimeout</name>
         <load_address>0x2160</load_address>
         <run_address>0x2160</run_address>
         <size>0x236</size>
         <input_file_ref idref="fl-71"/>
      </object_component>
      <object_component id="oc-7ae">
         <name>.text.NOROM_RFCCpePatchReset</name>
         <load_address>0x2396</load_address>
         <run_address>0x2396</run_address>
         <size>0x2</size>
         <input_file_ref idref="fl-61"/>
      </object_component>
      <object_component id="oc-390">
         <name>.text.RF_scheduleCmd</name>
         <load_address>0x2398</load_address>
         <run_address>0x2398</run_address>
         <size>0x1e4</size>
         <input_file_ref idref="fl-60"/>
      </object_component>
      <object_component id="oc-76f">
         <name>.text.RF_dispatchNextCmd</name>
         <load_address>0x257c</load_address>
         <run_address>0x257c</run_address>
         <size>0x1e0</size>
         <input_file_ref idref="fl-60"/>
      </object_component>
      <object_component id="oc-5d6">
         <name>.text</name>
         <load_address>0x275c</load_address>
         <run_address>0x275c</run_address>
         <size>0x1b6</size>
         <input_file_ref idref="fl-102"/>
      </object_component>
      <object_component id="oc-744">
         <name>.text.RF_defaultCallback</name>
         <load_address>0x2912</load_address>
         <run_address>0x2912</run_address>
         <size>0x2</size>
         <input_file_ref idref="fl-60"/>
      </object_component>
      <object_component id="oc-27f">
         <name>.text.UART2_open</name>
         <load_address>0x2914</load_address>
         <run_address>0x2914</run_address>
         <size>0x1b4</size>
         <input_file_ref idref="fl-72"/>
      </object_component>
      <object_component id="oc-257">
         <name>.text.mq_open</name>
         <load_address>0x2ac8</load_address>
         <run_address>0x2ac8</run_address>
         <size>0x1ac</size>
         <input_file_ref idref="fl-8"/>
      </object_component>
      <object_component id="oc-3dc">
         <name>.text.AlarmMicro_handler</name>
         <load_address>0x2c74</load_address>
         <run_address>0x2c74</run_address>
         <size>0x4</size>
         <input_file_ref idref="fl-b"/>
      </object_component>
      <object_component id="oc-5e6">
         <name>.text.fcvt</name>
         <load_address>0x2c78</load_address>
         <run_address>0x2c78</run_address>
         <size>0x1a0</size>
         <input_file_ref idref="fl-ac"/>
      </object_component>
      <object_component id="oc-129">
         <name>.text.PowerCC26X2_auxISR</name>
         <load_address>0x2e18</load_address>
         <run_address>0x2e18</run_address>
         <size>0x194</size>
         <input_file_ref idref="fl-6b"/>
      </object_component>
      <object_component id="oc-2df">
         <name>.text.platformRadioInit</name>
         <load_address>0x2fac</load_address>
         <run_address>0x2fac</run_address>
         <size>0x188</size>
         <input_file_ref idref="fl-10"/>
      </object_component>
      <object_component id="oc-7bb">
         <name>.text.AESECB_addDataInternal</name>
         <load_address>0x3134</load_address>
         <run_address>0x3134</run_address>
         <size>0x184</size>
         <input_file_ref idref="fl-73"/>
      </object_component>
      <object_component id="oc-557">
         <name>.text._pconv_e</name>
         <load_address>0x32b8</load_address>
         <run_address>0x32b8</run_address>
         <size>0x180</size>
         <input_file_ref idref="fl-ac"/>
      </object_component>
      <object_component id="oc-3ff">
         <name>.text.otPlatRadioTransmit</name>
         <load_address>0x3438</load_address>
         <run_address>0x3438</run_address>
         <size>0x168</size>
         <input_file_ref idref="fl-10"/>
      </object_component>
      <object_component id="oc-225">
         <name>.text.Power_sleep</name>
         <load_address>0x35a0</load_address>
         <run_address>0x35a0</run_address>
         <size>0x15c</size>
         <input_file_ref idref="fl-6a"/>
      </object_component>
      <object_component id="oc-752">
         <name>.text.strtol</name>
         <load_address>0x36fc</load_address>
         <run_address>0x36fc</run_address>
         <size>0x148</size>
         <input_file_ref idref="fl-a6"/>
      </object_component>
      <object_component id="oc-774">
         <name>.text.RF_radioOpDoneCb</name>
         <load_address>0x3844</load_address>
         <run_address>0x3844</run_address>
         <size>0x13c</size>
         <input_file_ref idref="fl-60"/>
      </object_component>
      <object_component id="oc-5e2">
         <name>.text</name>
         <load_address>0x3980</load_address>
         <run_address>0x3980</run_address>
         <size>0x136</size>
         <input_file_ref idref="fl-105"/>
      </object_component>
      <object_component id="oc-328">
         <name>.text.UART2CC26X2_eventCallback</name>
         <load_address>0x3ab6</load_address>
         <run_address>0x3ab6</run_address>
         <size>0x2</size>
         <input_file_ref idref="fl-72"/>
      </object_component>
      <object_component id="oc-12b">
         <name>.text.findHposcPc</name>
         <load_address>0x3ab8</load_address>
         <run_address>0x3ab8</run_address>
         <size>0x134</size>
         <input_file_ref idref="fl-8e"/>
      </object_component>
      <object_component id="oc-7bc">
         <name>.text.NOROM_AESWriteToKeyStore</name>
         <load_address>0x3bec</load_address>
         <run_address>0x3bec</run_address>
         <size>0x130</size>
         <input_file_ref idref="fl-8d"/>
      </object_component>
      <object_component id="oc-72e">
         <name>.text._ZN2ot6Crypto6AesCcm4InitEjjhPKvh</name>
         <load_address>0x3d1c</load_address>
         <run_address>0x3d1c</run_address>
         <size>0x130</size>
         <input_file_ref idref="fl-51"/>
      </object_component>
      <object_component id="oc-6ab">
         <name>.text.RF_close</name>
         <load_address>0x3e4c</load_address>
         <run_address>0x3e4c</run_address>
         <size>0x12c</size>
         <input_file_ref idref="fl-60"/>
      </object_component>
      <object_component id="oc-776">
         <name>.text.RF_fsmSetupState</name>
         <load_address>0x3f78</load_address>
         <run_address>0x3f78</run_address>
         <size>0x12c</size>
         <input_file_ref idref="fl-60"/>
      </object_component>
      <object_component id="oc-3e1">
         <name>.text.TRNGCC26XX_hwiFxn</name>
         <load_address>0x40a4</load_address>
         <run_address>0x40a4</run_address>
         <size>0x12c</size>
         <input_file_ref idref="fl-70"/>
      </object_component>
      <object_component id="oc-1b1">
         <name>.text.RF_abortCmd</name>
         <load_address>0x41d0</load_address>
         <run_address>0x41d0</run_address>
         <size>0x124</size>
         <input_file_ref idref="fl-60"/>
      </object_component>
      <object_component id="oc-20c">
         <name>.text.ti_sysbios_family_arm_cc26xx_Timer_construct</name>
         <load_address>0x42f4</load_address>
         <run_address>0x42f4</run_address>
         <size>0x120</size>
         <input_file_ref idref="fl-8"/>
      </object_component>
      <object_component id="oc-69">
         <name>.text.ti_sysbios_family_arm_m3_Hwi_dispatch</name>
         <load_address>0x4414</load_address>
         <run_address>0x4414</run_address>
         <size>0x11c</size>
         <input_file_ref idref="fl-84"/>
      </object_component>
      <object_component id="oc-d2">
         <name>.text.Power_init</name>
         <load_address>0x4530</load_address>
         <run_address>0x4530</run_address>
         <size>0x118</size>
         <input_file_ref idref="fl-6a"/>
      </object_component>
      <object_component id="oc-635">
         <name>.text.RF_decodeOverridePointers</name>
         <load_address>0x4648</load_address>
         <run_address>0x4648</run_address>
         <size>0x118</size>
         <input_file_ref idref="fl-60"/>
      </object_component>
      <object_component id="oc-6ef">
         <name>.text.otPlatRadioEnergyScan</name>
         <load_address>0x4760</load_address>
         <run_address>0x4760</run_address>
         <size>0x114</size>
         <input_file_ref idref="fl-10"/>
      </object_component>
      <object_component id="oc-48a">
         <name>.text._ZN2ot3Mac6SubMac18HandleTransmitDoneERNS0_7TxFrameEPNS0_7RxFrameE7otError</name>
         <load_address>0x4874</load_address>
         <run_address>0x4874</run_address>
         <size>0x110</size>
         <input_file_ref idref="fl-4c"/>
      </object_component>
      <object_component id="oc-1a3">
         <name>.text.PowerCC26X2_calibrate</name>
         <load_address>0x4984</load_address>
         <run_address>0x4984</run_address>
         <size>0x10c</size>
         <input_file_ref idref="fl-6b"/>
      </object_component>
      <object_component id="oc-5c6">
         <name>.text.scalbn</name>
         <load_address>0x4a90</load_address>
         <run_address>0x4a90</run_address>
         <size>0x10c</size>
         <input_file_ref idref="fl-b4"/>
      </object_component>
      <object_component id="oc-1cf">
         <name>.text.NVSCC26XX_write</name>
         <load_address>0x4b9c</load_address>
         <run_address>0x4b9c</run_address>
         <size>0x108</size>
         <input_file_ref idref="fl-69"/>
      </object_component>
      <object_component id="oc-743">
         <name>.text.RF_fsmPowerUpState</name>
         <load_address>0x4ca4</load_address>
         <run_address>0x4ca4</run_address>
         <size>0x108</size>
         <input_file_ref idref="fl-60"/>
      </object_component>
      <object_component id="oc-a5">
         <name>.text.GPIO_init</name>
         <load_address>0x4dac</load_address>
         <run_address>0x4dac</run_address>
         <size>0x104</size>
         <input_file_ref idref="fl-77"/>
      </object_component>
      <object_component id="oc-323">
         <name>.text.UART2CC26X2_initHw</name>
         <load_address>0x4eb0</load_address>
         <run_address>0x4eb0</run_address>
         <size>0x104</size>
         <input_file_ref idref="fl-72"/>
      </object_component>
      <object_component id="oc-6fa">
         <name>.text.PlatDiag_processTransmit</name>
         <load_address>0x4fb4</load_address>
         <run_address>0x4fb4</run_address>
         <size>0xfc</size>
         <input_file_ref idref="fl-c"/>
      </object_component>
      <object_component id="oc-771">
         <name>.text.RF_hwiCpe0Active</name>
         <load_address>0x50b0</load_address>
         <run_address>0x50b0</run_address>
         <size>0xfc</size>
         <input_file_ref idref="fl-60"/>
      </object_component>
      <object_component id="oc-5da">
         <name>.text</name>
         <load_address>0x51ac</load_address>
         <run_address>0x51ac</run_address>
         <size>0xfc</size>
         <input_file_ref idref="fl-103"/>
      </object_component>
      <object_component id="oc-4b5">
         <name>.text.TRNG_getRandom</name>
         <load_address>0x52a8</load_address>
         <run_address>0x52a8</run_address>
         <size>0xf8</size>
         <input_file_ref idref="fl-70"/>
      </object_component>
      <object_component id="oc-6c3">
         <name>.text._ZN2ot3Ncp7NcpBase14PackRadioFrameEP12otRadioFrame7otError</name>
         <load_address>0x53a0</load_address>
         <run_address>0x53a0</run_address>
         <size>0xf6</size>
         <input_file_ref idref="fl-35"/>
      </object_component>
      <object_component id="oc-3f7">
         <name>.text._ZN2ot12FactoryDiags5DiagsC2ERNS_8InstanceE</name>
         <load_address>0x5496</load_address>
         <run_address>0x5496</run_address>
         <size>0x2</size>
         <input_file_ref idref="fl-48"/>
      </object_component>
      <object_component id="oc-354">
         <name>.text.NOROM_SysCtrlStandby</name>
         <load_address>0x5498</load_address>
         <run_address>0x5498</run_address>
         <size>0xf4</size>
         <input_file_ref idref="fl-8b"/>
      </object_component>
      <object_component id="oc-35d">
         <name>.text.timer_create</name>
         <load_address>0x558c</load_address>
         <run_address>0x558c</run_address>
         <size>0xec</size>
         <input_file_ref idref="fl-8"/>
      </object_component>
      <object_component id="oc-27d">
         <name>.text.ti_sysbios_knl_Semaphore_pend</name>
         <load_address>0x5678</load_address>
         <run_address>0x5678</run_address>
         <size>0xe4</size>
         <input_file_ref idref="fl-8"/>
      </object_component>
      <object_component id="oc-665">
         <name>.text._ZN2ot3Ncp7NcpBase24DecodeStreamRawTxRequestER12otRadioFrame</name>
         <load_address>0x575c</load_address>
         <run_address>0x575c</run_address>
         <size>0xde</size>
         <input_file_ref idref="fl-35"/>
      </object_component>
      <object_component id="oc-4df">
         <name>.text._ZN2ot3Mac6SubMac9Callbacks15RecordCcaStatusEbh</name>
         <load_address>0x583a</load_address>
         <run_address>0x583a</run_address>
         <size>0x2</size>
         <input_file_ref idref="fl-4d"/>
      </object_component>
      <object_component id="oc-6c0">
         <name>.text._ZN2ot12FactoryDiags5Diags10ProcessCmdEhPPcS2_j</name>
         <load_address>0x583c</load_address>
         <run_address>0x583c</run_address>
         <size>0xd8</size>
         <input_file_ref idref="fl-48"/>
      </object_component>
      <object_component id="oc-731">
         <name>.text._ZN2ot6Crypto6AesCcm7PayloadEPvS2_jNS1_4ModeE</name>
         <load_address>0x5914</load_address>
         <run_address>0x5914</run_address>
         <size>0xd8</size>
         <input_file_ref idref="fl-51"/>
      </object_component>
      <object_component id="oc-f4">
         <name>.text.pthread_create</name>
         <load_address>0x59ec</load_address>
         <run_address>0x59ec</run_address>
         <size>0xd8</size>
         <input_file_ref idref="fl-8"/>
      </object_component>
      <object_component id="oc-104">
         <name>.text.ti_sysbios_family_arm_m3_Hwi_excFillContext</name>
         <load_address>0x5ac4</load_address>
         <run_address>0x5ac4</run_address>
         <size>0xd8</size>
         <input_file_ref idref="fl-8"/>
      </object_component>
      <object_component id="oc-46e">
         <name>.text.timer_settime</name>
         <load_address>0x5b9c</load_address>
         <run_address>0x5b9c</run_address>
         <size>0xd8</size>
         <input_file_ref idref="fl-8"/>
      </object_component>
      <object_component id="oc-6a8">
         <name>.text._ZN2ot3Ncp7NcpBase19LinkRawTransmitDoneEP12otRadioFrameS3_7otError</name>
         <load_address>0x5c74</load_address>
         <run_address>0x5c74</run_address>
         <size>0xd4</size>
         <input_file_ref idref="fl-35"/>
      </object_component>
      <object_component id="oc-330">
         <name>.text._ZN2ot3Ncp7NcpBaseC2EPNS_8InstanceE</name>
         <load_address>0x5d48</load_address>
         <run_address>0x5d48</run_address>
         <size>0xd4</size>
         <input_file_ref idref="fl-33"/>
      </object_component>
      <object_component id="oc-193">
         <name>.text.configureXOSCHF</name>
         <load_address>0x5e1c</load_address>
         <run_address>0x5e1c</run_address>
         <size>0xd0</size>
         <input_file_ref idref="fl-6a"/>
      </object_component>
      <object_component id="oc-703">
         <name>.text._ZN2ot3Mac7TxFrame21ProcessTransmitAesCcmERKNS0_10ExtAddressE</name>
         <load_address>0x5eec</load_address>
         <run_address>0x5eec</run_address>
         <size>0xce</size>
         <input_file_ref idref="fl-4a"/>
      </object_component>
      <object_component id="oc-3d0">
         <name>.text._ZN2ot3Ncp7NcpHdlc13EncodeAndSendEv</name>
         <load_address>0x5fba</load_address>
         <run_address>0x5fba</run_address>
         <size>0xce</size>
         <input_file_ref idref="fl-36"/>
      </object_component>
      <object_component id="oc-30d">
         <name>.text.handleTxState</name>
         <load_address>0x6088</load_address>
         <run_address>0x6088</run_address>
         <size>0xcc</size>
         <input_file_ref idref="fl-10"/>
      </object_component>
      <object_component id="oc-18a">
         <name>.text.ti_sysbios_knl_Clock_workFuncDynamic</name>
         <load_address>0x6154</load_address>
         <run_address>0x6154</run_address>
         <size>0xcc</size>
         <input_file_ref idref="fl-8"/>
      </object_component>
      <object_component id="oc-637">
         <name>.text.RF_updatePaConfiguration</name>
         <load_address>0x6220</load_address>
         <run_address>0x6220</run_address>
         <size>0xca</size>
         <input_file_ref idref="fl-60"/>
      </object_component>
      <object_component id="oc-4f7">
         <name>.text._ZN2ot3Ncp7NcpBase15EnqueueResponseEhNS1_12ResponseTypeEj</name>
         <load_address>0x62ea</load_address>
         <run_address>0x62ea</run_address>
         <size>0xca</size>
         <input_file_ref idref="fl-33"/>
      </object_component>
      <object_component id="oc-6f9">
         <name>.text.PlatDiag_processReceive</name>
         <load_address>0x63b4</load_address>
         <run_address>0x63b4</run_address>
         <size>0xc8</size>
         <input_file_ref idref="fl-c"/>
      </object_component>
      <object_component id="oc-37d">
         <name>.text.clock_gettime</name>
         <load_address>0x647c</load_address>
         <run_address>0x647c</run_address>
         <size>0xc8</size>
         <input_file_ref idref="fl-8"/>
      </object_component>
      <object_component id="oc-6a">
         <name>.text.NOROM_SetupTrimDevice</name>
         <load_address>0x6544</load_address>
         <run_address>0x6544</run_address>
         <size>0xc4</size>
         <input_file_ref idref="fl-88"/>
      </object_component>
      <object_component id="oc-99">
         <name>.text.TrimAfterColdResetWakeupFromShutDown</name>
         <load_address>0x6608</load_address>
         <run_address>0x6608</run_address>
         <size>0xc4</size>
         <input_file_ref idref="fl-88"/>
      </object_component>
      <object_component id="oc-41b">
         <name>.text._ZN2ot4Hdlc7Decoder6DecodeEPKht</name>
         <load_address>0x66cc</load_address>
         <run_address>0x66cc</run_address>
         <size>0xc4</size>
         <input_file_ref idref="fl-37"/>
      </object_component>
      <object_component id="oc-713">
         <name>.text.otPlatDiagRadioToneStart</name>
         <load_address>0x6790</load_address>
         <run_address>0x6790</run_address>
         <size>0xc4</size>
         <input_file_ref idref="fl-10"/>
      </object_component>
      <object_component id="oc-39b">
         <name>.text.populateReceiveFrame</name>
         <load_address>0x6854</load_address>
         <run_address>0x6854</run_address>
         <size>0xc4</size>
         <input_file_ref idref="fl-10"/>
      </object_component>
      <object_component id="oc-73d">
         <name>.text.RF_swiHw</name>
         <load_address>0x6918</load_address>
         <run_address>0x6918</run_address>
         <size>0xbc</size>
         <input_file_ref idref="fl-60"/>
      </object_component>
      <object_component id="oc-53a">
         <name>.text._ZN2ot3Ncp7NcpBase33HandleCommandPropertyInsertRemoveEhjj</name>
         <load_address>0x69d4</load_address>
         <run_address>0x69d4</run_address>
         <size>0xbc</size>
         <input_file_ref idref="fl-33"/>
      </object_component>
      <object_component id="oc-6e4">
         <name>.text.otPlatDiagProcess</name>
         <load_address>0x6a90</load_address>
         <run_address>0x6a90</run_address>
         <size>0xbc</size>
         <input_file_ref idref="fl-c"/>
      </object_component>
      <object_component id="oc-268">
         <name>.text.platformRadioProcess</name>
         <load_address>0x6b4c</load_address>
         <run_address>0x6b4c</run_address>
         <size>0xb8</size>
         <input_file_ref idref="fl-10"/>
      </object_component>
      <object_component id="oc-217">
         <name>.text.ti_sysbios_knl_Task_Instance_finalize</name>
         <load_address>0x6c04</load_address>
         <run_address>0x6c04</run_address>
         <size>0xb8</size>
         <input_file_ref idref="fl-8"/>
      </object_component>
      <object_component id="oc-d3">
         <name>.text.NOROM_OSC_HPOSCInitializeFrequencyOffsetParameters</name>
         <load_address>0x6cbc</load_address>
         <run_address>0x6cbc</run_address>
         <size>0xb6</size>
         <input_file_ref idref="fl-8e"/>
      </object_component>
      <object_component id="oc-2bf">
         <name>.text.NOROM_OSCHF_AttemptToSwitchToXosc</name>
         <load_address>0x6d72</load_address>
         <run_address>0x6d72</run_address>
         <size>0xb4</size>
         <input_file_ref idref="fl-8e"/>
      </object_component>
      <object_component id="oc-566">
         <name>.text._ZN2ot3Mac6SubMac9Callbacks16FrameCounterUsedEj</name>
         <load_address>0x6e26</load_address>
         <run_address>0x6e26</run_address>
         <size>0x2</size>
         <input_file_ref idref="fl-4d"/>
      </object_component>
      <object_component id="oc-1da">
         <name>.text.OtStack_task</name>
         <load_address>0x6e28</load_address>
         <run_address>0x6e28</run_address>
         <size>0xb4</size>
         <input_file_ref idref="fl-2"/>
      </object_component>
      <object_component id="oc-195">
         <name>.text.PowerCC26XX_standbyPolicy</name>
         <load_address>0x6edc</load_address>
         <run_address>0x6edc</run_address>
         <size>0xb4</size>
         <input_file_ref idref="fl-8"/>
      </object_component>
      <object_component id="oc-22e">
         <name>.text.Power_releaseDependency</name>
         <load_address>0x6f90</load_address>
         <run_address>0x6f90</run_address>
         <size>0xb4</size>
         <input_file_ref idref="fl-6a"/>
      </object_component>
      <object_component id="oc-158">
         <name>.text.ti_sysbios_knl_Task_setPri</name>
         <load_address>0x7044</load_address>
         <run_address>0x7044</run_address>
         <size>0xb4</size>
         <input_file_ref idref="fl-8"/>
      </object_component>
      <object_component id="oc-de">
         <name>.text.Power_setDependency</name>
         <load_address>0x70f8</load_address>
         <run_address>0x70f8</run_address>
         <size>0xb0</size>
         <input_file_ref idref="fl-6a"/>
      </object_component>
      <object_component id="oc-433">
         <name>.text._ZN2ot3Ncp7NcpBase13HandleReceiveEPKht</name>
         <load_address>0x71a8</load_address>
         <run_address>0x71a8</run_address>
         <size>0xb0</size>
         <input_file_ref idref="fl-33"/>
      </object_component>
      <object_component id="oc-20f">
         <name>.text</name>
         <load_address>0x7258</load_address>
         <run_address>0x7258</run_address>
         <size>0xb0</size>
         <input_file_ref idref="fl-111"/>
      </object_component>
      <object_component id="oc-6f8">
         <name>.text.PlatDiag_processTone</name>
         <load_address>0x7308</load_address>
         <run_address>0x7308</run_address>
         <size>0xac</size>
         <input_file_ref idref="fl-c"/>
      </object_component>
      <object_component id="oc-796">
         <name>.text.RF_initRadioSetup</name>
         <load_address>0x73b4</load_address>
         <run_address>0x73b4</run_address>
         <size>0xac</size>
         <input_file_ref idref="fl-60"/>
      </object_component>
      <object_component id="oc-6c7">
         <name>.text.RF_pendCmd</name>
         <load_address>0x7460</load_address>
         <run_address>0x7460</run_address>
         <size>0xac</size>
         <input_file_ref idref="fl-60"/>
      </object_component>
      <object_component id="oc-736">
         <name>.text.NOROM_ChipInfo_GetChipType</name>
         <load_address>0x750c</load_address>
         <run_address>0x750c</run_address>
         <size>0xaa</size>
         <input_file_ref idref="fl-87"/>
      </object_component>
      <object_component id="oc-4e1">
         <name>.text._ZN2ot3Mac6SubMac9Callbacks25RecordFrameTransmitStatusERKNS0_7TxFrameEPKNS0_7RxFrameE7otErrorhb</name>
         <load_address>0x75b6</load_address>
         <run_address>0x75b6</run_address>
         <size>0x2</size>
         <input_file_ref idref="fl-4d"/>
      </object_component>
      <object_component id="oc-3b1">
         <name>.text.UART2Support_dmaStartRx</name>
         <load_address>0x75b8</load_address>
         <run_address>0x75b8</run_address>
         <size>0xa8</size>
         <input_file_ref idref="fl-72"/>
      </object_component>
      <object_component id="oc-475">
         <name>.text._ZN2ot3Ncp7NcpBase3LogEi11otLogRegionPKc</name>
         <load_address>0x7660</load_address>
         <run_address>0x7660</run_address>
         <size>0xa8</size>
         <input_file_ref idref="fl-33"/>
      </object_component>
      <object_component id="oc-1ac">
         <name>.text.temperatureHwiFxn</name>
         <load_address>0x7708</load_address>
         <run_address>0x7708</run_address>
         <size>0xa8</size>
         <input_file_ref idref="fl-6e"/>
      </object_component>
      <object_component id="oc-6f2">
         <name>.text._ZN2ot5Utils13CmdLineParser8ParseCmdEPcPNS1_3ArgEh</name>
         <load_address>0x77b0</load_address>
         <run_address>0x77b0</run_address>
         <size>0xa4</size>
         <input_file_ref idref="fl-50"/>
      </object_component>
      <object_component id="oc-216">
         <name>.text.ti_sysbios_knl_Task_Instance_init</name>
         <load_address>0x7854</load_address>
         <run_address>0x7854</run_address>
         <size>0xa4</size>
         <input_file_ref idref="fl-8"/>
      </object_component>
      <object_component id="oc-47a">
         <name>.text.RF_calculateDispatchTime</name>
         <load_address>0x78f8</load_address>
         <run_address>0x78f8</run_address>
         <size>0xa0</size>
         <input_file_ref idref="fl-60"/>
      </object_component>
      <object_component id="oc-3b5">
         <name>.text.UART2Support_dmaStartTx</name>
         <load_address>0x7998</load_address>
         <run_address>0x7998</run_address>
         <size>0xa0</size>
         <input_file_ref idref="fl-72"/>
      </object_component>
      <object_component id="oc-430">
         <name>.text._ZN2ot3Ncp7NcpBase18UpdateChangedPropsEv</name>
         <load_address>0x7a38</load_address>
         <run_address>0x7a38</run_address>
         <size>0xa0</size>
         <input_file_ref idref="fl-33"/>
      </object_component>
      <object_component id="oc-49b">
         <name>.text._ZN2ot3Ncp7NcpBase19SendQueuedResponsesEv</name>
         <load_address>0x7ad8</load_address>
         <run_address>0x7ad8</run_address>
         <size>0xa0</size>
         <input_file_ref idref="fl-33"/>
      </object_component>
      <object_component id="oc-30c">
         <name>.text.processRxQueue</name>
         <load_address>0x7b78</load_address>
         <run_address>0x7b78</run_address>
         <size>0xa0</size>
         <input_file_ref idref="fl-10"/>
      </object_component>
      <object_component id="oc-653">
         <name>.text._ZN2ot3Ncp7NcpBase17HandlePropertySetILj48EEE7otErrorv</name>
         <load_address>0x7c18</load_address>
         <run_address>0x7c18</run_address>
         <size>0x9c</size>
         <input_file_ref idref="fl-33"/>
      </object_component>
      <object_component id="oc-622">
         <name>.text._ZN2ot5Radio4InitEv</name>
         <load_address>0x7cb4</load_address>
         <run_address>0x7cb4</run_address>
         <size>0x9c</size>
         <input_file_ref idref="fl-4e"/>
      </object_component>
      <object_component id="oc-3d5">
         <name>.text.ti_sysbios_knl_Mailbox_Instance_init</name>
[...]
      </symbol>
      <symbol id="sm-14d4">
         <name>CryptoResourceCC26XX_hwi</name>
         <value>0x200064f4</value>
      </symbol>
      <symbol id="sm-14d5">
         <name>CryptoResourceCC26XX_accessSemaphore</name>
         <value>0x200060b0</value>
      </symbol>
      <symbol id="sm-14d6">
         <name>CryptoResourceCC26XX_operationSemaphore</name>
         <value>0x20006100</value>
      </symbol>
      <symbol id="sm-14de">
         <name>UDMACC26XX_hwiIntFxn</name>
         <value>0x11089</value>
         <object_component_ref idref="oc-3a5"/>
      </symbol>
      <symbol id="sm-14df">
         <name>UDMACC26XX_open</name>
         <value>0xa199</value>
         <object_component_ref idref="oc-322"/>
      </symbol>
      <symbol id="sm-14e9">
         <name>PKAResourceCC26XX_constructRTOSObjects</name>
         <value>0xa57d</value>
         <object_component_ref idref="oc-eb"/>
      </symbol>
      <symbol id="sm-14ea">
         <name>PKAResourceCC26XX_hwi</name>
         <value>0x20006510</value>
      </symbol>
      <symbol id="sm-14eb">
         <name>PKAResourceCC26XX_accessSemaphore</name>
         <value>0x20006150</value>
      </symbol>
      <symbol id="sm-14ec">
         <name>PKAResourceCC26XX_operationSemaphore</name>
         <value>0x200061a0</value>
      </symbol>
      <symbol id="sm-14ef">
         <name>ti_sysbios_knl_TaskSupport_glue</name>
         <value>0x1032d</value>
         <object_component_ref idref="oc-44a"/>
      </symbol>
      <symbol id="sm-14f0">
         <name>ti_sysbios_knl_TaskSupport_swap</name>
         <value>0xeab1</value>
         <object_component_ref idref="oc-17d"/>
      </symbol>
      <symbol id="sm-14f1">
         <name>ti_sysbios_knl_TaskSupport_swapReturn</name>
         <value>0xeabc</value>
         <object_component_ref idref="oc-17d"/>
      </symbol>
      <symbol id="sm-1501">
         <name>ti_sysbios_family_arm_m3_Hwi_dispatch</name>
         <value>0x4415</value>
         <object_component_ref idref="oc-69"/>
      </symbol>
      <symbol id="sm-1502">
         <name>ti_sysbios_family_arm_m3_Hwi_excHandlerAsm</name>
         <value>0xea11</value>
         <object_component_ref idref="oc-68"/>
      </symbol>
      <symbol id="sm-1503">
         <name>ti_sysbios_family_arm_m3_Hwi_interruptsAreDisabledButShouldNotBe</name>
         <value>0x44ec</value>
         <object_component_ref idref="oc-69"/>
      </symbol>
      <symbol id="sm-1504">
         <name>ti_sysbios_family_arm_m3_Hwi_pendSV</name>
         <value>0x44f1</value>
         <object_component_ref idref="oc-69"/>
      </symbol>
      <symbol id="sm-1505">
         <name>ti_sysbios_family_arm_m3_Hwi_return</name>
         <value>0x4514</value>
         <object_component_ref idref="oc-69"/>
      </symbol>
      <symbol id="sm-150d">
         <name>ti_sysbios_family_arm_m3_Hwi_initStacks</name>
         <value>0xae99</value>
         <object_component_ref idref="oc-29e"/>
      </symbol>
      <symbol id="sm-150e">
         <name>ti_sysbios_family_arm_m3_Hwi_switchAndRunFunc</name>
         <value>0xf875</value>
         <object_component_ref idref="oc-345"/>
      </symbol>
      <symbol id="sm-1513">
         <name>__stack</name>
         <value>0x20013c00</value>
         <object_component_ref idref="oc-43"/>
      </symbol>
      <symbol id="sm-1514">
         <name>_c_int00</name>
         <value>0xda45</value>
         <object_component_ref idref="oc-27"/>
      </symbol>
      <symbol id="sm-1522">
         <name>NOROM_ChipInfo_GetChipType</name>
         <value>0x750d</value>
         <object_component_ref idref="oc-736"/>
      </symbol>
      <symbol id="sm-1523">
         <name>NOROM_ChipInfo_GetHwRevision</name>
         <value>0xb3e9</value>
         <object_component_ref idref="oc-c1"/>
      </symbol>
      <symbol id="sm-1524">
         <name>NOROM_ThisLibraryIsFor_CC13x2_CC26x2_HwRev20AndLater_HaltIfViolated</name>
         <value>0xe025</value>
         <object_component_ref idref="oc-93"/>
      </symbol>
      <symbol id="sm-1531">
         <name>NOROM_SetupTrimDevice</name>
         <value>0x6545</value>
         <object_component_ref idref="oc-6a"/>
      </symbol>
      <symbol id="sm-153d">
         <name>NOROM_AUXSYSIFOpModeChange</name>
         <value>0xbda9</value>
         <object_component_ref idref="oc-ca"/>
      </symbol>
      <symbol id="sm-1549">
         <name>NOROM_FlashProgram</name>
         <value>0xf695</value>
         <object_component_ref idref="oc-24c"/>
      </symbol>
      <symbol id="sm-154a">
         <name>NOROM_FlashSectorErase</name>
         <value>0xf6b3</value>
         <object_component_ref idref="oc-2cb"/>
      </symbol>
      <symbol id="sm-1558">
         <name>NOROM_SysCtrlIdle</name>
         <value>0xce19</value>
         <object_component_ref idref="oc-2b8"/>
      </symbol>
      <symbol id="sm-1559">
         <name>NOROM_SysCtrlStandby</name>
         <value>0x5499</value>
         <object_component_ref idref="oc-354"/>
      </symbol>
      <symbol id="sm-155a">
         <name>NOROM_SysCtrlSetRechargeBeforePowerDown</name>
         <value>0x8909</value>
         <object_component_ref idref="oc-3d4"/>
      </symbol>
      <symbol id="sm-1568">
         <name>NOROM_CPUcpsid</name>
         <value>0x10d41</value>
         <object_component_ref idref="oc-220"/>
      </symbol>
      <symbol id="sm-1569">
         <name>NOROM_CPUcpsie</name>
         <value>0x10d4d</value>
         <object_component_ref idref="oc-227"/>
      </symbol>
      <symbol id="sm-156a">
         <name>NOROM_CPUdelay</name>
         <value>0x110cf</value>
         <object_component_ref idref="oc-1bd"/>
      </symbol>
      <symbol id="sm-1574">
         <name>NOROM_AESWriteToKeyStore</name>
         <value>0x3bed</value>
         <object_component_ref idref="oc-7bc"/>
      </symbol>
      <symbol id="sm-1597">
         <name>NOROM_OSCHF_TurnOnXosc</name>
         <value>0xe6bd</value>
         <object_component_ref idref="oc-229"/>
      </symbol>
      <symbol id="sm-1598">
         <name>NOROM_OSCHF_AttemptToSwitchToXosc</name>
         <value>0x6d73</value>
         <object_component_ref idref="oc-2bf"/>
      </symbol>
      <symbol id="sm-1599">
         <name>NOROM_OSCHF_SwitchToRcOscTurnOffXosc</name>
         <value>0x8e71</value>
         <object_component_ref idref="oc-2b3"/>
      </symbol>
      <symbol id="sm-159a">
         <name>NOROM_OSC_CapArrayAdjustWorkaround_Boot</name>
         <value>0x8ee9</value>
         <object_component_ref idref="oc-c4"/>
      </symbol>
      <symbol id="sm-159b">
         <name>NOROM_OSC_HPOSCInitializeFrequencyOffsetParameters</name>
         <value>0x6cbd</value>
         <object_component_ref idref="oc-d3"/>
      </symbol>
      <symbol id="sm-159c">
         <name>_hposcCoeffs</name>
         <value>0x200007e8</value>
         <object_component_ref idref="oc-1a8"/>
      </symbol>
      <symbol id="sm-159d">
         <name>NOROM_OSC_HPOSCRelativeFrequencyOffsetGet</name>
         <value>0xb9d1</value>
         <object_component_ref idref="oc-1b0"/>
      </symbol>
      <symbol id="sm-15aa">
         <name>NOROM_PRCMPowerDomainsAllOff</name>
         <value>0xc3c9</value>
         <object_component_ref idref="oc-2c0"/>
      </symbol>
      <symbol id="sm-15ab">
         <name>NOROM_PRCMPowerDomainsAllOn</name>
         <value>0xc40d</value>
         <object_component_ref idref="oc-13a"/>
      </symbol>
      <symbol id="sm-15bc">
         <name>snprintf</name>
         <value>0xc809</value>
         <object_component_ref idref="oc-49e"/>
      </symbol>
      <symbol id="sm-15cd">
         <name>vsnprintf</name>
         <value>0xd161</value>
         <object_component_ref idref="oc-46f"/>
      </symbol>
      <symbol id="sm-15ce">
         <name>__aeabi_ctype_table_</name>
         <value>0x12490</value>
         <object_component_ref idref="oc-5b3"/>
      </symbol>
      <symbol id="sm-15cf">
         <name>__aeabi_ctype_table_C</name>
         <value>0x12490</value>
         <object_component_ref idref="oc-5b3"/>
      </symbol>
      <symbol id="sm-15d7">
         <name>TI_memset_small</name>
         <value>0x10cdd</value>
         <object_component_ref idref="oc-fe"/>
      </symbol>
      <symbol id="sm-15e2">
         <name>__aeabi_errno_addr</name>
         <value>0x11169</value>
         <object_component_ref idref="oc-1f1"/>
      </symbol>
      <symbol id="sm-15e3">
         <name>__aeabi_errno</name>
         <value>0x20000874</value>
         <object_component_ref idref="oc-290"/>
      </symbol>
      <symbol id="sm-15f3">
         <name>_nop</name>
         <value>0x9a3f</value>
         <object_component_ref idref="oc-203"/>
      </symbol>
      <symbol id="sm-15f4">
         <name>_register_lock</name>
         <value>0x10f69</value>
         <object_component_ref idref="oc-1f9"/>
      </symbol>
      <symbol id="sm-15f5">
         <name>_lock</name>
         <value>0x20000878</value>
         <object_component_ref idref="oc-297"/>
      </symbol>
      <symbol id="sm-15f6">
         <name>_register_unlock</name>
         <value>0x10f75</value>
         <object_component_ref idref="oc-1fe"/>
      </symbol>
      <symbol id="sm-15f7">
         <name>_unlock</name>
         <value>0x2000087c</value>
         <object_component_ref idref="oc-29a"/>
      </symbol>
      <symbol id="sm-1601">
         <name>_args_main</name>
         <value>0x106ed</value>
         <object_component_ref idref="oc-49"/>
      </symbol>
      <symbol id="sm-160e">
         <name>strtol</name>
         <value>0x36fd</value>
         <object_component_ref idref="oc-752"/>
      </symbol>
      <symbol id="sm-1619">
         <name>__TI_auto_init_nobinit_nopinit</name>
         <value>0xd4ed</value>
         <object_component_ref idref="oc-70"/>
      </symbol>
      <symbol id="sm-1624">
         <name>__TI_zero_init</name>
         <value>0x10b61</value>
         <object_component_ref idref="oc-62"/>
      </symbol>
      <symbol id="sm-162d">
         <name>__TI_decompress_none</name>
         <value>0x10ceb</value>
         <object_component_ref idref="oc-31"/>
      </symbol>
      <symbol id="sm-1637">
         <name>__TI_decompress_lzss</name>
         <value>0x9cc7</value>
         <object_component_ref idref="oc-2d"/>
      </symbol>
      <symbol id="sm-1677">
         <name>__TI_printfi</name>
         <value>0x41</value>
         <object_component_ref idref="oc-506"/>
      </symbol>
      <symbol id="sm-1685">
         <name>wcslen</name>
         <value>0x10b51</value>
         <object_component_ref idref="oc-54e"/>
      </symbol>
      <symbol id="sm-168f">
         <name>frexp</name>
         <value>0x9e69</value>
         <object_component_ref idref="oc-5c2"/>
      </symbol>
      <symbol id="sm-1690">
         <name>frexpl</name>
         <value>0x9e69</value>
         <object_component_ref idref="oc-5c2"/>
      </symbol>
      <symbol id="sm-169a">
         <name>scalbn</name>
         <value>0x4a91</value>
         <object_component_ref idref="oc-5c6"/>
      </symbol>
      <symbol id="sm-169b">
         <name>ldexp</name>
         <value>0x4a91</value>
         <object_component_ref idref="oc-5c6"/>
      </symbol>
      <symbol id="sm-169c">
         <name>scalbnl</name>
         <value>0x4a91</value>
         <object_component_ref idref="oc-5c6"/>
      </symbol>
      <symbol id="sm-169d">
         <name>ldexpl</name>
         <value>0x4a91</value>
         <object_component_ref idref="oc-5c6"/>
      </symbol>
      <symbol id="sm-16a6">
         <name>__TI_ltoa</name>
         <value>0xaf9f</value>
         <object_component_ref idref="oc-5ce"/>
      </symbol>
      <symbol id="sm-16b0">
         <name>atoi</name>
         <value>0xbfa1</value>
         <object_component_ref idref="oc-54a"/>
      </symbol>
      <symbol id="sm-16b9">
         <name>memccpy</name>
         <value>0xf839</value>
         <object_component_ref idref="oc-543"/>
      </symbol>
      <symbol id="sm-16d1">
         <name>__aeabi_dadd</name>
         <value>0x2767</value>
         <object_component_ref idref="oc-5d6"/>
      </symbol>
      <symbol id="sm-16d2">
         <name>__adddf3</name>
         <value>0x2767</value>
         <object_component_ref idref="oc-5d6"/>
      </symbol>
      <symbol id="sm-16d3">
         <name>__aeabi_dsub</name>
         <value>0x275d</value>
         <object_component_ref idref="oc-5d6"/>
      </symbol>
      <symbol id="sm-16d4">
         <name>__subdf3</name>
         <value>0x275d</value>
         <object_component_ref idref="oc-5d6"/>
      </symbol>
      <symbol id="sm-16da">
         <name>__aeabi_dmul</name>
         <value>0x51ad</value>
         <object_component_ref idref="oc-5da"/>
      </symbol>
      <symbol id="sm-16db">
         <name>__muldf3</name>
         <value>0x51ad</value>
         <object_component_ref idref="oc-5da"/>
      </symbol>
      <symbol id="sm-16e1">
         <name>__aeabi_llsl</name>
         <value>0xf895</value>
         <object_component_ref idref="oc-48e"/>
      </symbol>
      <symbol id="sm-16e2">
         <name>__ashldi3</name>
         <value>0xf895</value>
         <object_component_ref idref="oc-48e"/>
      </symbol>
      <symbol id="sm-16e8">
         <name>__aeabi_ddiv</name>
         <value>0x3981</value>
         <object_component_ref idref="oc-5e2"/>
      </symbol>
      <symbol id="sm-16e9">
         <name>__divdf3</name>
         <value>0x3981</value>
         <object_component_ref idref="oc-5e2"/>
      </symbol>
      <symbol id="sm-16ef">
         <name>__aeabi_d2iz</name>
         <value>0xc1e1</value>
         <object_component_ref idref="oc-5ca"/>
      </symbol>
      <symbol id="sm-16f0">
         <name>__fixdfsi</name>
         <value>0xc1e1</value>
         <object_component_ref idref="oc-5ca"/>
      </symbol>
      <symbol id="sm-16f6">
         <name>__aeabi_i2d</name>
         <value>0xe139</value>
         <object_component_ref idref="oc-5d2"/>
      </symbol>
      <symbol id="sm-16f7">
         <name>__floatsidf</name>
         <value>0xe139</value>
         <object_component_ref idref="oc-5d2"/>
      </symbol>
      <symbol id="sm-16fd">
         <name>__aeabi_llsr</name>
         <value>0xf8b5</value>
         <object_component_ref idref="oc-507"/>
      </symbol>
      <symbol id="sm-16fe">
         <name>__lshrdi3</name>
         <value>0xf8b5</value>
         <object_component_ref idref="oc-507"/>
      </symbol>
      <symbol id="sm-1704">
         <name>__aeabi_dcmpeq</name>
         <value>0xa4b9</value>
         <object_component_ref idref="oc-552"/>
      </symbol>
      <symbol id="sm-1705">
         <name>__aeabi_dcmplt</name>
         <value>0xa4cd</value>
         <object_component_ref idref="oc-552"/>
      </symbol>
      <symbol id="sm-1706">
         <name>__aeabi_dcmple</name>
         <value>0xa4e1</value>
         <object_component_ref idref="oc-552"/>
      </symbol>
      <symbol id="sm-1707">
         <name>__aeabi_dcmpge</name>
         <value>0xa4f5</value>
         <object_component_ref idref="oc-552"/>
      </symbol>
      <symbol id="sm-1708">
         <name>__aeabi_dcmpgt</name>
         <value>0xa509</value>
         <object_component_ref idref="oc-552"/>
      </symbol>
      <symbol id="sm-170e">
         <name>__aeabi_ldivmod</name>
         <value>0x107dd</value>
         <object_component_ref idref="oc-1a4"/>
      </symbol>
      <symbol id="sm-1714">
         <name>__aeabi_memcpy</name>
         <value>0x11395</value>
         <object_component_ref idref="oc-55"/>
      </symbol>
      <symbol id="sm-1715">
         <name>__aeabi_memcpy4</name>
         <value>0x11395</value>
         <object_component_ref idref="oc-55"/>
      </symbol>
      <symbol id="sm-1716">
         <name>__aeabi_memcpy8</name>
         <value>0x11395</value>
         <object_component_ref idref="oc-55"/>
      </symbol>
      <symbol id="sm-171c">
         <name>__aeabi_memmove</name>
         <value>0x11399</value>
         <object_component_ref idref="oc-70e"/>
      </symbol>
      <symbol id="sm-171d">
         <name>__aeabi_memmove4</name>
         <value>0x11399</value>
         <object_component_ref idref="oc-70e"/>
      </symbol>
      <symbol id="sm-171e">
         <name>__aeabi_memmove8</name>
         <value>0x11399</value>
         <object_component_ref idref="oc-70e"/>
      </symbol>
      <symbol id="sm-1724">
         <name>__aeabi_memset</name>
         <value>0x107f1</value>
         <object_component_ref idref="oc-8a"/>
      </symbol>
      <symbol id="sm-1725">
         <name>__aeabi_memset4</name>
         <value>0x107f1</value>
         <object_component_ref idref="oc-8a"/>
      </symbol>
      <symbol id="sm-1726">
         <name>__aeabi_memset8</name>
         <value>0x107f1</value>
         <object_component_ref idref="oc-8a"/>
      </symbol>
      <symbol id="sm-1727">
         <name>__aeabi_memclr</name>
         <value>0x107fd</value>
         <object_component_ref idref="oc-8a"/>
      </symbol>
      <symbol id="sm-1728">
         <name>__aeabi_memclr4</name>
         <value>0x107fd</value>
         <object_component_ref idref="oc-8a"/>
      </symbol>
      <symbol id="sm-1729">
         <name>__aeabi_memclr8</name>
         <value>0x107fd</value>
         <object_component_ref idref="oc-8a"/>
      </symbol>
      <symbol id="sm-172f">
         <name>__aeabi_uldivmod</name>
         <value>0x10805</value>
         <object_component_ref idref="oc-184"/>
      </symbol>
      <symbol id="sm-1735">
         <name>__udivmoddi4</name>
         <value>0x7259</value>
         <object_component_ref idref="oc-20f"/>
      </symbol>
      <symbol id="sm-1741">
         <name>__ledf2</name>
         <value>0x99d1</value>
         <object_component_ref idref="oc-5ba"/>
      </symbol>
      <symbol id="sm-1742">
         <name>__gedf2</name>
         <value>0x9961</value>
         <object_component_ref idref="oc-5c0"/>
      </symbol>
      <symbol id="sm-1743">
         <name>__cmpdf2</name>
         <value>0x99d1</value>
         <object_component_ref idref="oc-5ba"/>
      </symbol>
      <symbol id="sm-1744">
         <name>__eqdf2</name>
         <value>0x99d1</value>
         <object_component_ref idref="oc-5ba"/>
      </symbol>
      <symbol id="sm-1745">
         <name>__ltdf2</name>
         <value>0x99d1</value>
         <object_component_ref idref="oc-5ba"/>
      </symbol>
      <symbol id="sm-1746">
         <name>__nedf2</name>
         <value>0x99d1</value>
         <object_component_ref idref="oc-5ba"/>
      </symbol>
      <symbol id="sm-1747">
         <name>__gtdf2</name>
         <value>0x9961</value>
         <object_component_ref idref="oc-5c0"/>
      </symbol>
      <symbol id="sm-1750">
         <name>__divmoddi4</name>
         <value>0xab71</value>
         <object_component_ref idref="oc-22f"/>
      </symbol>
      <symbol id="sm-175a">
         <name>__aeabi_ldiv0</name>
         <value>0x99cf</value>
         <object_component_ref idref="oc-2a7"/>
      </symbol>
      <symbol id="sm-1763">
         <name>TI_memcpy_small</name>
         <value>0x108cd</value>
         <object_component_ref idref="oc-b4"/>
      </symbol>
      <symbol id="sm-176c">
         <name>memmove</name>
         <value>0xe949</value>
         <object_component_ref idref="oc-74b"/>
      </symbol>
      <symbol id="sm-176d">
         <name>__TI_static_base__</name>
         <value>0x0</value>
      </symbol>
      <symbol id="sm-1770">
         <name>ITM_flush</name>
         <value>0x0</value>
      </symbol>
      <symbol id="sm-1771">
         <name>ITM_restore</name>
         <value>0x0</value>
      </symbol>
      <symbol id="sm-1772">
         <name>__mpu_init</name>
         <value>0x0</value>
      </symbol>
   </symbol_table>
   <title>Link successful</title>
</link_info>
