******************************************************************************
            TI ARM Clang Linker PC v2.1.0                      
******************************************************************************
>> Linked Fri Oct 14 13:40:17 2022

OUTPUT FILE NAME:   <rcp_LP_CC2652RB_tirtos7_ticlang.out>
ENTRY POINT SYMBOL: "ResetISR"  address: 000112d3


MEMORY CONFIGURATION

         name            origin    length      used     unused   attr    fill
----------------------  --------  ---------  --------  --------  ----  --------
  FLASH                 00000000   00058000  00016fec  00041014  R  X
  GPRAM                 11000000   00002000  00000000  00002000  RW X
  SRAM                  20000000   00014000  0000980e  0000a7f2  RW X
  LOG_DATA              90000000   00040000  00000000  00040000  R   


SEGMENT ALLOCATION MAP

run origin  load origin   length   init length attrs members
----------  ----------- ---------- ----------- ----- -------
00000000    00000000    00012dc8   00012dc8    r-x
  00000000    00000000    0000003c   0000003c    r-- .resetVecs
  00000040    00000040    0001135c   0001135c    r-x .text
  000113a0    000113a0    00001a28   00001a28    r-- .rodata
00012dc8    00012dc8    00000008   00000008    rw-
  00012dc8    00012dc8    00000008   00000008    rw- .args
00012dd0    00012dd0    000001cc   000001cc    r--
  00012dd0    00012dd0    000001c4   000001c4    r-- .cinit
  00012f94    00012f94    00000008   00000008    r-- .ARM.exidx
00052000    00052000    00004000   00000000    rw-
  00052000    00052000    00004000   00000000    rw- .TI.bound:flashBuf0
00057fa8    00057fa8    00000058   00000058    r--
  00057fa8    00057fa8    00000058   00000058    r-- .ccfg
200000d8    200000d8    000007b6   00000000    rw-
  200000d8    200000d8    000007b6   00000000    rw- .data
20001810    20001810    00000010   00000000    rw-
  20001810    20001810    00000010   00000000    rw- .TI.bound:dmaUart0RxControlTableEntry
20001820    20001820    00000010   00000000    rw-
  20001820    20001820    00000010   00000000    rw- .TI.bound:dmaUart0TxControlTableEntry
20001830    20001830    00000010   00000000    rw-
  20001830    20001830    00000010   00000000    rw- .TI.bound:dmaSpi0RxControlTableEntry
20001840    20001840    00000010   00000000    rw-
  20001840    20001840    00000010   00000000    rw- .TI.bound:dmaSpi0TxControlTableEntry
20001a30    20001a30    00000010   00000000    rw-
  20001a30    20001a30    00000010   00000000    rw- .TI.bound:dmaSpi0RxAltControlTableEntry
20001a40    20001a40    00004b30   00000000    rw-
  20001a40    20001a40    00000010   00000000    rw- .TI.bound:dmaSpi0TxAltControlTableEntry
  20001a50    20001a50    00004b20   00000000    rw- .bss
20006570    20006570    00004000   00000000    r--
  20006570    20006570    00004000   00000000    r-- .priheap
20013c00    20013c00    00000400   00000000    rw-
  20013c00    20013c00    00000400   00000000    rw- .stack


SECTION ALLOCATION MAP

 output                                  attributes/
section   page    origin      length       input sections
--------  ----  ----------  ----------   ----------------
.binit     0    00000000    00000000     

.cinit     0    00012dd0    000001c4     
                  00012dd0    00000140     (.cinit..data.load) [load image, compression = lzss]
                  00012f10    0000000c     (__TI_handler_table)
                  00012f1c    00000008     (.cinit..TI.bound:dmaSpi0RxAltControlTableEntry.load) [load image, compression = zero_init]
                  00012f24    00000008     (.cinit..TI.bound:dmaSpi0RxControlTableEntry.load) [load image, compression = zero_init]
                  00012f2c    00000008     (.cinit..TI.bound:dmaSpi0TxAltControlTableEntry.load) [load image, compression = zero_init]
                  00012f34    00000008     (.cinit..TI.bound:dmaSpi0TxControlTableEntry.load) [load image, compression = zero_init]
                  00012f3c    00000008     (.cinit..TI.bound:dmaUart0RxControlTableEntry.load) [load image, compression = zero_init]
                  00012f44    00000008     (.cinit..TI.bound:dmaUart0TxControlTableEntry.load) [load image, compression = zero_init]
                  00012f4c    00000008     (.cinit..bss.load) [load image, compression = zero_init]
                  00012f54    00000040     (__TI_cinit_table)

.init_array 
*          0    00000000    00000000     UNINITIALIZED

.ccfg      0    00057fa8    00000058     
                  00057fa8    00000058     ti_devices_config.o (.ccfg)

.data      0    200000d8    000007b6     UNINITIALIZED
                  200000d8    00000174     drivers_cc26x2.a : PowerCC26X2.c.obj (.data.PowerCC26X2_module)
                  2000024c    0000007c     ti_drivers_config.o (.data.gpioPinConfigs)
                  200002c8    00000078     radio.o (.data..L_MergedGlobals.2)
                  20000340    00000070     radio.o (.data..L_MergedGlobals.3)
                  200003b0    00000068     radio.o (.data..L_MergedGlobals.1)
                  20000418    00000068     rf_multiMode_cc26x2.a : RFCC26X2_multiMode.c.cc26x2.ticlang.o (.data..L_MergedGlobals.1)
                  20000480    00000068     ti_sysbios_config.o (.data..L_MergedGlobals.70)
                  200004e8    00000068     ti_sysbios_config.o (.data..L_MergedGlobals)
                  20000550    00000068     ti_sysbios_config.o (.data.ti_sysbios_knl_Clock_Module_state)
                  200005b8    00000064     rf_multiMode_cc26x2.a : RFCC26X2_multiMode.c.cc26x2.ticlang.o (.data..L_MergedGlobals.3)
                  2000061c    00000058                           : RFCC26X2_multiMode.c.cc26x2.ticlang.o (.data..L_MergedGlobals.2)
                  20000674    00000050     ti_radio_config.o (.data.txPowerTable_2400_pa5)
                  200006c4    0000003c     ti_sysbios_config.o (.data.ti_sysbios_knl_Task_Module_state)
                  20000700    00000038     drivers_cc26x2.a : TRNGCC26XX.c.obj (.data..L_MergedGlobals.1)
                  20000738    00000030                      : TRNGCC26XX.c.obj (.data..L_MergedGlobals)
                  20000768    00000028     uart.o (.data..L_MergedGlobals)
                  20000790    00000014     diag.o (.data..L_MergedGlobals.21)
                  200007a4    00000014     ti_sysbios_config.o (.data.defaultPthreadAttrs)
                  200007b8    00000010     alarm.o (.data..L_MergedGlobals)
                  200007c8    00000010     alarm_micro.o (.data..L_MergedGlobals)
                  200007d8    00000010     ti_radio_config.o (.data.RF_prop)
                  200007e8    00000010     driverlib.lib : osc.o (.data._hposcCoeffs)
                  200007f8    00000010     ti_radio_config.o (.data.pOverrides)
                  20000808    0000000c     drivers_cc26x2.a : NVSCC26XX.c.obj (.data..L_MergedGlobals)
                  20000814    00000008     aes_alt.o (.data..L_MergedGlobals)
                  2000081c    00000008     libopenthread_radio.a : random.o (.data..L_MergedGlobals)
                  20000824    00000008     rf_multiMode_cc26x2.a : RFCC26X2_multiMode.c.cc26x2.ticlang.o (.data..L_MergedGlobals)
                  2000082c    00000008                           : RFCC26X2_multiMode.c.cc26x2.ticlang.o (.data.RFCC26XX_schedulerPolicy)
                  20000834    00000008     radio.o (.data.sRxDataQueue)
                  2000083c    00000008     ti_sysbios_config.o (.data.ti_sysbios_gates_GateMutex_Module_state)
                  20000844    00000008     ti_sysbios_config.o (.data.ti_sysbios_heaps_HeapMem_Module_state)
                  2000084c    00000008     ti_sysbios_config.o (.data.ti_sysbios_knl_Mailbox_Module_state)
                  20000854    00000008     ti_sysbios_config.o (.data.ti_sysbios_knl_Semaphore_Module_state)
                  2000085c    00000006     radio.o (.data..L_MergedGlobals)
                  20000862    00000004     drivers_cc26x2.a : TemperatureCC26X2.c.obj (.data..L_MergedGlobals)
                  20000866    00000001     rf_multiMode_cc26x2.a : rf_patch_cpe_ieee_802_15_4.c.cc26x2.ticlang.o (.data.bIeee802154PatchEntered)
                  20000867    00000001     drivers_cc26x2.a : GPIOCC26X2.c.obj (.data.initCalled)
                  20000868    00000004     otstack.o (.data.OtStack_instance)
                  2000086c    00000004     rf_multiMode_cc26x2.a : RFCC26X2_multiMode.c.cc26x2.ticlang.o (.data.RF_fsmActiveState.lfClockSourceLast)
                  20000870    00000004     libopenthread_rcp.a : ncp_base.o (.data._ZN2ot3Ncp7NcpBase12sNcpInstanceE)
                  20000874    00000004     libc.a : aeabi_portable.c.obj (.data.__aeabi_errno)
                  20000878    00000004            : _lock.c.obj (.data._lock)
                  2000087c    00000004            : _lock.c.obj (.data._unlock)
                  20000880    00000004     radio.o (.data.sTransmitRetryCount)
                  20000884    00000003     diag.o (.data..L_MergedGlobals)
                  20000887    00000001     drivers_cc26x2.a : AESECBCC26XX.c.obj (.data.isInitialized)
                  20000888    00000001                      : CryptoResourceCC26XX.c.obj (.data.isInitialized)
                  20000889    00000001                      : ECJPAKECC26X2.c.obj (.data.isInitialized)
                  2000088a    00000001                      : NVS.c.obj (.data.isInitialized)
                  2000088b    00000001                      : PKAResourceCC26XX.c.obj (.data.isInitialized)
                  2000088c    00000001                      : SHA2CC26X2.c.obj (.data.isInitialized)
                  2000088d    00000001                      : TemperatureCC26X2.c.obj (.data.isInitialized)

.bss       0    20001a50    00004b20     UNINITIALIZED
                  20001a50    00001c00     otstack.o (.bss.OtStack_stack)
                  20003650    00001378     libopenthread_rcp.a : ncp_hdlc.o (.bss._ZN2ot3NcpL7sNcpRawE)
                  200049c8    00000800     rcp.o (.bss.rcp_stack)
                  200051c8    000002c0     rf_multiMode_cc26x2.a : RFCC26X2_multiMode.c.cc26x2.ticlang.o (.bss.RF_cmdPool)
                  20005488    00000200     (.common:ti_sysbios_knl_Idle_taskStack)
                  20005688    000001f8     (.common:uart2CC26X2Objects)
                  20005880    00000100     radio.o (.bss.sRfObject)
                  20005980    000000d8     (.common:ti_sysbios_family_arm_m3_Hwi_dispatchTable)
                  20005a58    00000094     radio.o (.bss.sRxBuf0)
                  20005aec    00000094     radio.o (.bss.sRxBuf1)
                  20005b80    00000094     radio.o (.bss.sRxBuf2)
                  20005c14    00000094     radio.o (.bss.sRxBuf3)
                  20005ca8    00000090     libopenthread_radio.a : instance.o (.bss._ZN2ot12gInstanceRawE)
                  20005d38    00000084     (.common:trngCC26XXObjects)
                  20005dbc    0000007f     radio.o (.bss.sTransmitPsdu)
                  20005e3b    00000001     (.common:nvsCC26XXObjects)
                  20005e3c    0000007c     (.common:gpioCallbackFunctions)
                  20005eb8    0000007c     (.common:gpioUserArgs)
                  20005f34    00000004     otstack.o (.bss.OtStack_procQueueDesc)
                  20005f38    00000068     rf_multiMode_cc26x2.a : RFCC26X2_multiMode.c.cc26x2.ticlang.o (.bss.RF_ratModule)
                  20005fa0    00000060     (.common:ti_sysbios_knl_ClockSupport_timerStruct)
                  20006000    00000058     radio.o (.bss.sSrcMatchExtData)
                  20006058    00000058     (.common:ti_sysbios_knl_Idle_taskStruct)
                  200060b0    00000050     (.common:CryptoResourceCC26XX_accessSemaphore)
                  20006100    00000050     (.common:CryptoResourceCC26XX_operationSemaphore)
                  20006150    00000050     (.common:PKAResourceCC26XX_accessSemaphore)
                  200061a0    00000050     (.common:PKAResourceCC26XX_operationSemaphore)
                  200061f0    00000044     rf_multiMode_cc26x2.a : RFCC26X2_multiMode.c.cc26x2.ticlang.o (.bss.RF_clkInactivityObj)
                  20006234    00000044                           : RFCC26X2_multiMode.c.cc26x2.ticlang.o (.bss.RF_clkPowerUpObj)
                  20006278    0000003c                           : RFCC26X2_multiMode.c.cc26x2.ticlang.o (.bss.RF_swiHwObj)
                  200062b4    00000030     (.common:ti_sysbios_knl_Swi_readyQs)
                  200062e4    00000030     (.common:ti_sysbios_knl_Task_readyQs)
                  20006314    0000002c     (.common:BIOS_heapMemObject)
                  20006340    00000028     ti_sysbios_config.o (.bss.tiposix_mqGateStruct)
                  20006368    00000028     (.common:BIOS_rtsGate)
                  20006390    00000028     (.common:aesecbCC26XXObjects)
                  200063b8    00000028     (.common:ti_sysbios_heaps_HeapMem_gate)
                  200063e0    00000024     ti_sysbios_config.o (.bss.clockStruct)
                  20006404    00000020     ti_drivers_config.o (.bss.uart2RxRingBuffer0)
                  20006424    00000020     ti_drivers_config.o (.bss.uart2TxRingBuffer0)
                  20006444    00000020     (.common:ti_sysbios_runtime_System_atexitHandlers)
                  20006464    00000020     (.common:udmaCC26XXObject)
                  20006484    0000001c     otrtosapi.o (.bss.OtRtosApi_sem)
                  200064a0    0000001c     drivers_cc26x2.a : TemperatureCC26X2.c.obj (.bss.batmonHwi)
                  200064bc    0000001c                      : GPIOCC26X2.c.obj (.bss.gpioHwi)
                  200064d8    0000001c     ti_sysbios_config.o (.bss.sem)
                  200064f4    0000001c     (.common:CryptoResourceCC26XX_hwi)
                  20006510    0000001c     (.common:PKAResourceCC26XX_hwi)
                  2000652c    00000014     (.common:ti_sysbios_hal_Seconds_Module_state)
                  20006540    00000008     drivers_cc26x2.a : TemperatureCC26X2.c.obj (.bss.notificationList)
                  20006548    00000004     driverlib.lib : osc.o (.bss.oscHfGlobals.0)
                  2000654c    00000004                   : osc.o (.bss.oscHfGlobals.2)
                  20006550    00000004                   : osc.o (.bss.oscHfGlobals.3)
                  20006554    00000004                   : osc.o (.bss.oscHfGlobals.4)
                  20006558    00000004     radio.o (.bss.sModifyReceiveSrcMatchCmd)
                  2000655c    00000004     (.common:PowerCC26XX_swiKey)
                  20006560    00000004     (.common:PowerCC26XX_taskKey)
                  20006564    00000004     (.common:TRNG_handle)
                  20006568    00000004     (.common:ti_sysbios_family_arm_cc26xx_TimestampProvider_Module_state)
                  2000656c    00000004     (.common:ti_sysbios_knl_Task_defaultStackHeap)

.stack     0    20013c00    00000400     UNINITIALIZED
                  20013c00    00000004     sysbios.a : boot_cortex_m.obj (.stack)
                  20013c04    000003fc     --HOLE--

.priheap   0    20006570    00004000     UNINITIALIZED
                  20006570    00004000     --HOLE--

.log_data 
*          0    90000000    00000000     COPY SECTION

.resetVecs 
*          0    00000000    0000003c     
                  00000000    0000003c     ti_sysbios_config.o (.resetVecs)

.vecs      0    20000000    000000d8     NOLOAD SECTION
                  20000000    000000d8     ti_sysbios_config.o (.vecs)

.text      0    00000040    0001135c     
                  00000040    000009d4     libc.a : _printfi.c.obj (.text:__TI_printfi)
                  00000a14    000005ea     driverlib.lib : osc.o (.text.findHposcCoefficients)
                  00000ffe    00000002     ti_sysbios_config.o (.text.BIOS_nullFunc)
                  00001000    00000498     rf_multiMode_cc26x2.a : RFCC26X2_multiMode.c.cc26x2.ticlang.o (.text.RF_fsmActiveState)
                  00001498    000002b8     libc.a : _printfi.c.obj (.text._pconv_a)
                  00001750    000002a6     drivers_cc26x2.a : UART2.c.obj (.text.UART2_writeTimeout)
                  000019f6    00000002     ti_drivers_config.o (.text.Board_initHook)
                  000019f8    0000029c     rf_multiMode_cc26x2.a : RFCC26X2_multiMode.c.cc26x2.ticlang.o (.text.RF_open)
                  00001c94    0000028e     drivers_cc26x2.a : UART2CC26X2.c.obj (.text.UART2CC26X2_hwiIntFxn)
                  00001f22    00000006                      : AESECBCC26XX.c.obj (.text.AESECB_oneStepEncrypt)
                  00001f28    00000238     libc.a : _printfi.c.obj (.text._pconv_g)
                  00002160    00000236     drivers_cc26x2.a : UART2.c.obj (.text.UART2_readTimeout)
                  00002396    00000002     rf_multiMode_cc26x2.a : rfc.c.cc26x2.ticlang.o (.text.NOROM_RFCCpePatchReset)
                  00002398    000001e4                           : RFCC26X2_multiMode.c.cc26x2.ticlang.o (.text.RF_scheduleCmd)
                  0000257c    000001e0                           : RFCC26X2_multiMode.c.cc26x2.ticlang.o (.text.RF_dispatchNextCmd)
                  0000275c    000001b6     libclang_rt.builtins.a : adddf3.S.obj (.text)
                  00002912    00000002     rf_multiMode_cc26x2.a : RFCC26X2_multiMode.c.cc26x2.ticlang.o (.text.RF_defaultCallback)
                  00002914    000001b4     drivers_cc26x2.a : UART2CC26X2.c.obj (.text.UART2_open)
                  00002ac8    000001ac     ti_sysbios_config.o (.text.mq_open)
                  00002c74    00000004     alarm_micro.o (.text.AlarmMicro_handler)
                  00002c78    000001a0     libc.a : _printfi.c.obj (.text.fcvt)
                  00002e18    00000194     drivers_cc26x2.a : PowerCC26X2_calibrateRCOSC.c.obj (.text.PowerCC26X2_auxISR)
                  00002fac    00000188     radio.o (.text.platformRadioInit)
                  00003134    00000184     drivers_cc26x2.a : AESECBCC26XX.c.obj (.text.AESECB_addDataInternal)
                  000032b8    00000180     libc.a : _printfi.c.obj (.text._pconv_e)
                  00003438    00000168     radio.o (.text.otPlatRadioTransmit)
                  000035a0    0000015c     drivers_cc26x2.a : PowerCC26X2.c.obj (.text.Power_sleep)
                  000036fc    00000148     libc.a : strtol.c.obj (.text.strtol)
                  00003844    0000013c     rf_multiMode_cc26x2.a : RFCC26X2_multiMode.c.cc26x2.ticlang.o (.text.RF_radioOpDoneCb)
                  00003980    00000136     libclang_rt.builtins.a : divdf3.S.obj (.text)
                  00003ab6    00000002     drivers_cc26x2.a : UART2CC26X2.c.obj (.text.UART2CC26X2_eventCallback)
                  00003ab8    00000134     driverlib.lib : osc.o (.text.findHposcPc)
                  00003bec    00000130                   : aes.o (.text.NOROM_AESWriteToKeyStore)
                  00003d1c    00000130     libopenthread_radio.a : aes_ccm.o (.text._ZN2ot6Crypto6AesCcm4InitEjjhPKvh)
                  00003e4c    0000012c     rf_multiMode_cc26x2.a : RFCC26X2_multiMode.c.cc26x2.ticlang.o (.text.RF_close)
                  00003f78    0000012c                           : RFCC26X2_multiMode.c.cc26x2.ticlang.o (.text.RF_fsmSetupState)
                  000040a4    0000012c     drivers_cc26x2.a : TRNGCC26XX.c.obj (.text.TRNGCC26XX_hwiFxn)
                  000041d0    00000124     rf_multiMode_cc26x2.a : RFCC26X2_multiMode.c.cc26x2.ticlang.o (.text.RF_abortCmd)
                  000042f4    00000120     ti_sysbios_config.o (.text.ti_sysbios_family_arm_cc26xx_Timer_construct)
                  00004414    0000011c     sysbios.a : Hwi_asm_gnu.obj (.text.ti_sysbios_family_arm_m3_Hwi_dispatch)
                  00004530    00000118     drivers_cc26x2.a : PowerCC26X2.c.obj (.text.Power_init)
                  00004648    00000118     rf_multiMode_cc26x2.a : RFCC26X2_multiMode.c.cc26x2.ticlang.o (.text.RF_decodeOverridePointers)
                  00004760    00000114     radio.o (.text.otPlatRadioEnergyScan)
                  00004874    00000110     libopenthread_radio.a : sub_mac.o (.text._ZN2ot3Mac6SubMac18HandleTransmitDoneERNS0_7TxFrameEPNS0_7RxFrameE7otError)
                  00004984    0000010c     drivers_cc26x2.a : PowerCC26X2_calibrateRCOSC.c.obj (.text.PowerCC26X2_calibrate)
                  00004a90    0000010c     libc.a : s_scalbn.c.obj (.text.scalbn)
                  00004b9c    00000108     drivers_cc26x2.a : NVSCC26XX.c.obj (.text.NVSCC26XX_write)
                  00004ca4    00000108     rf_multiMode_cc26x2.a : RFCC26X2_multiMode.c.cc26x2.ticlang.o (.text.RF_fsmPowerUpState)
                  00004dac    00000104     drivers_cc26x2.a : GPIOCC26X2.c.obj (.text.GPIO_init)
                  00004eb0    00000104                      : UART2CC26X2.c.obj (.text.UART2CC26X2_initHw)
                  00004fb4    000000fc     diag.o (.text.PlatDiag_processTransmit)
                  000050b0    000000fc     rf_multiMode_cc26x2.a : RFCC26X2_multiMode.c.cc26x2.ticlang.o (.text.RF_hwiCpe0Active)
                  000051ac    000000fc     libclang_rt.builtins.a : muldf3.S.obj (.text)
                  000052a8    000000f8     drivers_cc26x2.a : TRNGCC26XX.c.obj (.text.TRNG_getRandom)
                  000053a0    000000f6     libopenthread_rcp.a : ncp_base_radio.o (.text._ZN2ot3Ncp7NcpBase14PackRadioFrameEP12otRadioFrame7otError)
                  00005496    00000002     libopenthread_radio.a : factory_diags.o (.text._ZN2ot12FactoryDiags5DiagsC2ERNS_8InstanceE)
                  00005498    000000f4     driverlib.lib : sys_ctrl.o (.text.NOROM_SysCtrlStandby)
                  0000558c    000000ec     ti_sysbios_config.o (.text.timer_create)
                  00005678    000000e4     ti_sysbios_config.o (.text.ti_sysbios_knl_Semaphore_pend)
                  0000575c    000000de     libopenthread_rcp.a : ncp_base_radio.o (.text._ZN2ot3Ncp7NcpBase24DecodeStreamRawTxRequestER12otRadioFrame)
                  0000583a    00000002     libopenthread_radio.a : sub_mac_callbacks.o (.text._ZN2ot3Mac6SubMac9Callbacks15RecordCcaStatusEbh)
                  0000583c    000000d8                           : factory_diags.o (.text._ZN2ot12FactoryDiags5Diags10ProcessCmdEhPPcS2_j)
                  00005914    000000d8                           : aes_ccm.o (.text._ZN2ot6Crypto6AesCcm7PayloadEPvS2_jNS1_4ModeE)
                  000059ec    000000d8     ti_sysbios_config.o (.text.pthread_create)
                  00005ac4    000000d8     ti_sysbios_config.o (.text.ti_sysbios_family_arm_m3_Hwi_excFillContext)
                  00005b9c    000000d8     ti_sysbios_config.o (.text.timer_settime)
                  00005c74    000000d4     libopenthread_rcp.a : ncp_base_radio.o (.text._ZN2ot3Ncp7NcpBase19LinkRawTransmitDoneEP12otRadioFrameS3_7otError)
                  00005d48    000000d4                         : ncp_base.o (.text._ZN2ot3Ncp7NcpBaseC2EPNS_8InstanceE)
                  00005e1c    000000d0     drivers_cc26x2.a : PowerCC26X2.c.obj (.text.configureXOSCHF)
                  00005eec    000000ce     libopenthread_radio.a : mac_frame.o (.text._ZN2ot3Mac7TxFrame21ProcessTransmitAesCcmERKNS0_10ExtAddressE)
                  00005fba    000000ce     libopenthread_rcp.a : ncp_hdlc.o (.text._ZN2ot3Ncp7NcpHdlc13EncodeAndSendEv)
                  00006088    000000cc     radio.o (.text.handleTxState)
                  00006154    000000cc     ti_sysbios_config.o (.text.ti_sysbios_knl_Clock_workFuncDynamic)
                  00006220    000000ca     rf_multiMode_cc26x2.a : RFCC26X2_multiMode.c.cc26x2.ticlang.o (.text.RF_updatePaConfiguration)
                  000062ea    000000ca     libopenthread_rcp.a : ncp_base.o (.text._ZN2ot3Ncp7NcpBase15EnqueueResponseEhNS1_12ResponseTypeEj)
                  000063b4    000000c8     diag.o (.text.PlatDiag_processReceive)
                  0000647c    000000c8     ti_sysbios_config.o (.text.clock_gettime)
                  00006544    000000c4     driverlib.lib : setup.o (.text.NOROM_SetupTrimDevice)
                  00006608    000000c4                   : setup.o (.text.TrimAfterColdResetWakeupFromShutDown)
                  000066cc    000000c4     libopenthread_rcp.a : hdlc.o (.text._ZN2ot4Hdlc7Decoder6DecodeEPKht)
                  00006790    000000c4     radio.o (.text.otPlatDiagRadioToneStart)
                  00006854    000000c4     radio.o (.text.populateReceiveFrame)
                  00006918    000000bc     rf_multiMode_cc26x2.a : RFCC26X2_multiMode.c.cc26x2.ticlang.o (.text.RF_swiHw)
                  000069d4    000000bc     libopenthread_rcp.a : ncp_base.o (.text._ZN2ot3Ncp7NcpBase33HandleCommandPropertyInsertRemoveEhjj)
                  00006a90    000000bc     diag.o (.text.otPlatDiagProcess)
                  00006b4c    000000b8     radio.o (.text.platformRadioProcess)
                  00006c04    000000b8     ti_sysbios_config.o (.text.ti_sysbios_knl_Task_Instance_finalize)
                  00006cbc    000000b6     driverlib.lib : osc.o (.text.NOROM_OSC_HPOSCInitializeFrequencyOffsetParameters)
                  00006d72    000000b4                   : osc.o (.text.NOROM_OSCHF_AttemptToSwitchToXosc)
                  00006e26    00000002     libopenthread_radio.a : sub_mac_callbacks.o (.text._ZN2ot3Mac6SubMac9Callbacks16FrameCounterUsedEj)
                  00006e28    000000b4     otstack.o (.text.OtStack_task)
                  00006edc    000000b4     ti_sysbios_config.o (.text.PowerCC26XX_standbyPolicy)
                  00006f90    000000b4     drivers_cc26x2.a : PowerCC26X2.c.obj (.text.Power_releaseDependency)
                  00007044    000000b4     ti_sysbios_config.o (.text.ti_sysbios_knl_Task_setPri)
                  000070f8    000000b0     drivers_cc26x2.a : PowerCC26X2.c.obj (.text.Power_setDependency)
                  000071a8    000000b0     libopenthread_rcp.a : ncp_base.o (.text._ZN2ot3Ncp7NcpBase13HandleReceiveEPKht)
                  00007258    000000b0     libclang_rt.builtins.a : udivmoddi4.S.obj (.text)
                  00007308    000000ac     diag.o (.text.PlatDiag_processTone)
                  000073b4    000000ac     rf_multiMode_cc26x2.a : RFCC26X2_multiMode.c.cc26x2.ticlang.o (.text.RF_initRadioSetup)
                  00007460    000000ac                           : RFCC26X2_multiMode.c.cc26x2.ticlang.o (.text.RF_pendCmd)
                  0000750c    000000aa     driverlib.lib : chipinfo.o (.text.NOROM_ChipInfo_GetChipType)
                  000075b6    00000002     libopenthread_radio.a : sub_mac_callbacks.o (.text._ZN2ot3Mac6SubMac9Callbacks25RecordFrameTransmitStatusERKNS0_7TxFrameEPKNS0_7RxFrameE7otErrorhb)
                  000075b8    000000a8     drivers_cc26x2.a : UART2CC26X2.c.obj (.text.UART2Support_dmaStartRx)
                  00007660    000000a8     libopenthread_rcp.a : ncp_base.o (.text._ZN2ot3Ncp7NcpBase3LogEi11otLogRegionPKc)
                  00007708    000000a8     drivers_cc26x2.a : TemperatureCC26X2.c.obj (.text.temperatureHwiFxn)
                  000077b0    000000a4     libopenthread_radio.a : parse_cmdline.o (.text._ZN2ot5Utils13CmdLineParser8ParseCmdEPcPNS1_3ArgEh)
                  00007854    000000a4     ti_sysbios_config.o (.text.ti_sysbios_knl_Task_Instance_init)
                  000078f8    000000a0     rf_multiMode_cc26x2.a : RFCC26X2_multiMode.c.cc26x2.ticlang.o (.text.RF_calculateDispatchTime)
                  00007998    000000a0     drivers_cc26x2.a : UART2CC26X2.c.obj (.text.UART2Support_dmaStartTx)
                  00007a38    000000a0     libopenthread_rcp.a : ncp_base.o (.text._ZN2ot3Ncp7NcpBase18UpdateChangedPropsEv)
                  00007ad8    000000a0                         : ncp_base.o (.text._ZN2ot3Ncp7NcpBase19SendQueuedResponsesEv)
                  00007b78    000000a0     radio.o (.text.processRxQueue)
                  00007c18    0000009c     libopenthread_rcp.a : ncp_base.o (.text._ZN2ot3Ncp7NcpBase17HandlePropertySetILj48EEE7otErrorv)
                  00007cb4    0000009c     libopenthread_radio.a : radio.o (.text._ZN2ot5Radio4InitEv)
                  00007d50    0000009c     ti_sysbios_config.o (.text.ti_sysbios_knl_Mailbox_Instance_init)
                  00007dec    0000009a     rf_multiMode_cc26x2.a : RFCC26X2_multiMode.c.cc26x2.ticlang.o (.text.RF_defaultSubmitPolicy)
                  00007e86    00000096                           : RFCC26X2_multiMode.c.cc26x2.ticlang.o (.text.RF_verifyGap)
                  00007f1c    00000094                           : RFCC26X2_multiMode.c.cc26x2.ticlang.o (.text.RF_hposcRfCompensateFxn)
                  00007fb0    00000094                           : RFCC26X2_multiMode.c.cc26x2.ticlang.o (.text.RF_ratRestartChannels)
                  00008044    00000094     libopenthread_radio.a : factory_diags.o (.text._ZN2ot12FactoryDiags5Diags11ProcessEchoEhPPcS2_j)
                  000080d8    00000094     libopenthread_rcp.a : spinel_buffer.o (.text._ZN2ot6Spinel6Buffer14OutFrameRemoveEv)
                  0000816c    00000094     radio.o (.text.rfCoreTxCallback)
                  00008200    00000094     ti_sysbios_config.o (.text.ti_sysbios_knl_Clock_startI)
                  00008294    00000094     ti_sysbios_config.o (.text.ti_sysbios_knl_Task_sleep)
                  00008328    0000008c     drivers_cc26x2.a : GPIOCC26XX.c.obj (.text.GPIO_setConfig)
                  000083b4    0000008c                      : TRNGCC26XX.c.obj (.text.TRNG_construct)
                  00008440    0000008c     libopenthread_rcp.a : ncp_base.o (.text._ZN2ot3Ncp7NcpBase24HandleCommandPropertySetEhj)
                  000084cc    0000008c     ti_sysbios_config.o (.text.ti_sysbios_knl_Clock_init)
                  00008558    0000008c     ti_sysbios_config.o (.text.ti_sysbios_knl_Mailbox_post)
                  000085e4    00000088     rf_multiMode_cc26x2.a : RFCC26X2_multiMode.c.cc26x2.ticlang.o (.text.RF_cmdDispatchTime)
                  0000866c    00000088                           : RFCC26X2_multiMode.c.cc26x2.ticlang.o (.text.RF_discardPendCmd)
                  000086f4    00000086     libopenthread_rcp.a : ncp_base_radio.o (.text._ZN2ot3Ncp7NcpBase17HandlePropertySetILj2048EEE7otErrorv)
                  0000877a    00000002     libopenthread_radio.a : sub_mac_callbacks.o (.text._ZN2ot3Mac6SubMac9CallbacksC2ERNS_8InstanceE)
                  0000877c    00000084     rf_multiMode_cc26x2.a : RFCC26X2_multiMode.c.cc26x2.ticlang.o (.text.RF_yield)
                  00008800    00000084     libopenthread_rcp.a : ncp_hdlc.o (.text._ZN2ot3Ncp7NcpHdlc11HandleErrorE7otErrorPht)
                  00008884    00000084     radio.o (.text.otPlatRadioReceive)
                  00008908    00000080     driverlib.lib : sys_ctrl.o (.text.NOROM_SysCtrlSetRechargeBeforePowerDown)
                  00008988    00000080     drivers_cc26x2.a : NVSCC26XX.c.obj (.text.doErase)
                  00008a08    00000080     radio.o (.text.otPlatRadioAddSrcMatchExtEntry)
                  00008a88    00000080     radio.o (.text.otPlatRadioAddSrcMatchShortEntry)
                  00008b08    00000080     ti_sysbios_config.o (.text.ti_sysbios_family_arm_m3_Hwi_initNVIC)
                  00008b88    0000007c     libopenthread_radio.a : factory_diags.o (.text._ZN2ot12FactoryDiags5Diags11ProcessLineEPKcPcj)
                  00008c04    0000007c                           : sub_mac.o (.text._ZN2ot3Mac6SubMac16StartCsmaBackoffEv)
                  00008c80    0000007c     libopenthread_rcp.a : ncp_base.o (.text._ZN2ot3Ncp7NcpBase46HandlePropertySet_SPINEL_PROP_HOST_POWER_STATEEh)
                  00008cfc    0000007c     diag.o (.text.otPlatDiagAlarmCallback)
                  00008d78    0000007c     radio.o (.text.rfCoreSetTransmitPower)
                  00008df4    0000007c     ti_sysbios_config.o (.text.ti_sysbios_family_arm_m3_Hwi_postInit)
                  00008e70    00000078     driverlib.lib : osc.o (.text.NOROM_OSCHF_SwitchToRcOscTurnOffXosc)
                  00008ee8    00000078                   : osc.o (.text.NOROM_OSC_CapArrayAdjustWorkaround_Boot)
                  00008f60    00000078     drivers_cc26x2.a : NVSCC26XX.c.obj (.text.NVSCC26XX_open)
                  00008fd8    00000078                      : PowerCC26X2_calibrateRCOSC_helpers.c.obj (.text.PowerCC26X2_updateSubSecInc)
                  00009050    00000078     rf_multiMode_cc26x2.a : RFCC26X2_multiMode.c.cc26x2.ticlang.o (.text.RF_ratFreeChannel)
                  000090c8    00000078     libopenthread_rcp.a : changed_props_set.o (.text._ZN2ot3Ncp15ChangedPropsSet20EnablePropertyFilterEjb)
                  00009140    00000078     ti_sysbios_config.o (.text._pthread_removeThreadKeys)
                  000091b8    00000078     ti_sysbios_config.o (.text.ti_sysbios_knl_Task_postInit)
                  00009230    00000076     libopenthread_rcp.a : ncp_base.o (.text._ZN2ot3Ncp7NcpBase11StreamWriteEiPKhi)
                  000092a6    00000076                         : spinel_buffer.o (.text._ZN2ot6Spinel6Buffer22OutFramePrepareSegmentEv)
                  0000931c    00000074     rf_multiMode_cc26x2.a : RFCC26X2_multiMode.c.cc26x2.ticlang.o (.text.RF_hwiHw)
                  00009390    00000074     drivers_cc26x2.a : TemperatureCC26X2.c.obj (.text.Temperature_init)
                  00009404    00000074     libopenthread_radio.a : link_raw.o (.text._ZN2ot3Mac7LinkRaw9SetMacKeyEhhRKNS0_3KeyES4_S4_)
                  00009478    00000074     libopenthread_rcp.a : ncp_base.o (.text._ZN2ot3Ncp7NcpBase20CommandHandler_RESETEh)
                  000094ec    00000074                         : ncp_base.o (.text._ZN2ot3Ncp7NcpBase25WritePropertyValueIsFrameEhjb)
                  00009560    00000074                         : ncp_hdlc.o (.text._ZN2ot3Ncp7NcpHdlcC2EPNS_8InstanceEPFiPKhtE)
                  000095d4    00000074     rcp.o (.text.rcp_taskCreate)
                  00009648    00000074     ti_sysbios_config.o (.text.ti_sysbios_knl_Swi_restoreHwi)
                  000096bc    00000074     ti_sysbios_config.o (.text.ti_sysbios_knl_Task_startup)
                  00009730    00000070     drivers_cc26x2.a : AESECBCC26XX.c.obj (.text.AESECB_construct)
                  000097a0    00000070     rf_multiMode_cc26x2.a : RFCC26X2_multiMode.c.cc26x2.ticlang.o (.text.RF_getTxPower)
                  00009810    00000070     libopenthread_radio.a : sub_mac.o (.text._ZN2ot3Mac6SubMac10EnergyScanEht)
                  00009880    00000070     libopenthread_rcp.a : spinel_buffer.o (.text._ZN2ot6Spinel6Buffer16InFrameOverwriteERKNS1_13WritePositionEPKht)
                  000098f0    00000070     ti_sysbios_config.o (.text.ti_sysbios_family_arm_m3_Hwi_Instance_init)
                  00009960    0000006e     libclang_rt.builtins.a : comparedf2.c.obj (.text.__gedf2)
                  000099ce    00000002                            : aeabi_div0.c.obj (.text.__aeabi_ldiv0)
                  000099d0    0000006e                            : comparedf2.c.obj (.text.__ledf2)
                  00009a3e    00000002     libc.a : _lock.c.obj (.text._nop)
                  00009a40    0000006c     drivers_cc26x2.a : AESECBCC26XX.c.obj (.text.AESECB_hwiFxn)
                  00009aac    0000006c     rf_multiMode_cc26x2.a : RFCC26X2_multiMode.c.cc26x2.ticlang.o (.text.RF_issueRadioFreeCb)
                  00009b18    0000006c     libc.a : _printfi.c.obj (.text._mcpy)
                  00009b84    0000006c     ti_sysbios_config.o (.text.ti_sysbios_family_arm_m3_Hwi_dispatchC)
                  00009bf0    0000006c     ti_sysbios_config.o (.text.ti_sysbios_hal_Seconds_getTime)
                  00009c5c    0000006a     rf_multiMode_cc26x2.a : RFCC26X2_multiMode.c.cc26x2.ticlang.o (.text.RF_detachOverrides)
                  00009cc6    0000006a     libc.a : copy_decompress_lzss.c.obj (.text:decompress:lzss)
                  00009d30    00000068     diag.o (.text.PlatDiag_processShield)
                  00009d98    00000068     libopenthread_radio.a : sub_mac.o (.text._ZN2ot3Mac6SubMac23ProcessTransmitSecurityEv)
                  00009e00    00000068                           : mac_frame.o (.text._ZNK2ot3Mac5Frame16FindPayloadIndexEv)
                  00009e68    00000068     libc.a : s_frexp.c.obj (.text.frexp)
                  00009ed0    00000068     radio.o (.text.handleTxAck)
                  00009f38    00000068     ti_sysbios_config.o (.text.ti_sysbios_knl_Swi_run)
                  00009fa0    00000066     rf_multiMode_cc26x2.a : RFCC26X2_multiMode.c.cc26x2.ticlang.o (.text.RF_attachOverrides)
                  0000a006    00000066     libopenthread_rcp.a : ncp_base_radio.o (.text._ZN2ot3Ncp7NcpBase21LinkRawEnergyScanDoneEa)
                  0000a06c    00000064     drivers_cc26x2.a : PowerCC26X2_calibrateRCOSC.c.obj (.text.PowerCC26X2_initiateCalibration)
                  0000a0d0    00000064     rf_multiMode_cc26x2.a : RFCC26X2_multiMode.c.cc26x2.ticlang.o (.text.RF_dispatchNextEvent)
                  0000a134    00000064                           : RFCC26X2_multiMode.c.cc26x2.ticlang.o (.text.RF_hwiCpe0PowerFsm)
                  0000a198    00000064     drivers_cc26x2.a : UDMACC26XX.c.obj (.text.UDMACC26XX_open)
                  0000a1fc    00000064     libopenthread_radio.a : sub_mac.o (.text._ZN2ot3Mac6SubMac13BeginTransmitEv)
                  0000a260    00000064     libopenthread_rcp.a : spinel_encoder.o (.text._ZN2ot6Spinel7Encoder11WriteUint64Ey)
                  0000a2c4    00000064     alarm.o (.text.platformAlarmProcess)
                  0000a328    00000064     ti_sysbios_config.o (.text.pthread_cancel)
                  0000a38c    00000064     ti_sysbios_config.o (.text.ti_sysbios_knl_Idle_init)
                  0000a3f0    00000064     ti_sysbios_config.o (.text.ti_sysbios_knl_TaskSupport_buildTaskStack)
                  0000a454    00000062     rf_multiMode_cc26x2.a : RFCC26X2_multiMode.c.cc26x2.ticlang.o (.text.RF_syncCb)
                  0000a4b6    00000002     drivers_cc26x2.a : PowerCC26X2.c.obj (.text.emptyClockFunc)
                  0000a4b8    00000062     libclang_rt.builtins.a : aeabi_dcmp.S.obj (.text)
                  0000a51a    00000002     drivers_cc26x2.a : CryptoResourceCC26XX.c.obj (.text.errorSpin)
                  0000a51c    00000060                      : CryptoResourceCC26XX.c.obj (.text.CryptoResourceCC26XX_constructRTOSObjects)
                  0000a57c    00000060                      : PKAResourceCC26XX.c.obj (.text.PKAResourceCC26XX_constructRTOSObjects)
                  0000a5dc    00000060                      : UART2CC26X2.c.obj (.text.UART2Support_dmaStopTx)
                  0000a63c    00000060     libopenthread_rcp.a : ncp_base.o (.text._ZN2ot3Ncp7NcpBase32CommandHandler_PROP_VALUE_updateEhj)
                  0000a69c    00000060                         : hdlc.o (.text._ZN2ot4Hdlc7Encoder6EncodeEh)
                  0000a6fc    00000060     libopenthread_radio.a : timer.o (.text._ZN2ot5Timer9Scheduler3AddERS0_RKNS1_8AlarmApiE)
                  0000a75c    00000060                           : aes_ccm.o (.text._ZN2ot6Crypto6AesCcm6HeaderEPKvj)
                  0000a7bc    00000060     alarm.o (.text.otPlatAlarmMilliStartAt)
                  0000a81c    00000060     radio.o (.text.otPlatRadioEnable)
                  0000a87c    00000060     ti_sysbios_config.o (.text.ti_sysbios_heaps_HeapMem_allocUnprotected)
                  0000a8dc    00000060     ti_sysbios_config.o (.text.ti_sysbios_knl_Clock_walkQueueDynamic)
                  0000a93c    00000060     ti_sysbios_config.o (.text.ti_sysbios_knl_Semaphore_post)
                  0000a99c    00000060     ti_sysbios_config.o (.text.ti_sysbios_knl_Swi_schedule)
                  0000a9fc    0000005e     rf_multiMode_cc26x2.a : rfc.c.cc26x2.ticlang.o (.text.NOROM_RFCAnaDivTxOverride)
                  0000aa5a    0000005e     libopenthread_rcp.a : ncp_base.o (.text._ZN2ot3Ncp7NcpBase31HandleFrameRemovedFromNcpBufferEPKv)
                  0000aab8    0000005c     drivers_cc26x2.a : TRNGCC26XX.c.obj (.text.TRNGCC26XX_startTrng)
                  0000ab14    0000005c     libopenthread_rcp.a : ncp_base.o (.text._ZN2ot3Ncp7NcpBase45HandlePropertySet_SPINEL_PROP_NEST_STREAM_MFGEh)
                  0000ab70    0000005c     libclang_rt.builtins.a : divmoddi4.c.obj (.text.__divmoddi4)
                  0000abcc    0000005c     radio.o (.text.otPlatRadioClearSrcMatchShortEntry)
                  0000ac28    0000005c     uart.o (.text.otPlatUartEnable)
                  0000ac84    0000005c     ti_sysbios_config.o (.text.pthread_exit)
                  0000ace0    00000058     rf_multiMode_cc26x2.a : RFCC26X2_multiMode.c.cc26x2.ticlang.o (.text.RF_applyRfCorePatch)
                  0000ad38    00000058     drivers_cc26x2.a : TRNGCC26XX.c.obj (.text.TRNG_init)
                  0000ad90    00000058     libopenthread_radio.a : sub_mac.o (.text._ZN2ot3Mac6SubMac4InitEv)
                  0000ade8    00000058                           : sub_mac.o (.text._ZN2ot3Mac6SubMac9SetMacKeyEhhRKNS0_11KeyMaterialES4_S4_)
                  0000ae40    00000058     radio.o (.text.rfCoreRxCallback)
                  0000ae98    00000058     sysbios.a : Hwi_asm_switch_gnu.obj (.text.ti_sysbios_family_arm_m3_Hwi_initStacks)
                  0000aef0    00000058     ti_sysbios_config.o (.text.timer_gettime)
                  0000af48    00000056     drivers_cc26x2.a : StructRingBuf.c.obj (.text.StructRingBuf_put)
                  0000af9e    00000056     libc.a : _ltoa.c.obj (.text.__TI_ltoa)
                  0000aff4    00000056     ti_sysbios_config.o (.text.ti_sysbios_knl_Mailbox_pend)
                  0000b04a    00000002     drivers_cc26x2.a : PKAResourceCC26XX.c.obj (.text.errorSpin)
                  0000b04c    00000054     rf_multiMode_cc26x2.a : RFCC26X2_multiMode.c.cc26x2.ticlang.o (.text.RF_fsmXOSCState)
                  0000b0a0    00000054                           : RFCC26X2_multiMode.c.cc26x2.ticlang.o (.text.RF_getCurrentTime)
                  0000b0f4    00000054     drivers_cc26x2.a : UART2CC26X2.c.obj (.text.UART2Support_dmaStopRx)
                  0000b148    00000054     libopenthread_radio.a : mac_frame.o (.text._ZN2ot3Mac5Frame17IsDstPanIdPresentEt)
                  0000b19c    00000054                           : mac_frame.o (.text._ZN2ot3Mac5Frame22CalculateAddrFieldSizeEt)
                  0000b1f0    00000054                           : sub_mac.o (.text._ZN2ot3Mac6SubMac11HandleTimerEv)
                  0000b244    00000054     libopenthread_rcp.a : ncp_base.o (.text._ZN2ot3Ncp7NcpBase17HandlePropertyGetILj5EEE7otErrorv)
                  0000b298    00000054                         : ncp_base_radio.o (.text._ZN2ot3Ncp7NcpBase40HandlePropertySet_SPINEL_PROP_STREAM_RAWEh)
                  0000b2ec    00000054     libc.a : _printfi.c.obj (.text._pconv_f)
                  0000b340    00000054     ti_sysbios_config.o (.text.mq_send)
                  0000b394    00000054     radio.o (.text.rfCoreSendReceiveCmd)
                  0000b3e8    00000052     driverlib.lib : chipinfo.o (.text.NOROM_ChipInfo_GetHwRevision)
                  0000b43a    00000052     libopenthread_rcp.a : spinel_buffer.o (.text._ZNK2ot6Spinel6Buffer18InFrameGetDistanceERKNS1_13WritePositionE)
                  0000b48c    00000050     ti_drivers_config.o (.text.Board_shutDownExtFlash)
                  0000b4dc    00000050     otstack.o (.text.OtStack_taskCreate)
                  0000b52c    00000050     rf_multiMode_cc26x2.a : RFCC26X2_multiMode.c.cc26x2.ticlang.o (.text.RF_enableHPOSCTemperatureCompensation)
                  0000b57c    00000050                           : RFCC26X2_multiMode.c.cc26x2.ticlang.o (.text.RF_wakeupNotification)
                  0000b5cc    00000050     drivers_cc26x2.a : UART2CC26X2.c.obj (.text.UART2Support_dmaRefreshRx)
                  0000b61c    00000050     libopenthread_rcp.a : spinel_buffer.o (.text._ZN2ot6Spinel6Buffer17InFrameEndSegmentEt)
                  0000b66c    00000050     radio.o (.text.otPlatRadioEnableSrcMatch)
                  0000b6bc    00000050     radio.o (.text.otPlatRadioSetPromiscuous)
                  0000b70c    00000050     ti_sysbios_config.o (.text.ti_sysbios_hal_Seconds_setTime)
                  0000b75c    00000050     ti_sysbios_config.o (.text.ti_sysbios_knl_Swi_post)
                  0000b7ac    00000050     ti_sysbios_config.o (.text.ti_sysbios_knl_Swi_runLoop)
                  0000b7fc    00000050     ti_sysbios_config.o (.text.ti_sysbios_knl_Task_schedule)
                  0000b84c    0000004e     drivers_cc26x2.a : AESECBCC26XX.c.obj (.text.AESECB_startOperation)
                  0000b89a    0000004e     ti_drivers_config.o (.text.Board_sendExtFlashByte)
                  0000b8e8    0000004e     libc.a : _printfi.c.obj (.text._ecpy)
                  0000b936    0000004e     ti_sysbios_config.o (.text.ti_sysbios_heaps_HeapMem_freeUnprotected)
                  0000b984    0000004c     ti_sysbios_config.o (.text.BIOS_startFunc)
                  0000b9d0    0000004c     driverlib.lib : osc.o (.text.NOROM_OSC_HPOSCRelativeFrequencyOffsetGet)
                  0000ba1c    0000004c     drivers_cc26x2.a : NVSCC26XX.c.obj (.text.NVSCC26XX_init)
                  0000ba68    0000004c                      : NVSCC26XX.c.obj (.text.NVSCC26XX_read)
                  0000bab4    0000004c                      : StructRingBuf.c.obj (.text.StructRingBuf_get)
                  0000bb00    0000004c     libopenthread_radio.a : sub_mac.o (.text._ZN2ot3Mac6SubMac10SampleRssiEv)
                  0000bb4c    0000004c     libopenthread_rcp.a : changed_props_set.o (.text._ZN2ot3Ncp15ChangedPropsSet3AddEjj)
                  0000bb98    0000004c                         : ncp_base.o (.text._ZN2ot3Ncp7NcpBase17DecodeChannelMaskERj)
                  0000bbe4    0000004c                         : spinel_buffer.o (.text._ZN2ot6Spinel6Buffer19InFrameBeginSegmentEv)
                  0000bc30    0000004c     radio.o (.text.rfCoreModifySourceMatchEntry)
                  0000bc7c    0000004c     drivers_cc26x2.a : PowerCC26X2.c.obj (.text.switchXOSCHF)
                  0000bcc8    0000004c     ti_sysbios_config.o (.text.ti_sysbios_knl_Swi_Instance_init)
                  0000bd14    0000004a     libopenthread_rcp.a : spinel_buffer.o (.text._ZN2ot6Spinel6Buffer12InFrameResetERKNS1_13WritePositionE)
                  0000bd5e    00000002     diag.o (.text.otPlatDiagChannelSet)
                  0000bd60    00000048     ti_sysbios_config.o (.text.BIOS_init)
                  0000bda8    00000048     driverlib.lib : aux_sysif.o (.text.NOROM_AUXSYSIFOpModeChange)
                  0000bdf0    00000048     rf_multiMode_cc26x2.a : rfc.c.cc26x2.ticlang.o (.text.NOROM_RFCSynthPowerDown)
                  0000be38    00000048     drivers_cc26x2.a : PowerCC26X2.c.obj (.text.PowerCC26XX_switchXOSC_HF)
                  0000be80    00000048                      : TemperatureCC26X2.c.obj (.text.Temperature_registerNotifyRange)
                  0000bec8    00000048     libopenthread_radio.a : sub_mac.o (.text._ZN2ot3Mac6SubMac20StartTimerForBackoffEh)
                  0000bf10    00000048                           : sub_mac.o (.text._ZN2ot3Mac6SubMacC2ERNS_8InstanceE)
                  0000bf58    00000048     libopenthread_rcp.a : ncp_base.o (.text._ZN2ot3Ncp7NcpBase17HandlePropertyGetILj35EEE7otErrorv)
                  0000bfa0    00000048     libc.a : atoi.c.obj (.text.atoi)
                  0000bfe8    00000048     drivers_cc26x2.a : PowerCC26X2.c.obj (.text.oscillatorISR)
                  0000c030    00000048     radio.o (.text.otPlatRadioClearSrcMatchExtEntry)
                  0000c078    00000048     radio.o (.text.startTransmit)
                  0000c0c0    00000048     ti_sysbios_config.o (.text.ti_sysbios_family_arm_cc26xx_Timer_start)
                  0000c108    00000048     ti_sysbios_config.o (.text.ti_sysbios_heaps_HeapMem_Instance_init)
                  0000c150    00000048     ti_sysbios_config.o (.text.ti_sysbios_heaps_HeapMem_alloc)
                  0000c198    00000048     ti_sysbios_config.o (.text.ti_sysbios_runtime_Startup_exec)
                  0000c1e0    00000048     libclang_rt.builtins.a : fixdfsi.S.obj (.text)
                  0000c228    00000046     drivers_cc26x2.a : RingBuf.c.obj (.text.RingBuf_put)
                  0000c26e    00000046                      : UART2.c.obj (.text.UART2_readFull)
                  0000c2b4    00000046     libopenthread_radio.a : sub_mac.o (.text._ZN2ot3Mac6SubMac30SignalFrameCounterUsedOnTxDoneERKNS0_7TxFrameE)
                  0000c2fa    00000046     libopenthread_rcp.a : spinel_encoder.o (.text._ZN2ot6Spinel7Encoder10OpenStructEv)
                  0000c340    00000044     ti_sysbios_config.o (.text.BIOS_atExitFunc)
                  0000c384    00000044     drivers_cc26x2.a : GPIOCC26X2.c.obj (.text.GPIO_hwiIntFxn)
                  0000c3c8    00000044     driverlib.lib : prcm.o (.text.NOROM_PRCMPowerDomainsAllOff)
                  0000c40c    00000044                   : prcm.o (.text.NOROM_PRCMPowerDomainsAllOn)
                  0000c450    00000044     drivers_cc26x2.a : PowerCC26X2.c.obj (.text.PowerCC26XX_isStableXOSC_HF)
                  0000c494    00000044     rf_multiMode_cc26x2.a : RFCC26X2_multiMode.c.cc26x2.ticlang.o (.text.RF_TxPowerTable_findValue)
                  0000c4d8    00000044                           : RFCC26X2_multiMode.c.cc26x2.ticlang.o (.text.RF_cmdGet)
                  0000c51c    00000044                           : RFCC26X2_multiMode.c.cc26x2.ticlang.o (.text.RF_updatePowerupDuration)
                  0000c560    00000044     libopenthread_rcp.a : ncp_base.o (.text._ZN2ot3Ncp7NcpBase13HandleCommandEh)
                  0000c5a4    00000044                         : ncp_base_dispatcher.o (.text._ZN2ot3Ncp7NcpBase19FindPropertyHandlerEPKNS1_12HandlerEntryEjj)
                  0000c5e8    00000044                         : hdlc.o (.text._ZN2ot4Hdlc7Encoder8EndFrameEv)
                  0000c62c    00000044                         : spinel_buffer.o (.text._ZN2ot6Spinel6Buffer28UpdateReadWriteStartPointersEv)
                  0000c670    00000044                         : spinel_encoder.o (.text._ZN2ot6Spinel7Encoder11CloseStructEv)
                  0000c6b4    00000044     drivers_cc26x2.a : TemperatureCC26X2.c.obj (.text.degreesToCode)
                  0000c6f8    00000044     alarm.o (.text.platformAlarmInit)
                  0000c73c    00000044     alarm_micro.o (.text.platformAlarmMicroInit)
                  0000c780    00000044     rf_multiMode_cc26x2.a : rf_patch_cpe_ieee_802_15_4.c.cc26x2.ticlang.o (.text.rf_patch_cpe_ieee_802_15_4)
                  0000c7c4    00000044     drivers_cc26x2.a : TemperatureCC26X2.c.obj (.text.setNextThresholds)
                  0000c808    00000044     libc.a : snprintf.c.obj (.text.snprintf)
                  0000c84c    00000044     ti_sysbios_config.o (.text.ti_sysbios_family_arm_m3_Hwi_Instance_finalize)
                  0000c890    00000044     ti_sysbios_config.o (.text.ti_sysbios_family_arm_m3_Hwi_construct2)
                  0000c8d4    00000044     ti_sysbios_config.o (.text.ti_sysbios_family_arm_m3_Hwi_disableInterrupt)
                  0000c918    00000044     ti_sysbios_config.o (.text.ti_sysbios_family_arm_m3_Hwi_enableInterrupt)
                  0000c95c    00000044     ti_sysbios_config.o (.text.ti_sysbios_knl_Swi_restore)
                  0000c9a0    00000042     libopenthread_rcp.a : ncp_base_radio.o (.text._ZN2ot3Ncp7NcpBase17HandlePropertySetILj4868EEE7otErrorv)
                  0000c9e2    00000042                         : ncp_base.o (.text._ZN2ot3Ncp7NcpBase17HandlePropertySetILj55EEE7otErrorv)
                  0000ca24    00000040     drivers_cc26x2.a : PowerCC26X2_calibrateRCOSC.c.obj (.text.PowerCC26X2_RCOSC_clockFunc)
                  0000ca64    00000040                      : PowerCC26X2_calibrateRCOSC_helpers.c.obj (.text.PowerCC26X2_setAclkRefSrc)
                  0000caa4    00000040     rf_multiMode_cc26x2.a : RFCC26X2_multiMode.c.cc26x2.ticlang.o (.text.RF_updateHpOscOverride)
                  0000cae4    00000040     libopenthread_radio.a : sub_mac.o (.text._ZN2ot3Mac6SubMac17HandleReceiveDoneEPNS0_7RxFrameE7otError)
                  0000cb24    00000040     libopenthread_rcp.a : ncp_base.o (.text._ZN2ot3Ncp7NcpBase17HandlePropertySetILj16387EEE7otErrorv)
                  0000cb64    00000040                         : spinel_buffer.o (.text._ZN2ot6Spinel6Buffer5ClearEv)
                  0000cba4    00000040     drivers_cc26x2.a : NVSCC26XX.c.obj (.text.disableFlashCache)
                  0000cbe4    00000040     libopenthread_rcp.a : ncp_base.o (.text.otPlatLog)
                  0000cc24    00000040     ti_sysbios_config.o (.text.ti_sysbios_heaps_HeapMem_getStats)
                  0000cc64    00000040     ti_sysbios_config.o (.text.ti_sysbios_knl_Clock_getTicksUntilInterrupt)
                  0000cca4    00000040     ti_sysbios_config.o (.text.ti_sysbios_knl_Mailbox_create)
                  0000cce4    00000040     ti_sysbios_config.o (.text.ti_sysbios_knl_Task_exit)
                  0000cd24    0000003e     libopenthread_rcp.a : ncp_base.o (.text._ZN2ot3Ncp7NcpBase17HandlePropertySetILj33EEE7otErrorv)
                  0000cd62    0000003e                         : ncp_base_radio.o (.text._ZN2ot3Ncp7NcpBase17HandlePropertySetILj4869EEE7otErrorv)
                  0000cda0    0000003c     drivers_cc26x2.a : GPIO.c.obj (.text.GPIO_resetConfig)
                  0000cddc    0000003c     ti_sysbios_config.o (.text.HwiP_construct)
                  0000ce18    0000003c     driverlib.lib : sys_ctrl.o (.text.NOROM_SysCtrlIdle)
                  0000ce54    0000003c     drivers_cc26x2.a : PowerCC26X2_calibrateRCOSC_helpers.c.obj (.text.PowerCC26X2_setTdcClkSrc24M)
                  0000ce90    0000003c     libopenthread_rcp.a : ncp_base.o (.text._ZN2ot3Ncp7NcpBase17HandlePropertySetILj56EEE7otErrorv)
                  0000cecc    0000003c     radio.o (.text.otPlatRadioClearSrcMatchExtEntries)
                  0000cf08    0000003c     radio.o (.text.otPlatRadioClearSrcMatchShortEntries)
                  0000cf44    0000003c     ti_sysbios_config.o (.text.ti_sysbios_family_arm_cc26xx_Timer_periodicStub)
                  0000cf80    0000003c     ti_sysbios_config.o (.text.ti_sysbios_family_arm_cc26xx_Timer_setThreshold)
                  0000cfbc    0000003c     ti_sysbios_config.o (.text.ti_sysbios_heaps_HeapMem_construct)
                  0000cff8    0000003c     ti_sysbios_config.o (.text.ti_sysbios_knl_ClockSupport_init)
                  0000d034    0000003c     ti_sysbios_config.o (.text.ti_sysbios_knl_Task_blockI)
                  0000d070    0000003c     ti_sysbios_config.o (.text.ti_sysbios_knl_Task_create)
                  0000d0ac    0000003c     ti_sysbios_config.o (.text.ti_sysbios_knl_Task_restore)
                  0000d0e8    0000003c     ti_sysbios_config.o (.text.ti_sysbios_runtime_Memory_alloc)
                  0000d124    0000003c     drivers_cc26x2.a : TemperatureCC26X2.c.obj (.text.updateThresholds)
                  0000d160    0000003c     libc.a : vsnprintf.c.obj (.text.vsnprintf)
                  0000d19c    0000003a     libopenthread_radio.a : factory_diags.o (.text._ZN2ot12FactoryDiags5Diags14ProcessChannelEhPPcS2_j)
                  0000d1d6    0000003a     libopenthread_rcp.a : spinel_decoder.o (.text._ZN2ot6Spinel7Decoder8ReadUtf8ERPKc)
                  0000d210    0000003a     libopenthread_radio.a : mac_frame.o (.text._ZNK2ot3Mac5Frame23SkipSecurityHeaderIndexEv)
                  0000d24a    0000003a     ti_sysbios_config.o (.text.ti_sysbios_knl_Task_checkStacks)
                  0000d284    00000038     drivers_cc26x2.a : AESECBCC26XX.c.obj (.text.AESECB_cleanup)
                  0000d2bc    00000038                      : PowerCC26X2_helpers.c.obj (.text.PowerCC26X2_oscDisableQualifiers)
                  0000d2f4    00000038                      : RingBuf.c.obj (.text.RingBuf_putAdvance)
                  0000d32c    00000038     libopenthread_rcp.a : spinel_buffer.o (.text._ZN2ot6Spinel6Buffer10InFrameEndEv)
                  0000d364    00000038     libopenthread_radio.a : mac_frame.o (.text._ZNK2ot3Mac5Frame8GetKeyIdERh)
                  0000d39c    00000038     libopenthread_rcp.a : changed_props_set.o (.text._ZNK2ot3Ncp15ChangedPropsSet18IsPropertyFilteredEj)
                  0000d3d4    00000038     ti_sysbios_config.o (.text.getTime)
                  0000d40c    00000038     radio.o (.text.otPlatRadioGetIeeeEui64)
                  0000d444    00000038     radio.o (.text.otPlatRadioSleep)
                  0000d47c    00000038     uart.o (.text.platformUartProcess)
                  0000d4b4    00000038     ti_sysbios_config.o (.text.ti_sysbios_knl_Task_processVitalTaskFlag)
                  0000d4ec    00000038     libc.a : autoinit.c.obj (.text:__TI_auto_init_nobinit_nopinit)
                  0000d524    00000036     drivers_cc26x2.a : UART2.c.obj (.text.UART2_rxEnable)
                  0000d55a    00000036     libopenthread_rcp.a : spinel_buffer.o (.text._ZN2ot6Spinel6Buffer13InFrameAppendEh)
                  0000d590    00000036                         : spinel_buffer.o (.text._ZN2ot6Spinel6Buffer13OutFrameBeginEv)
                  0000d5c6    00000036                         : spinel_encoder.o (.text._ZN2ot6Spinel7Encoder11WriteUint32Ej)
                  0000d5fc    00000036     ti_sysbios_config.o (.text.mq_receive)
                  0000d632    00000036     libopenthread_rcp.a : spinel.o (.text.spinel_packed_uint_decode)
                  0000d668    00000034     drivers_cc26x2.a : PowerCC26X2.c.obj (.text.Power_releaseConstraint)
                  0000d69c    00000034     rf_multiMode_cc26x2.a : RFCC26X2_multiMode.c.cc26x2.ticlang.o (.text.RF_TxPowerTable_findPowerLevel)
                  0000d6d0    00000034                           : RFCC26X2_multiMode.c.cc26x2.ticlang.o (.text.RF_powerConstraintRelease)
                  0000d704    00000034                           : RFCC26X2_multiMode.c.cc26x2.ticlang.o (.text.RF_runDirectImmediateCmd)
                  0000d738    00000034     ti_sysbios_config.o (.text.SwiP_construct)
                  0000d76c    00000034     drivers_cc26x2.a : UART2CC26X2.c.obj (.text.UART2Support_sendData)
                  0000d7a0    00000034     libopenthread_rcp.a : ncp_base_radio.o (.text._ZN2ot3Ncp7NcpBase17HandlePropertySetILj32EEE7otErrorv)
                  0000d7d4    00000034                         : ncp_base.o (.text._ZN2ot3Ncp7NcpBase17HandlePropertySetILj43EEE7otErrorv)
                  0000d808    00000034                         : ncp_base.o (.text._ZN2ot3Ncp7NcpBase20WriteLastStatusFrameEhj)
                  0000d83c    00000034     libopenthread_radio.a : timer.o (.text._ZN2ot5Timer9Scheduler13ProcessTimersERKNS1_8AlarmApiE)
                  0000d870    00000034     libopenthread_rcp.a : spinel_buffer.o (.text._ZNK2ot6Spinel6Buffer11GetDistanceEPKhS3_NS1_9DirectionE)
                  0000d8a4    00000034     libc.a : _printfi.c.obj (.text._fcpy)
                  0000d8d8    00000034     ti_sysbios_config.o (.text._pthread_cleanupFxn)
                  0000d90c    00000034     radio.o (.text.otPlatDiagRadioToneStop)
                  0000d940    00000034     ti_sysbios_config.o (.text.ti_sysbios_family_arm_m3_Hwi_getStackInfo)
                  0000d974    00000034     ti_sysbios_config.o (.text.ti_sysbios_family_arm_m3_Hwi_init)
                  0000d9a8    00000034     ti_sysbios_config.o (.text.ti_sysbios_knl_Clock_Instance_init)
                  0000d9dc    00000034     ti_sysbios_config.o (.text.ti_sysbios_knl_Task_unblockI)
                  0000da10    00000034     ti_sysbios_config.o (.text.ti_sysbios_runtime_Error_raiseX)
                  0000da44    00000034     sysbios.a : boot_cortex_m.obj (.text:_c_int00)
                  0000da78    00000032     libopenthread_radio.a : factory_diags.o (.text._ZN2ot12FactoryDiags5Diags12ProcessPowerEhPPcS2_j)
                  0000daaa    00000032     libopenthread_rcp.a : ncp_base_radio.o (.text._ZN2ot3Ncp7NcpBase18LinkRawReceiveDoneEP12otRadioFrame7otError)
                  0000dadc    00000032                         : spinel_buffer.o (.text._ZN2ot6Spinel6Buffer16OutFrameReadByteEv)
                  0000db0e    00000032                         : spinel_encoder.o (.text._ZN2ot6Spinel7Encoder9WriteUtf8EPKc)
                  0000db40    00000032     ti_sysbios_config.o (.text.ti_sysbios_knl_Semaphore_pendTimeout)
                  0000db72    00000002     diag.o (.text.otPlatDiagTxPowerSet)
                  0000db74    00000030     ti_drivers_config.o (.text.Board_wakeUpExtFlash)
                  0000dba4    00000030     ti_sysbios_config.o (.text.ClockP_construct)
                  0000dbd4    00000030     drivers_cc26x2.a : NVSCC26XX.c.obj (.text.NVSCC26XX_erase)
                  0000dc04    00000030                      : PowerCC26X2.c.obj (.text.Power_setConstraint)
                  0000dc34    00000030     rf_multiMode_cc26x2.a : RFCC26X2_multiMode.c.cc26x2.ticlang.o (.text.RF_checkCmdFsError)
                  0000dc64    00000030     ti_sysbios_config.o (.text.SemaphoreP_construct)
                  0000dc94    00000030     libopenthread_radio.a : sub_mac.o (.text._ZN2ot3Mac6SubMac4SendEv)
                  0000dcc4    00000030                           : sub_mac.o (.text._ZN2ot3Mac6SubMac7DisableEv)
                  0000dcf4    00000030                           : timer.o (.text._ZN2ot5Timer9Scheduler8SetAlarmERKNS1_8AlarmApiE)
                  0000dd24    00000030                           : aes_ccm.o (.text._ZN2ot6Crypto6AesCcm8FinalizeEPv)
                  0000dd54    00000030                           : random.o (.text._ZN2ot6Random7ManagerC2Ev)
                  0000dd84    00000030     libopenthread_rcp.a : spinel_buffer.o (.text._ZN2ot6Spinel6Buffer15InFrameFeedDataEPKht)
                  0000ddb4    00000030     libc.a : snprintf.c.obj (.text._outs)
                  0000dde4    00000030            : vsnprintf.c.obj (.text._outs)
                  0000de14    00000030     ti_sysbios_config.o (.text.clock_settime)
                  0000de44    00000030     aes_alt.o (.text.mbedtls_aes_crypt_ecb)
                  0000de74    00000030     drivers_cc26x2.a : PowerCC26X2.c.obj (.text.notify)
                  0000dea4    00000030     libopenthread_radio.a : crypto_platform.o (.text.otPlatCryptoAesSetKey)
                  0000ded4    00000030     rcp.o (.text.rcp_task)
                  0000df04    00000030     ti_sysbios_config.o (.text.ti_sysbios_family_arm_m3_Hwi_excHandlerMin)
                  0000df34    00000030     ti_sysbios_config.o (.text.ti_sysbios_heaps_HeapMem_free)
                  0000df64    00000030     ti_sysbios_config.o (.text.ti_sysbios_knl_TaskSupport_start)
                  0000df94    00000030     ti_sysbios_config.o (.text.ti_sysbios_runtime_System_atexit)
                  0000dfc4    00000030     ti_sysbios_config.o (.text.ti_sysbios_runtime_System_processAtExit)
                  0000dff4    00000030     ti_sysbios_config.o (.text.timer_delete)
                  0000e024    0000002e     driverlib.lib : chipinfo.o (.text.NOROM_ThisLibraryIsFor_CC13x2_CC26x2_HwRev20AndLater_HaltIfViolated)
                  0000e052    0000002e     rf_multiMode_cc26x2.a : RFCC26X2_multiMode.c.cc26x2.ticlang.o (.text.RF_calculateDeltaTimeUs)
                  0000e080    0000002e     drivers_cc26x2.a : RingBuf.c.obj (.text.RingBuf_getConsume)
                  0000e0ae    0000002e                      : RingBuf.c.obj (.text.RingBuf_putPointer)
                  0000e0dc    0000002e     libopenthread_rcp.a : ncp_hdlc.o (.text._ZN2ot3Ncp7NcpHdlc11HandleFrameE7otError)
                  0000e10a    0000002e     ti_sysbios_config.o (.text.ti_sysbios_knl_Mailbox_postInit)
                  0000e138    0000002e     libclang_rt.builtins.a : floatsidf.S.obj (.text)
                  0000e166    00000002     libopenthread_radio.a : radio_platform.o (.text.otPlatRadioSetMacFrameCounter)
                  0000e168    0000002c     drivers_cc26x2.a : NVS.c.obj (.text.NVS_init)
                  0000e194    0000002c     diag.o (.text.PlatDiag_calculatePER)
                  0000e1c0    0000002c     ti_sysbios_config.o (.text.PowerCC26XX_schedulerDisable)
                  0000e1ec    0000002c     rf_multiMode_cc26x2.a : RFCC26X2_multiMode.c.cc26x2.ticlang.o (.text.RF_executeDirectImmediateCmd)
                  0000e218    0000002c     drivers_cc26x2.a : TRNGCC26XX.c.obj (.text.TRNGCC26XX_stopTrng)
                  0000e244    0000002c                      : TemperatureCC26X2.c.obj (.text.Temperature_unregisterNotify)
                  0000e270    0000002c                      : UART2CC26X2.c.obj (.text.UART2CC26X2_getRxData)
                  0000e29c    0000002c                      : UART2CC26X2.c.obj (.text.UART2Support_enableInts)
                  0000e2c8    0000002c     libopenthread_radio.a : factory_diags.o (.text._ZN2ot12FactoryDiags5Diags8ParseCmdEPcRhPS2_)
                  0000e2f4    0000002c                           : mac_frame.o (.text._ZN2ot3Mac5Frame17IsSrcPanIdPresentEt)
                  0000e320    0000002c                           : mac_frame.o (.text._ZN2ot3Mac5Frame8SetKeyIdEh)
                  0000e34c    0000002c     libopenthread_rcp.a : ncp_base.o (.text._ZN2ot3Ncp7NcpBase17HandlePropertyGetILj36EEE7otErrorv)
                  0000e378    0000002c                         : ncp_base.o (.text._ZN2ot3Ncp7NcpBase17HandlePropertyGetILj37EEE7otErrorv)
                  0000e3a4    0000002c                         : ncp_base.o (.text._ZN2ot3Ncp7NcpBase17HandlePropertyGetILj42EEE7otErrorv)
                  0000e3d0    0000002c                         : ncp_base.o (.text._ZN2ot3Ncp7NcpBase17HandlePropertyGetILj44EEE7otErrorv)
                  0000e3fc    0000002c                         : ncp_base.o (.text._ZN2ot3Ncp7NcpBase37HandlePropertySetForSpecialPropertiesEhjR7otError)
                  0000e428    0000002c                         : spinel_decoder.o (.text._ZN2ot6Spinel7Decoder14ReadUintPackedERj)
                  0000e454    0000002c                         : spinel_decoder.o (.text._ZN2ot6Spinel7Decoder15ReadDataWithLenERPKhRt)
                  0000e480    0000002c     libopenthread_radio.a : instance.o (.text._ZN2ot8InstanceC2Ev)
                  0000e4ac    0000002c     ti_sysbios_config.o (.text._pthread_delete)
                  0000e4d8    0000002c     aes_alt.o (.text.mbedtls_aes_init)
                  0000e504    0000002c     alarm.o (.text.otPlatAlarmMilliGetNow)
                  0000e530    0000002c     entropy.o (.text.otPlatEntropyGet)
                  0000e55c    0000002c     entropy.o (.text.platformRandomInit)
                  0000e588    0000002c     radio.o (.text.rfCoreFindExtSrcMatchIdx)
                  0000e5b4    0000002c     libopenthread_rcp.a : spinel.o (.text.spinel_packed_uint_encode)
                  0000e5e0    0000002c     ti_sysbios_config.o (.text.ti_sysbios_gates_GateMutex_enter)
                  0000e60c    0000002c     ti_sysbios_config.o (.text.ti_sysbios_knl_Clock_getTicks)
                  0000e638    0000002c     ti_sysbios_config.o (.text.ti_sysbios_knl_Clock_getTimeout)
                  0000e664    0000002c     ti_sysbios_config.o (.text.ti_sysbios_knl_Task_restoreHwi)
                  0000e690    0000002c     ti_sysbios_config.o (.text.usleep)
                  0000e6bc    0000002a     driverlib.lib : osc.o (.text.NOROM_OSCHF_TurnOnXosc)
                  0000e6e6    0000002a     drivers_cc26x2.a : TRNGCC26XX.c.obj (.text.TRNG_generateKey)
                  0000e710    0000002a     libopenthread_rcp.a : spinel_encoder.o (.text._ZN2ot6Spinel7Encoder10BeginFrameEhj)
                  0000e73a    0000002a                         : spinel.o (.text.spinel_packed_uint_size)
                  0000e764    0000002a     ti_sysbios_config.o (.text.ti_sysbios_family_arm_cc26xx_Timer_setNextTick)
                  0000e78e    0000002a     ti_sysbios_config.o (.text.ti_sysbios_knl_Task_allBlockedFunction)
                  0000e7b8    00000028     ti_sysbios_config.o (.text.BIOS_registerRTSLock)
                  0000e7e0    00000028     drivers_cc26x2.a : List.c.obj (.text.List_remove)
                  0000e808    00000028     rf_multiMode_cc26x2.a : RFCC26X2_multiMode.c.cc26x2.ticlang.o (.text.RF_cmdStoreEvents)
                  0000e830    00000028     libopenthread_radio.a : sub_mac.o (.text._ZN2ot3Mac6SubMac13SetExtAddressERKNS0_10ExtAddressE)
                  0000e858    00000028                           : sub_mac.o (.text._ZN2ot3Mac6SubMac6EnableEv)
                  0000e880    00000028                           : link_raw.o (.text._ZN2ot3Mac7LinkRawC2ERNS_8InstanceE)
                  0000e8a8    00000028     libopenthread_rcp.a : ncp_base.o (.text._ZN2ot3Ncp7NcpBase17EncodeChannelMaskEj)
                  0000e8d0    00000028                         : ncp_base.o (.text._ZN2ot3Ncp7NcpBase17HandlePropertyGetILj48EEE7otErrorv)
                  0000e8f8    00000028                         : spinel_buffer.o (.text._ZN2ot6Spinel6Buffer12InFrameBeginENS1_8PriorityE)
                  0000e920    00000028     ti_sysbios_config.o (.text.findInList)
                  0000e948    00000028     libc.a : memmov.c.obj (.text.memmove)
                  0000e970    00000028     alarm.o (.text.otPlatAlarmMilliStop)
                  0000e998    00000028     radio.o (.text.otPlatRadioDisable)
                  0000e9c0    00000028     radio.o (.text.otPlatRadioGetTransmitPower)
                  0000e9e8    00000028     ti_sysbios_config.o (.text.sem_init)
                  0000ea10    00000028     sysbios.a : Hwi_asm_gnu.obj (.text.ti_sysbios_family_arm_m3_Hwi_excHandlerAsm)
                  0000ea38    00000028     ti_sysbios_config.o (.text.ti_sysbios_gates_GateMutex_Instance_init)
                  0000ea60    00000028     ti_sysbios_config.o (.text.ti_sysbios_knl_Semaphore_Instance_init)
                  0000ea88    00000028     ti_sysbios_config.o (.text.ti_sysbios_knl_Swi_init)
                  0000eab0    00000028     sysbios.a : TaskSupport_asm_gnu.obj (.text.ti_sysbios_knl_TaskSupport_swap)
                  0000ead8    00000028     ti_sysbios_config.o (.text.ti_sysbios_knl_Task_construct)
                  0000eb00    00000028     ti_sysbios_config.o (.text.ti_sysbios_knl_Task_init)
                  0000eb28    00000026     drivers_cc26x2.a : List.c.obj (.text.List_insert)
                  0000eb4e    00000026                      : List.c.obj (.text.List_putHead)
                  0000eb74    00000026     libopenthread_rcp.a : ncp_base.o (.text._ZN2ot3Ncp7NcpBase17HandlePropertySetILj36EEE7otErrorv)
                  0000eb9a    00000026                         : ncp_base.o (.text._ZN2ot3Ncp7NcpBase17HandlePropertySetILj37EEE7otErrorv)
                  0000ebc0    00000026                         : ncp_base.o (.text._ZN2ot3Ncp7NcpBase17HandlePropertySetILj42EEE7otErrorv)
                  0000ebe6    00000026                         : ncp_base.o (.text._ZN2ot3Ncp7NcpBase38WritePropertyValueInsertedRemovedFrameEhjjPKht)
                  0000ec0c    00000026     libopenthread_radio.a : timer.o (.text._ZN2ot5Timer9Scheduler6RemoveERS0_RKNS1_8AlarmApiE)
                  0000ec32    00000026     libopenthread_rcp.a : spinel_buffer.o (.text._ZN2ot6Spinel6Buffer15InFrameFeedByteEh)
                  0000ec58    00000026                         : spinel_buffer.o (.text._ZN2ot6Spinel6Buffer18InFrameGetPositionERNS1_13WritePositionE)
                  0000ec7e    00000026                         : spinel_decoder.o (.text._ZN2ot6Spinel7Decoder8ReadBoolERb)
                  0000eca4    00000026     libopenthread_radio.a : mac_frame.o (.text._ZNK2ot3Mac5Frame15GetFrameCounterERj)
                  0000ecca    00000026     libopenthread_rcp.a : spinel_buffer.o (.text._ZNK2ot6Spinel6Buffer16GetUpdatedBufPtrEPhtNS1_9DirectionE)
                  0000ecf0    00000026     main.o (.text.main)
                  0000ed16    00000026     libopenthread_radio.a : crypto_platform.o (.text.otPlatCryptoAesEncrypt)
                  0000ed3c    00000024     ti_sysbios_config.o (.text.BIOS_removeRTSLock)
                  0000ed60    00000024     ti_drivers_config.o (.text.Board_init)
                  0000ed84    00000024     drivers_cc26x2.a : List.c.obj (.text.List_put)
                  0000eda8    00000024                      : PowerCC26X2_calibrateRCOSC_helpers.c.obj (.text.PowerCC26X2_writeCtrim)
                  0000edcc    00000024                      : PowerCC26X2_calibrateRCOSC_helpers.c.obj (.text.PowerCC26X2_writeCtrimFract)
                  0000edf0    00000024                      : PowerCC26X2_calibrateRCOSC_helpers.c.obj (.text.PowerCC26X2_writeCtrimFractEn)
                  0000ee14    00000024                      : PowerCC26X2_calibrateRCOSC_helpers.c.obj (.text.PowerCC26X2_writeRtrim)
                  0000ee38    00000024                      : PowerCC26X2.c.obj (.text.Power_registerNotify)
                  0000ee5c    00000024     rf_multiMode_cc26x2.a : RFCC26X2_multiMode.c.cc26x2.ticlang.o (.text.RF_clkPowerUp)
                  0000ee80    00000024                           : RFCC26X2_multiMode.c.cc26x2.ticlang.o (.text.RF_hwiCpe0ChangePhy)
                  0000eea4    00000024                           : RFCC26X2_multiMode.c.cc26x2.ticlang.o (.text.RF_isStateTransitionAllowed)
                  0000eec8    00000024                           : RFCC26X2_multiMode.c.cc26x2.ticlang.o (.text.RF_searchAndReplacePAOverride)
                  0000eeec    00000024     ti_sysbios_config.o (.text.SemaphoreP_createBinary)
                  0000ef10    00000024     libopenthread_radio.a : mac_types.o (.text._ZN2ot3Mac10ExtAddress11CopyAddressEPhPKhNS1_13CopyByteOrderE)
                  0000ef34    00000024     libopenthread_rcp.a : ncp_base.o (.text._ZN2ot3Ncp7NcpBase25ThreadErrorToSpinelStatusE7otError)
                  0000ef58    00000024                         : spinel_decoder.o (.text._ZN2ot6Spinel7Decoder10ReadUint64ERy)
                  0000ef7c    00000024                         : spinel_encoder.o (.text._ZN2ot6Spinel7Encoder28OverwriteWithLastStatusErrorEj)
                  0000efa0    00000024     aes_alt.o (.text.mbedtls_aes_free)
                  0000efc4    00000024     libopenthread_radio.a : link_raw_api.o (.text.otLinkRawSrcMatchAddExtEntry)
                  0000efe8    00000024                           : link_raw_api.o (.text.otLinkRawSrcMatchClearExtEntry)
                  0000f00c    00000024     drivers_cc26x2.a : NVSCC26XX.c.obj (.text.restoreFlashCache)
                  0000f030    00000024     ti_sysbios_config.o (.text.ti_sysbios_family_arm_m3_Hwi_construct)
                  0000f054    00000024     ti_sysbios_config.o (.text.ti_sysbios_knl_Mailbox_construct)
                  0000f078    00000024     ti_sysbios_config.o (.text.ti_sysbios_knl_Semaphore_create)
                  0000f09c    00000024     ti_sysbios_config.o (.text.ti_sysbios_knl_Semaphore_destruct)
                  0000f0c0    00000024     ti_sysbios_config.o (.text.ti_sysbios_knl_Task_enter)
                  0000f0e4    00000022     drivers_cc26x2.a : List.c.obj (.text.List_get)
                  0000f106    00000022     rf_multiMode_cc26x2.a : RFCC26X2_multiMode.c.cc26x2.ticlang.o (.text.RF_queueEnd)
                  0000f128    00000022     drivers_cc26x2.a : RingBuf.c.obj (.text.RingBuf_getPointer)
                  0000f14a    00000022                      : UART2CC26X2.c.obj (.text.UART2CC26X2_writeTimeout)
                  0000f16c    00000022                      : UART2.c.obj (.text.UART2_read)
                  0000f18e    00000022     libopenthread_rcp.a : spinel_encoder.o (.text._ZN2ot6Spinel7Encoder10BeginFrameEhjj)
                  0000f1b0    00000022     radio.o (.text.platformRadioProcessReceiveDone)
                  0000f1d2    00000002     libopenthread_radio.a : radio_platform.o (.text.otPlatRadioSetMacKey)
                  0000f1d4    00000020     rf_multiMode_cc26x2.a : rfc.c.cc26x2.ticlang.o (.text.NOROM_RFCDoorbellSendTo)
                  0000f1f4    00000020                           : rfc.c.cc26x2.ticlang.o (.text.NOROM_RFCOverrideSearch)
                  0000f214    00000020     drivers_cc26x2.a : NVSCC26XX.c.obj (.text.NVSCC26XX_getAttrs)
                  0000f234    00000020                      : PowerCC26X2_helpers.c.obj (.text.PowerCC26X2_disableTCXOQual)
                  0000f254    00000020                      : PowerCC26X2_helpers.c.obj (.text.PowerCC26X2_enableTCXOQual)
                  0000f274    00000020     ti_sysbios_config.o (.text.PowerCC26XX_schedulerRestore)
                  0000f294    00000020     drivers_cc26x2.a : PowerCC26X2.c.obj (.text.Power_unregisterNotify)
                  0000f2b4    00000020     rf_multiMode_cc26x2.a : RFCC26X2_multiMode.c.cc26x2.ticlang.o (.text.RF_cmdAlloc)
                  0000f2d4    00000020                           : RFCC26X2_multiMode.c.cc26x2.ticlang.o (.text.RF_invokeGlobalCallback)
                  0000f2f4    00000020                           : RFCC26X2_multiMode.c.cc26x2.ticlang.o (.text.RF_ratIsRunning)
                  0000f314    00000020                           : RFCC26X2_multiMode.c.cc26x2.ticlang.o (.text.RF_setTxPower)
                  0000f334    00000020     ti_sysbios_config.o (.text.SemaphoreP_constructBinary)
                  0000f354    00000020     libopenthread_radio.a : sub_mac.o (.text._ZN2ot3Mac6SubMac7ReceiveEh)
                  0000f374    00000020                           : link_raw.o (.text._ZN2ot3Mac7LinkRaw10EnergyScanEhtPFvP10otInstanceaE)
                  0000f394    00000020                           : link_raw.o (.text._ZN2ot3Mac7LinkRaw8TransmitEPFvP10otInstanceP12otRadioFrameS5_7otErrorE)
                  0000f3b4    00000020     libopenthread_rcp.a : ncp_base_radio.o (.text._ZN2ot3Ncp7NcpBase17HandlePropertySetILj4867EEE7otErrorv)
                  0000f3d4    00000020                         : ncp_base_radio.o (.text._ZN2ot3Ncp7NcpBase20HandlePropertyInsertILj4869EEE7otErrorv)
                  0000f3f4    00000020                         : ncp_base_dispatcher.o (.text._ZN2ot3Ncp7NcpBase22FindGetPropertyHandlerEj)
                  0000f414    00000020                         : ncp_base_dispatcher.o (.text._ZN2ot3Ncp7NcpBase22FindSetPropertyHandlerEj)
                  0000f434    00000020                         : ncp_base_dispatcher.o (.text._ZN2ot3Ncp7NcpBase25FindInsertPropertyHandlerEj)
                  0000f454    00000020                         : ncp_base_dispatcher.o (.text._ZN2ot3Ncp7NcpBase25FindRemovePropertyHandlerEj)
                  0000f474    00000020                         : spinel_buffer.o (.text._ZN2ot6Spinel6BufferC2EPht)
                  0000f494    00000020                         : spinel_decoder.o (.text._ZN2ot6Spinel7Decoder10ReadUint16ERt)
                  0000f4b4    00000020                         : spinel_encoder.o (.text._ZN2ot6Spinel7Encoder16WriteDataWithLenEPKht)
                  0000f4d4    00000020                         : spinel_encoder.o (.text._ZN2ot6Spinel7Encoder8EndFrameEv)
                  0000f4f4    00000020     libopenthread_radio.a : tasklet.o (.text._ZN2ot7Tasklet9Scheduler21ProcessQueuedTaskletsEv)
                  0000f514    00000020                           : mac_frame.o (.text._ZNK2ot3Mac5Frame12GetKeyIdModeERh)
                  0000f534    00000020                           : mac_frame.o (.text._ZNK2ot3Mac5Frame16GetSecurityLevelERh)
                  0000f554    00000020     aes_alt.o (.text.mbedtls_aes_setkey_enc)
[...]
0001129b  Alarm_handler                                                                                  
0001129f  ClockP_destruct                                                                                
000112a3  ClockP_getSystemTickPeriod                                                                     
000112a7  ClockP_getTimeout                                                                              
000112ab  ClockP_isActive                                                                                
000112af  ClockP_setTimeout                                                                              
000112b3  ClockP_start                                                                                   
000112b7  HwiP_destruct                                                                                  
000112bb  HwiP_enableInterrupt                                                                           
000112bf  NOROM_RFCOverrideUpdate                                                                        
000112c3  PowerCC26X2_oschfSwitchToRcosc                                                                 
000112c7  PowerCC26X2_sysCtrlIdle                                                                        
000112cb  PowerCC26X2_turnOnXosc                                                                         
000112cf  RF_defaultExecutionPolicy                                                                      
000112d3  ResetISR                                                                                       
000112d7  SemaphoreP_destruct                                                                            
000112db  SemaphoreP_post                                                                                
000112df  SwiP_destruct                                                                                  
000112e3  SwiP_or                                                                                        
000112e7  SwiP_restore                                                                                   
000112eb  TRNG_generateEntropy                                                                           
000112ef  _ZN2ot12FactoryDiags5Diags9IsEnabledEv                                                         
000112f3  _ZN2ot3Ncp7NcpBase17HandlePropertySetILj7EEE7otErrorv                                          
000112f7  _ZN2ot3Ncp7NcpBase31HandleFrameRemovedFromNcpBufferEPvPKvNS_6Spinel6Buffer8PriorityEPS6_       
000112fb  _ZN2ot3Ncp7NcpHdlc11HandleFrameEPv7otError                                                     
000112ff  _ZN2ot3Ncp7NcpHdlc27HandleFrameAddedToNcpBufferEPvPKvNS_6Spinel6Buffer8PriorityEPS6_           
00011303  _ZN2ot6Crypto6AesEcb6SetKeyERKNS0_3KeyE                                                        
00011307  _ZN2ot6Crypto6AesEcb7EncryptEPKhPh                                                             
0001130b  _ZN2ot8Encoding12LittleEndian10ReadUint32EPKh                                                  
0001130f  _ZN2ot8Instance5ResetEv                                                                        
00011313  _ZNK2ot3Ncp15ChangedPropsSet13GetNumEntriesEv                                                  
00011317  _ZNK2ot6Spinel6Buffer17InFrameGetLastTagEv                                                     
0001131b  _system_post_cinit                                                                             
0001131f  _system_pre_init                                                                               
0001132b  otInstanceInitSingle                                                                           
0001132f  otInstanceIsInitialized                                                                        
00011333  otInstanceReset                                                                                
00011337  otInstanceResetRadioStack                                                                      
0001133b  otLinkGetChannel                                                                               
0001133f  otLinkGetExtendedAddress                                                                       
00011343  otLinkGetFactoryAssignedIeeeEui64                                                              
00011347  otLinkGetPanId                                                                                 
0001134b  otLinkGetShortAddress                                                                          
0001134f  otLinkRawGetRadioTime                                                                          
00011353  otLinkRawGetTransmitBuffer                                                                     
00011357  otLoggingGetLevel                                                                              
0001135b  otPlatDiagAlarmFired                                                                           
0001135f  otPlatRadioGetCaps                                                                             
00011363  otPlatRadioGetCcaEnergyDetectThreshold                                                         
00011367  otPlatRadioGetFemLnaGain                                                                       
0001136b  otPlatRadioGetPreferredChannelMask                                                             
0001136f  otPlatRadioGetRegion                                                                           
00011373  otPlatRadioSetCcaEnergyDetectThreshold                                                         
00011377  otPlatRadioSetChannelMaxTransmitPower                                                          
0001137b  otPlatRadioSetFemLnaGain                                                                       
0001137f  otPlatRadioSetRegion                                                                           
00011383  otPlatUartReceived                                                                             
00011387  otPlatUartSendDone                                                                             
0001138b  pthread_attr_destroy                                                                           
0001138f  ti_sysbios_heaps_HeapMem_isBlocking                                                            
00011395  __aeabi_memcpy                                                                                 
00011395  __aeabi_memcpy4                                                                                
00011395  __aeabi_memcpy8                                                                                
00011399  __aeabi_memmove                                                                                
00011399  __aeabi_memmove4                                                                               
00011399  __aeabi_memmove8                                                                               
00011f94  _ZN2ot3Ncp15ChangedPropsSet15mSupportedPropsE                                                  
00012379  GPIO_pinLowerBound                                                                             
0001237a  GPIO_pinUpperBound                                                                             
0001237b  NVS_count                                                                                      
00012484  NVS_config                                                                                     
00012490  __aeabi_ctype_table_                                                                           
00012490  __aeabi_ctype_table_C                                                                          
000127b6  TemperatureCC26X2_config                                                                       
000127b7  UART2_count                                                                                    
0001282c  _ZN2ot6Spinel6Buffer11kInvalidTagE                                                             
00012954  resourceDB                                                                                     
000129a8  RF_cmdIeeeRx                                                                                   
000129e8  _ZN2ot12FactoryDiags5Diags9sCommandsE                                                          
00012a58  NVSCC26XX_fxnTable                                                                             
00012a80  UART2_defaultParams                                                                            
00012b32  aesecbCC26XXHWAttrs                                                                            
00012b34  RF_cmdIeeeCsma                                                                                 
00012b94  RF_cmdTxTest                                                                                   
00012be8  RF_cmdIeeeEdScan                                                                               
00012c00  RF_cmdIeeeTx                                                                                   
00012c18  RF_cmdRadioSetup                                                                               
00012c70  PowerCC26X2_config                                                                             
00012c84  RF_cmdIeeeRxAck                                                                                
00012c98  TRNG_defaultParams                                                                             
00012cc0  AESECB_defaultParams                                                                           
00012cd0  GPIO_config                                                                                    
00012cf0  OtStack_procQueueName                                                                          
00012d00  RFCC26XX_hwAttrs                                                                               
00012d0c  _ZN2ot10TimerMilli9Scheduler14sAlarmMilliApiE                                                  
00012d5c  AESECB_config                                                                                  
00012d64  TRNG_config                                                                                    
00012d6c  UART2_config                                                                                   
00012d74  UDMACC26XX_config                                                                              
00012d94  ti_sysbios_knl_Idle_funcList                                                                   
00012d9c  udmaCC26XXHWAttrs                                                                              
00012dc4  ti_sysbios_family_arm_m3_Hwi_swiTaskKeyAddress                                                 
00012dc8  __c_args__                                                                                     
00012f10  __TI_Handler_Table_Base                                                                        
00012f1c  __TI_Handler_Table_Limit                                                                       
00012f54  __TI_CINIT_Base                                                                                
00012f94  .ARM.exidx$$Base                                                                               
00012f94  __TI_CINIT_Limit                                                                               
00012f94  __TI_CINIT_Warm                                                                                
00012f94  __TI_UNWIND_TABLE_START                                                                        
00012f9c  .ARM.exidx$$Limit                                                                              
00012f9c  __TI_UNWIND_TABLE_END                                                                          
00057fa8  __ccfg                                                                                         
20000000  __start___llvm_prf_bits                                                                        
20000000  __start___llvm_prf_cnts                                                                        
20000000  __stop___llvm_prf_bits                                                                         
20000000  __stop___llvm_prf_cnts                                                                         
20000000  ti_sysbios_family_arm_m3_Hwi_ramVectors                                                        
200000d8  PowerCC26X2_module                                                                             
2000024c  gpioPinConfigs                                                                                 
20000480  BIOS_Module_state                                                                              
200004ac  ti_sysbios_family_arm_m3_Hwi_Module_state                                                      
200004e8  ti_sysbios_runtime_Startup_done                                                                
200004eb  ti_sysbios_knl_Idle_initDone                                                                   
200004ec  ti_sysbios_runtime_Memory_defaultHeapInstance                                                  
20000504  ti_sysbios_runtime_Error_ignore                                                                
20000510  ti_sysbios_family_arm_cc26xx_Timer_Module_state                                                
2000051c  ti_sysbios_runtime_System_Module_state                                                         
20000528  ti_sysbios_knl_Swi_Module_state                                                                
20000550  ti_sysbios_knl_Clock_Module_state                                                              
20000674  txPowerTable_2400_pa5                                                                          
200006c4  ti_sysbios_knl_Task_Module_state                                                               
200007d8  RF_prop                                                                                        
200007e8  _hposcCoeffs                                                                                   
200007f8  pOverrides                                                                                     
2000081c  _ZN2ot6Random7Manager10sInitCountE                                                             
20000820  _ZN2ot6Random7Manager5sPrngE                                                                   
2000082c  RFCC26XX_schedulerPolicy                                                                       
2000083c  ti_sysbios_gates_GateMutex_Module_state                                                        
20000844  ti_sysbios_heaps_HeapMem_Module_state                                                          
2000084c  ti_sysbios_knl_Mailbox_Module_state                                                            
20000854  ti_sysbios_knl_Semaphore_Module_state                                                          
20000870  _ZN2ot3Ncp7NcpBase12sNcpInstanceE                                                              
20000874  __aeabi_errno                                                                                  
20000878  _lock                                                                                          
2000087c  _unlock                                                                                        
20005488  ti_sysbios_knl_Idle_taskStack                                                                  
20005688  uart2CC26X2Objects                                                                             
20005980  ti_sysbios_family_arm_m3_Hwi_dispatchTable                                                     
20005ca8  _ZN2ot12gInstanceRawE                                                                          
20005d38  trngCC26XXObjects                                                                              
20005e3b  nvsCC26XXObjects                                                                               
20005e3c  gpioCallbackFunctions                                                                          
20005eb8  gpioUserArgs                                                                                   
20005fa0  ti_sysbios_knl_ClockSupport_timerStruct                                                        
20006058  ti_sysbios_knl_Idle_taskStruct                                                                 
200060b0  CryptoResourceCC26XX_accessSemaphore                                                           
20006100  CryptoResourceCC26XX_operationSemaphore                                                        
20006150  PKAResourceCC26XX_accessSemaphore                                                              
200061a0  PKAResourceCC26XX_operationSemaphore                                                           
200062b4  ti_sysbios_knl_Swi_readyQs                                                                     
200062e4  ti_sysbios_knl_Task_readyQs                                                                    
20006314  BIOS_heapMemObject                                                                             
20006368  BIOS_rtsGate                                                                                   
20006390  aesecbCC26XXObjects                                                                            
200063b8  ti_sysbios_heaps_HeapMem_gate                                                                  
20006444  ti_sysbios_runtime_System_atexitHandlers                                                       
20006464  udmaCC26XXObject                                                                               
200064f4  CryptoResourceCC26XX_hwi                                                                       
20006510  PKAResourceCC26XX_hwi                                                                          
2000652c  ti_sysbios_hal_Seconds_Module_state                                                            
2000655c  PowerCC26XX_swiKey                                                                             
20006560  PowerCC26XX_taskKey                                                                            
20006564  TRNG_handle                                                                                    
20006568  ti_sysbios_family_arm_cc26xx_TimestampProvider_Module_state                                    
2000656c  ti_sysbios_knl_Task_defaultStackHeap                                                           
20006570  __primary_heap_start__                                                                         
2000a570  __primary_heap_end__                                                                           
20013c00  __stack                                                                                        
20014000  __STACK_END                                                                                    
ffffffff  __TI_pprof_out_hndl                                                                            
ffffffff  __TI_prof_data_size                                                                            
ffffffff  __TI_prof_data_start                                                                           
ffffffff  __binit__                                                                                      
ffffffff  binit                                                                                          
UNDEFED   ITM_flush                                                                                      
UNDEFED   ITM_restore                                                                                    
UNDEFED   __mpu_init                                                                                     

[1082 symbols]
